Archive member included because of file (symbol)

C:\libpololu-avr\libpololu_atmega1284p.a(OrangutanLCD.o)
                              DASCH_Plate_Cleaner_Rev2.o (OrangutanLCD::gotoXY(unsigned char, unsigned char))
C:\libpololu-avr\libpololu_atmega1284p.a(OrangutanTime.o)
                              DASCH_Plate_Cleaner_Rev2.o (OrangutanTime::delayMilliseconds(unsigned int))
c:/winavr-20100110/bin/../lib/gcc/avr/4.3.3/avr51\libgcc.a(_mulsi3.o)
                              C:\libpololu-avr\libpololu_atmega1284p.a(OrangutanLCD.o) (__mulsi3)
c:/winavr-20100110/bin/../lib/gcc/avr/4.3.3/avr51\libgcc.a(_divmodhi4.o)
                              DASCH_Plate_Cleaner_Rev2.o (__divmodhi4)
c:/winavr-20100110/bin/../lib/gcc/avr/4.3.3/avr51\libgcc.a(_udivmodsi4.o)
                              C:\libpololu-avr\libpololu_atmega1284p.a(OrangutanLCD.o) (__udivmodsi4)
c:/winavr-20100110/bin/../lib/gcc/avr/4.3.3/avr51\libgcc.a(_prologue.o)
                              C:\libpololu-avr\libpololu_atmega1284p.a(OrangutanLCD.o) (__prologue_saves__)
c:/winavr-20100110/bin/../lib/gcc/avr/4.3.3/avr51\libgcc.a(_epilogue.o)
                              C:\libpololu-avr\libpololu_atmega1284p.a(OrangutanLCD.o) (__epilogue_restores__)
c:/winavr-20100110/bin/../lib/gcc/avr/4.3.3/avr51\libgcc.a(_exit.o)
                              c:/winavr-20100110/bin/../lib/gcc/avr/4.3.3/../../../../avr/lib/avr51/crtm1284p.o (exit)
c:/winavr-20100110/bin/../lib/gcc/avr/4.3.3/avr51\libgcc.a(_clear_bss.o)
                              DASCH_Plate_Cleaner_Rev2.o (__do_clear_bss)
c:/winavr-20100110/bin/../lib/gcc/avr/4.3.3/avr51\libgcc.a(_udivmodhi4.o)
                              c:/winavr-20100110/bin/../lib/gcc/avr/4.3.3/avr51\libgcc.a(_divmodhi4.o) (__udivmodhi4)
c:/winavr-20100110/bin/../lib/gcc/avr/4.3.3/../../../../avr/lib/avr51\libc.a(malloc.o)
                              DASCH_Plate_Cleaner_Rev2.o (malloc)
c:/winavr-20100110/bin/../lib/gcc/avr/4.3.3/../../../../avr/lib/avr51\libc.a(fdevopen.o)
                              C:\libpololu-avr\libpololu_atmega1284p.a(OrangutanLCD.o) (fdevopen)
c:/winavr-20100110/bin/../lib/gcc/avr/4.3.3/../../../../avr/lib/avr51\libc.a(iob.o)
                              c:/winavr-20100110/bin/../lib/gcc/avr/4.3.3/../../../../avr/lib/avr51\libc.a(fdevopen.o) (__iob)
c:/winavr-20100110/bin/../lib/gcc/avr/4.3.3/../../../../avr/lib/avr51\libc.a(calloc.o)
                              c:/winavr-20100110/bin/../lib/gcc/avr/4.3.3/../../../../avr/lib/avr51\libc.a(fdevopen.o) (calloc)
c:/winavr-20100110/bin/../lib/gcc/avr/4.3.3/../../../../avr/lib/avr51\libc.a(memset.o)
                              c:/winavr-20100110/bin/../lib/gcc/avr/4.3.3/../../../../avr/lib/avr51\libc.a(calloc.o) (memset)

Allocating common symbols
Common symbol       size              file

__brkval            0x2               c:/winavr-20100110/bin/../lib/gcc/avr/4.3.3/../../../../avr/lib/avr51\libc.a(malloc.o)
__flp               0x2               c:/winavr-20100110/bin/../lib/gcc/avr/4.3.3/../../../../avr/lib/avr51\libc.a(malloc.o)
__iob               0x6               c:/winavr-20100110/bin/../lib/gcc/avr/4.3.3/../../../../avr/lib/avr51\libc.a(iob.o)

Memory Configuration

Name             Origin             Length             Attributes
text             0x00000000         0x00020000         xr
data             0x00800060         0x0000ffa0         rw !x
eeprom           0x00810000         0x00010000         rw !x
fuse             0x00820000         0x00000400         rw !x
lock             0x00830000         0x00000400         rw !x
signature        0x00840000         0x00000400         rw !x
*default*        0x00000000         0xffffffff

Linker script and memory map

Address of section .data set to 0x800100
LOAD c:/winavr-20100110/bin/../lib/gcc/avr/4.3.3/../../../../avr/lib/avr51/crtm1284p.o
LOAD DASCH_Plate_Cleaner_Rev2.o
LOAD twimaster.o
LOAD C:\libpololu-avr\libpololu_atmega1284p.a
LOAD c:/winavr-20100110/bin/../lib/gcc/avr/4.3.3/avr51\libgcc.a
LOAD c:/winavr-20100110/bin/../lib/gcc/avr/4.3.3/../../../../avr/lib/avr51\libm.a
LOAD c:/winavr-20100110/bin/../lib/gcc/avr/4.3.3/avr51\libgcc.a
LOAD c:/winavr-20100110/bin/../lib/gcc/avr/4.3.3/../../../../avr/lib/avr51\libc.a
LOAD c:/winavr-20100110/bin/../lib/gcc/avr/4.3.3/avr51\libgcc.a

.hash
 *(.hash)

.dynsym
 *(.dynsym)

.dynstr
 *(.dynstr)

.gnu.version
 *(.gnu.version)

.gnu.version_d
 *(.gnu.version_d)

.gnu.version_r
 *(.gnu.version_r)

.rel.init
 *(.rel.init)

.rela.init
 *(.rela.init)

.rel.text
 *(.rel.text)
 *(.rel.text.*)
 *(.rel.gnu.linkonce.t*)

.rela.text
 *(.rela.text)
 *(.rela.text.*)
 *(.rela.gnu.linkonce.t*)

.rel.fini
 *(.rel.fini)

.rela.fini
 *(.rela.fini)

.rel.rodata
 *(.rel.rodata)
 *(.rel.rodata.*)
 *(.rel.gnu.linkonce.r*)

.rela.rodata
 *(.rela.rodata)
 *(.rela.rodata.*)
 *(.rela.gnu.linkonce.r*)

.rel.data
 *(.rel.data)
 *(.rel.data.*)
 *(.rel.gnu.linkonce.d*)

.rela.data
 *(.rela.data)
 *(.rela.data.*)
 *(.rela.gnu.linkonce.d*)

.rel.ctors
 *(.rel.ctors)

.rela.ctors
 *(.rela.ctors)

.rel.dtors
 *(.rel.dtors)

.rela.dtors
 *(.rela.dtors)

.rel.got
 *(.rel.got)

.rela.got
 *(.rela.got)

.rel.bss
 *(.rel.bss)

.rela.bss
 *(.rela.bss)

.rel.plt
 *(.rel.plt)

.rela.plt
 *(.rela.plt)

.text           0x00000000     0x4298
 *(.vectors)
 .vectors       0x00000000       0x8c c:/winavr-20100110/bin/../lib/gcc/avr/4.3.3/../../../../avr/lib/avr51/crtm1284p.o
                0x00000000                __vectors
                0x00000000                __vector_default
 *(.vectors)
 *(.progmem.gcc*)
 .progmem.gcc_sw_table
                0x0000008c      0x17c DASCH_Plate_Cleaner_Rev2.o
 *(.progmem*)
                0x00000208                . = ALIGN (0x2)
                0x00000208                __trampolines_start = .
 *(.trampolines)
 .trampolines   0x00000208        0x0 linker stubs
 *(.trampolines*)
                0x00000208                __trampolines_end = .
 *(.jumptables)
 *(.jumptables*)
 *(.lowtext)
 *(.lowtext*)
                0x00000208                __ctors_start = .
 *(.ctors)
                0x00000208                __ctors_end = .
                0x00000208                __dtors_start = .
 *(.dtors)
                0x00000208                __dtors_end = .
 SORT(*)(.ctors)
 SORT(*)(.dtors)
 *(.init0)
 .init0         0x00000208        0x0 c:/winavr-20100110/bin/../lib/gcc/avr/4.3.3/../../../../avr/lib/avr51/crtm1284p.o
                0x00000208                __init
 *(.init0)
 *(.init1)
 *(.init1)
 *(.init2)
 .init2         0x00000208        0xc c:/winavr-20100110/bin/../lib/gcc/avr/4.3.3/../../../../avr/lib/avr51/crtm1284p.o
 *(.init2)
 *(.init3)
 *(.init3)
 *(.init4)
 .init4         0x00000214       0x1a c:/winavr-20100110/bin/../lib/gcc/avr/4.3.3/../../../../avr/lib/avr51/crtm1284p.o
                0x00000214                __do_copy_data
 .init4         0x0000022e       0x10 c:/winavr-20100110/bin/../lib/gcc/avr/4.3.3/avr51\libgcc.a(_clear_bss.o)
                0x0000022e                __do_clear_bss
 *(.init4)
 *(.init5)
 *(.init5)
 *(.init6)
 *(.init6)
 *(.init7)
 *(.init7)
 *(.init8)
 *(.init8)
 *(.init9)
 .init9         0x0000023e        0x8 c:/winavr-20100110/bin/../lib/gcc/avr/4.3.3/../../../../avr/lib/avr51/crtm1284p.o
 *(.init9)
 *(.text)
 .text          0x00000246        0x4 c:/winavr-20100110/bin/../lib/gcc/avr/4.3.3/../../../../avr/lib/avr51/crtm1284p.o
                0x00000246                __vector_22
                0x00000246                __vector_28
                0x00000246                __vector_1
                0x00000246                __vector_32
                0x00000246                __vector_34
                0x00000246                __vector_24
                0x00000246                __vector_12
                0x00000246                __bad_interrupt
                0x00000246                __vector_6
                0x00000246                __vector_31
                0x00000246                __vector_3
                0x00000246                __vector_23
                0x00000246                __vector_30
                0x00000246                __vector_25
                0x00000246                __vector_13
                0x00000246                __vector_17
                0x00000246                __vector_19
                0x00000246                __vector_7
                0x00000246                __vector_27
                0x00000246                __vector_5
                0x00000246                __vector_33
                0x00000246                __vector_4
                0x00000246                __vector_9
                0x00000246                __vector_2
                0x00000246                __vector_21
                0x00000246                __vector_15
                0x00000246                __vector_29
                0x00000246                __vector_8
                0x00000246                __vector_26
                0x00000246                __vector_14
                0x00000246                __vector_10
                0x00000246                __vector_16
                0x00000246                __vector_18
                0x00000246                __vector_20
 .text          0x0000024a     0x3062 DASCH_Plate_Cleaner_Rev2.o
                0x000002f8                button_debounce(int, int*)
                0x000032a0                operator delete(void*)
                0x000002f6                __cxa_pure_virtual
                0x00000524                main
                0x000002ec                __cxa_guard_release
                0x000002f4                __cxa_guard_abort
                0x000003b6                motor_and_write(int, int, int, int, int, int, int, int, int, int, int, int, int, int, int, int, int, int)
                0x000032a6                operator new(unsigned int)
                0x0000024a                OrangutanDigital::isInputHigh(unsigned char)
                0x000002d8                __cxa_guard_acquire
 .text          0x000032ac      0x10a twimaster.o
                0x0000338e                i2c_readAck()
                0x0000336a                i2c_write(unsigned char)
                0x00003354                i2c_rep_start(unsigned char)
                0x000032b8                i2c_start(unsigned char)
                0x00003304                i2c_start_wait(unsigned char)
                0x0000335a                i2c_stop()
                0x000032ac                i2c_init()
                0x000033a2                i2c_readNak()
 .text          0x000033b6        0x0 C:\libpololu-avr\libpololu_atmega1284p.a(OrangutanLCD.o)
 .text          0x000033b6        0x0 C:\libpololu-avr\libpololu_atmega1284p.a(OrangutanTime.o)
 .text          0x000033b6        0x0 c:/winavr-20100110/bin/../lib/gcc/avr/4.3.3/avr51\libgcc.a(_mulsi3.o)
 .text          0x000033b6        0x0 c:/winavr-20100110/bin/../lib/gcc/avr/4.3.3/avr51\libgcc.a(_divmodhi4.o)
 .text          0x000033b6        0x0 c:/winavr-20100110/bin/../lib/gcc/avr/4.3.3/avr51\libgcc.a(_udivmodsi4.o)
 .text          0x000033b6        0x0 c:/winavr-20100110/bin/../lib/gcc/avr/4.3.3/avr51\libgcc.a(_prologue.o)
 .text          0x000033b6        0x0 c:/winavr-20100110/bin/../lib/gcc/avr/4.3.3/avr51\libgcc.a(_epilogue.o)
 .text          0x000033b6        0x0 c:/winavr-20100110/bin/../lib/gcc/avr/4.3.3/avr51\libgcc.a(_exit.o)
 .text          0x000033b6        0x0 c:/winavr-20100110/bin/../lib/gcc/avr/4.3.3/avr51\libgcc.a(_clear_bss.o)
 .text          0x000033b6        0x0 c:/winavr-20100110/bin/../lib/gcc/avr/4.3.3/avr51\libgcc.a(_udivmodhi4.o)
 .text          0x000033b6        0x0 c:/winavr-20100110/bin/../lib/gcc/avr/4.3.3/../../../../avr/lib/avr51\libc.a(malloc.o)
 .text          0x000033b6        0x0 c:/winavr-20100110/bin/../lib/gcc/avr/4.3.3/../../../../avr/lib/avr51\libc.a(fdevopen.o)
 .text          0x000033b6        0x0 c:/winavr-20100110/bin/../lib/gcc/avr/4.3.3/../../../../avr/lib/avr51\libc.a(iob.o)
 .text          0x000033b6        0x0 c:/winavr-20100110/bin/../lib/gcc/avr/4.3.3/../../../../avr/lib/avr51\libc.a(calloc.o)
 .text          0x000033b6        0x0 c:/winavr-20100110/bin/../lib/gcc/avr/4.3.3/../../../../avr/lib/avr51\libc.a(memset.o)
                0x000033b6                . = ALIGN (0x2)
 *(.text.*)
 .text._ZN12OrangutanLCDC2Ev
                0x000033b6        0x2 C:\libpololu-avr\libpololu_atmega1284p.a(OrangutanLCD.o)
                0x000033b6                OrangutanLCD::OrangutanLCD()
 .text._ZN12OrangutanLCDC1Ev
                0x000033b8        0x2 C:\libpololu-avr\libpololu_atmega1284p.a(OrangutanLCD.o)
                0x000033b8                OrangutanLCD::OrangutanLCD()
 .text.void_getchar
                0x000033ba        0x6 C:\libpololu-avr\libpololu_atmega1284p.a(OrangutanLCD.o)
                0x000033ba                void_getchar
 .text._ZN12OrangutanLCD8busyWaitEv
                0x000033c0       0xca C:\libpololu-avr\libpololu_atmega1284p.a(OrangutanLCD.o)
                0x000033c0                OrangutanLCD::busyWait()
 .text._ZN12OrangutanLCD8sendDataEh
                0x0000348a       0x3e C:\libpololu-avr\libpololu_atmega1284p.a(OrangutanLCD.o)
                0x0000348a                OrangutanLCD::sendData(unsigned char)
 .text._ZN12OrangutanLCD10initPrintfEv
                0x000034c8       0x8a C:\libpololu-avr\libpololu_atmega1284p.a(OrangutanLCD.o)
                0x000034c8                OrangutanLCD::initPrintf()
 .text._ZN12OrangutanLCD10initPrintfEhh
                0x00003552        0xe C:\libpololu-avr\libpololu_atmega1284p.a(OrangutanLCD.o)
                0x00003552                OrangutanLCD::initPrintf(unsigned char, unsigned char)
 .text.lcd_init_printf_with_dimensions
                0x00003560        0xe C:\libpololu-avr\libpololu_atmega1284p.a(OrangutanLCD.o)
                0x00003560                lcd_init_printf_with_dimensions
 .text.lcd_init_printf
                0x0000356e        0x6 C:\libpololu-avr\libpololu_atmega1284p.a(OrangutanLCD.o)
                0x0000356e                lcd_init_printf
 .text._ZN12OrangutanLCD5init2Ev
                0x00003574       0x82 C:\libpololu-avr\libpololu_atmega1284p.a(OrangutanLCD.o)
                0x00003574                OrangutanLCD::init2()
 .text._ZN12OrangutanLCD4initEv
                0x000035f6       0x14 C:\libpololu-avr\libpololu_atmega1284p.a(OrangutanLCD.o)
                0x000035f6                OrangutanLCD::init()
 .text._ZN12OrangutanLCD4sendEhhh
                0x0000360a       0xa8 C:\libpololu-avr\libpololu_atmega1284p.a(OrangutanLCD.o)
                0x0000360a                OrangutanLCD::send(unsigned char, unsigned char, unsigned char)
 .text._ZN12OrangutanLCD8send_cmdEh
                0x000036b2        0xa C:\libpololu-avr\libpololu_atmega1284p.a(OrangutanLCD.o)
                0x000036b2                OrangutanLCD::send_cmd(unsigned char)
 .text._ZN12OrangutanLCD10moveCursorEhh
                0x000036bc       0x24 C:\libpololu-avr\libpololu_atmega1284p.a(OrangutanLCD.o)
                0x000036bc                OrangutanLCD::moveCursor(unsigned char, unsigned char)
 .text.lcd_move_cursor
                0x000036e0        0x6 C:\libpololu-avr\libpololu_atmega1284p.a(OrangutanLCD.o)
                0x000036e0                lcd_move_cursor
 .text._ZN12OrangutanLCD10hideCursorEv
                0x000036e6        0x8 C:\libpololu-avr\libpololu_atmega1284p.a(OrangutanLCD.o)
                0x000036e6                OrangutanLCD::hideCursor()
 .text.lcd_hide_cursor
                0x000036ee        0x6 C:\libpololu-avr\libpololu_atmega1284p.a(OrangutanLCD.o)
                0x000036ee                lcd_hide_cursor
 .text._ZN12OrangutanLCD10showCursorEh
                0x000036f4       0x10 C:\libpololu-avr\libpololu_atmega1284p.a(OrangutanLCD.o)
                0x000036f4                OrangutanLCD::showCursor(unsigned char)
 .text.lcd_show_cursor
                0x00003704        0x6 C:\libpololu-avr\libpololu_atmega1284p.a(OrangutanLCD.o)
                0x00003704                lcd_show_cursor
 .text._ZN12OrangutanLCD6gotoXYEhh
                0x0000370a       0x3e C:\libpololu-avr\libpololu_atmega1284p.a(OrangutanLCD.o)
                0x0000370a                OrangutanLCD::gotoXY(unsigned char, unsigned char)
 .text.lcd_goto_xy
                0x00003748        0x6 C:\libpololu-avr\libpololu_atmega1284p.a(OrangutanLCD.o)
                0x00003748                lcd_goto_xy
 .text._ZN12OrangutanLCD5clearEv
                0x0000374e       0x5a C:\libpololu-avr\libpololu_atmega1284p.a(OrangutanLCD.o)
                0x0000374e                OrangutanLCD::clear()
 .text.clear    0x000037a8        0x6 C:\libpololu-avr\libpololu_atmega1284p.a(OrangutanLCD.o)
                0x000037a8                clear
 .text._ZN12OrangutanLCD9send_dataEh
                0x000037ae        0xa C:\libpololu-avr\libpololu_atmega1284p.a(OrangutanLCD.o)
                0x000037ae                OrangutanLCD::send_data(unsigned char)
 .text._ZN12OrangutanLCD11printBinaryEh
                0x000037b8       0x3a C:\libpololu-avr\libpololu_atmega1284p.a(OrangutanLCD.o)
                0x000037b8                OrangutanLCD::printBinary(unsigned char)
 .text.print_binary
                0x000037f2        0x6 C:\libpololu-avr\libpololu_atmega1284p.a(OrangutanLCD.o)
                0x000037f2                print_binary
 .text._ZN12OrangutanLCD14printHexNibbleEh
                0x000037f8       0x10 C:\libpololu-avr\libpololu_atmega1284p.a(OrangutanLCD.o)
                0x000037f8                OrangutanLCD::printHexNibble(unsigned char)
 .text._ZN12OrangutanLCD8printHexEh
                0x00003808       0x18 C:\libpololu-avr\libpololu_atmega1284p.a(OrangutanLCD.o)
                0x00003808                OrangutanLCD::printHex(unsigned char)
 .text._ZN12OrangutanLCD8printHexEj
                0x00003820       0x14 C:\libpololu-avr\libpololu_atmega1284p.a(OrangutanLCD.o)
                0x00003820                OrangutanLCD::printHex(unsigned int)
 .text.print_hex
                0x00003834        0x6 C:\libpololu-avr\libpololu_atmega1284p.a(OrangutanLCD.o)
                0x00003834                print_hex
 .text.print_hex_byte
                0x0000383a        0x6 C:\libpololu-avr\libpololu_atmega1284p.a(OrangutanLCD.o)
                0x0000383a                print_hex_byte
 .text._ZN12OrangutanLCD5printEm
                0x00003840       0xc0 C:\libpololu-avr\libpololu_atmega1284p.a(OrangutanLCD.o)
                0x00003840                OrangutanLCD::print(unsigned long)
 .text.print_unsigned_long
                0x00003900        0x6 C:\libpololu-avr\libpololu_atmega1284p.a(OrangutanLCD.o)
                0x00003900                print_unsigned_long
 .text._ZN12OrangutanLCD5printEl
                0x00003906       0x38 C:\libpololu-avr\libpololu_atmega1284p.a(OrangutanLCD.o)
                0x00003906                OrangutanLCD::print(long)
 .text.print_long
                0x0000393e        0x6 C:\libpololu-avr\libpololu_atmega1284p.a(OrangutanLCD.o)
                0x0000393e                print_long
 .text._ZN12OrangutanLCD21printFromProgramSpaceEPKc
                0x00003944       0x1c C:\libpololu-avr\libpololu_atmega1284p.a(OrangutanLCD.o)
                0x00003944                OrangutanLCD::printFromProgramSpace(char const*)
 .text.print_from_program_space
                0x00003960        0x6 C:\libpololu-avr\libpololu_atmega1284p.a(OrangutanLCD.o)
                0x00003960                print_from_program_space
 .text._ZN12OrangutanLCD5printEPKc
                0x00003966       0x1a C:\libpololu-avr\libpololu_atmega1284p.a(OrangutanLCD.o)
                0x00003966                OrangutanLCD::print(char const*)
 .text.print    0x00003980        0x6 C:\libpololu-avr\libpololu_atmega1284p.a(OrangutanLCD.o)
                0x00003980                print
 .text._ZN12OrangutanLCD5printEc
                0x00003986        0x6 C:\libpololu-avr\libpololu_atmega1284p.a(OrangutanLCD.o)
                0x00003986                OrangutanLCD::print(char)
 .text.print_character
                0x0000398c        0x6 C:\libpololu-avr\libpololu_atmega1284p.a(OrangutanLCD.o)
                0x0000398c                print_character
 .text.lcd_putchar
                0x00003992      0x23a C:\libpololu-avr\libpololu_atmega1284p.a(OrangutanLCD.o)
                0x00003992                lcd_putchar
 .text._ZN12OrangutanLCD19loadCustomCharacterEPKch
                0x00003bcc       0x4c C:\libpololu-avr\libpololu_atmega1284p.a(OrangutanLCD.o)
                0x00003bcc                OrangutanLCD::loadCustomCharacter(char const*, unsigned char)
 .text.lcd_load_custom_character
                0x00003c18        0x6 C:\libpololu-avr\libpololu_atmega1284p.a(OrangutanLCD.o)
                0x00003c18                lcd_load_custom_character
 .text._ZN12OrangutanLCD13send_4bit_cmdEh
                0x00003c1e        0xa C:\libpololu-avr\libpololu_atmega1284p.a(OrangutanLCD.o)
                0x00003c1e                OrangutanLCD::send_4bit_cmd(unsigned char)
 .text._ZN12OrangutanLCD6scrollEhhj
                0x00003c28       0x34 C:\libpololu-avr\libpololu_atmega1284p.a(OrangutanLCD.o)
                0x00003c28                OrangutanLCD::scroll(unsigned char, unsigned char, unsigned int)
 .text.lcd_scroll
                0x00003c5c        0x6 C:\libpololu-avr\libpololu_atmega1284p.a(OrangutanLCD.o)
                0x00003c5c                lcd_scroll
 .text.__vector_11
                0x00003c62       0x74 C:\libpololu-avr\libpololu_atmega1284p.a(OrangutanTime.o)
                0x00003c62                __vector_11
 .text.ticks_to_microseconds
                0x00003cd6       0x22 C:\libpololu-avr\libpololu_atmega1284p.a(OrangutanTime.o)
                0x00003cd6                ticks_to_microseconds
 .text.delay_ms
                0x00003cf8       0x1e C:\libpololu-avr\libpololu_atmega1284p.a(OrangutanTime.o)
                0x00003cf8                delay_ms
 .text._ZN13OrangutanTime19ticksToMicrosecondsEm
                0x00003d16       0x22 C:\libpololu-avr\libpololu_atmega1284p.a(OrangutanTime.o)
                0x00003d16                OrangutanTime::ticksToMicroseconds(unsigned long)
 .text._ZN13OrangutanTime17delayMillisecondsEj
                0x00003d38       0x1e C:\libpololu-avr\libpololu_atmega1284p.a(OrangutanTime.o)
                0x00003d38                OrangutanTime::delayMilliseconds(unsigned int)
 .text._ZN13OrangutanTime5init2Ev
                0x00003d56       0x30 C:\libpololu-avr\libpololu_atmega1284p.a(OrangutanTime.o)
                0x00003d56                OrangutanTime::init2()
 .text._ZN13OrangutanTime4initEv
                0x00003d86       0x14 C:\libpololu-avr\libpololu_atmega1284p.a(OrangutanTime.o)
                0x00003d86                OrangutanTime::init()
 .text._ZN13OrangutanTime2msEv
                0x00003d9a       0x2a C:\libpololu-avr\libpololu_atmega1284p.a(OrangutanTime.o)
                0x00003d9a                OrangutanTime::ms()
 .text.get_ms   0x00003dc4        0x6 C:\libpololu-avr\libpololu_atmega1284p.a(OrangutanTime.o)
                0x00003dc4                get_ms
 .text._ZN13OrangutanTime5ticksEv
                0x00003dca       0x6a C:\libpololu-avr\libpololu_atmega1284p.a(OrangutanTime.o)
                0x00003dca                OrangutanTime::ticks()
 .text.get_ticks
                0x00003e34        0x6 C:\libpololu-avr\libpololu_atmega1284p.a(OrangutanTime.o)
                0x00003e34                get_ticks
 .text._ZN13OrangutanTime5resetEv
                0x00003e3a       0x2e C:\libpololu-avr\libpololu_atmega1284p.a(OrangutanTime.o)
                0x00003e3a                OrangutanTime::reset()
 .text.time_reset
                0x00003e68        0x6 C:\libpololu-avr\libpololu_atmega1284p.a(OrangutanTime.o)
                0x00003e68                time_reset
 .text.libgcc   0x00003e6e       0x3e c:/winavr-20100110/bin/../lib/gcc/avr/4.3.3/avr51\libgcc.a(_mulsi3.o)
                0x00003e6e                __mulsi3
 .text.libgcc   0x00003eac       0x26 c:/winavr-20100110/bin/../lib/gcc/avr/4.3.3/avr51\libgcc.a(_divmodhi4.o)
                0x00003eac                __divmodhi4
                0x00003eac                _div
 .text.libgcc   0x00003ed2       0x44 c:/winavr-20100110/bin/../lib/gcc/avr/4.3.3/avr51\libgcc.a(_udivmodsi4.o)
                0x00003ed2                __udivmodsi4
 .text.libgcc   0x00003f16       0x38 c:/winavr-20100110/bin/../lib/gcc/avr/4.3.3/avr51\libgcc.a(_prologue.o)
                0x00003f16                __prologue_saves__
 .text.libgcc   0x00003f4e       0x36 c:/winavr-20100110/bin/../lib/gcc/avr/4.3.3/avr51\libgcc.a(_epilogue.o)
                0x00003f4e                __epilogue_restores__
 .text.libgcc   0x00003f84        0x0 c:/winavr-20100110/bin/../lib/gcc/avr/4.3.3/avr51\libgcc.a(_exit.o)
 .text.libgcc   0x00003f84        0x0 c:/winavr-20100110/bin/../lib/gcc/avr/4.3.3/avr51\libgcc.a(_clear_bss.o)
 .text.libgcc   0x00003f84       0x28 c:/winavr-20100110/bin/../lib/gcc/avr/4.3.3/avr51\libgcc.a(_udivmodhi4.o)
                0x00003f84                __udivmodhi4
 .text.avr-libc
                0x00003fac      0x20a c:/winavr-20100110/bin/../lib/gcc/avr/4.3.3/../../../../avr/lib/avr51\libc.a(malloc.o)
                0x00003fac                malloc
                0x00004106                free
 .text.avr-libc
                0x000041b6       0x98 c:/winavr-20100110/bin/../lib/gcc/avr/4.3.3/../../../../avr/lib/avr51\libc.a(fdevopen.o)
                0x000041b6                fdevopen
 .text.avr-libc
                0x0000424e       0x38 c:/winavr-20100110/bin/../lib/gcc/avr/4.3.3/../../../../avr/lib/avr51\libc.a(calloc.o)
                0x0000424e                calloc
 .text.avr-libc
                0x00004286        0xe c:/winavr-20100110/bin/../lib/gcc/avr/4.3.3/../../../../avr/lib/avr51\libc.a(memset.o)
                0x00004286                memset
                0x00004294                . = ALIGN (0x2)
 *(.fini9)
 .fini9         0x00004294        0x0 c:/winavr-20100110/bin/../lib/gcc/avr/4.3.3/avr51\libgcc.a(_exit.o)
                0x00004294                exit
                0x00004294                _exit
 *(.fini9)
 *(.fini8)
 *(.fini8)
 *(.fini7)
 *(.fini7)
 *(.fini6)
 *(.fini6)
 *(.fini5)
 *(.fini5)
 *(.fini4)
 *(.fini4)
 *(.fini3)
 *(.fini3)
 *(.fini2)
 *(.fini2)
 *(.fini1)
 *(.fini1)
 *(.fini0)
 .fini0         0x00004294        0x4 c:/winavr-20100110/bin/../lib/gcc/avr/4.3.3/avr51\libgcc.a(_exit.o)
 *(.fini0)
                0x00004298                _etext = .

.data           0x00800100      0x29e load address 0x00004298
                0x00800100                PROVIDE (__data_start, .)
 *(.data)
 .data          0x00800100        0x0 c:/winavr-20100110/bin/../lib/gcc/avr/4.3.3/../../../../avr/lib/avr51/crtm1284p.o
 .data          0x00800100      0x295 DASCH_Plate_Cleaner_Rev2.o
 .data          0x00800395        0x0 twimaster.o
 .data          0x00800395        0x2 C:\libpololu-avr\libpololu_atmega1284p.a(OrangutanLCD.o)
                0x00800396                numLCDCols
                0x00800395                numLCDRows
 .data          0x00800397        0x0 C:\libpololu-avr\libpololu_atmega1284p.a(OrangutanTime.o)
 .data          0x00800397        0x0 c:/winavr-20100110/bin/../lib/gcc/avr/4.3.3/avr51\libgcc.a(_mulsi3.o)
 .data          0x00800397        0x0 c:/winavr-20100110/bin/../lib/gcc/avr/4.3.3/avr51\libgcc.a(_divmodhi4.o)
 .data          0x00800397        0x0 c:/winavr-20100110/bin/../lib/gcc/avr/4.3.3/avr51\libgcc.a(_udivmodsi4.o)
 .data          0x00800397        0x0 c:/winavr-20100110/bin/../lib/gcc/avr/4.3.3/avr51\libgcc.a(_prologue.o)
 .data          0x00800397        0x0 c:/winavr-20100110/bin/../lib/gcc/avr/4.3.3/avr51\libgcc.a(_epilogue.o)
 .data          0x00800397        0x0 c:/winavr-20100110/bin/../lib/gcc/avr/4.3.3/avr51\libgcc.a(_exit.o)
 .data          0x00800397        0x0 c:/winavr-20100110/bin/../lib/gcc/avr/4.3.3/avr51\libgcc.a(_clear_bss.o)
 .data          0x00800397        0x0 c:/winavr-20100110/bin/../lib/gcc/avr/4.3.3/avr51\libgcc.a(_udivmodhi4.o)
 .data          0x00800397        0x6 c:/winavr-20100110/bin/../lib/gcc/avr/4.3.3/../../../../avr/lib/avr51\libc.a(malloc.o)
                0x00800399                __malloc_heap_start
                0x0080039b                __malloc_heap_end
                0x00800397                __malloc_margin
 .data          0x0080039d        0x0 c:/winavr-20100110/bin/../lib/gcc/avr/4.3.3/../../../../avr/lib/avr51\libc.a(fdevopen.o)
 .data          0x0080039d        0x0 c:/winavr-20100110/bin/../lib/gcc/avr/4.3.3/../../../../avr/lib/avr51\libc.a(iob.o)
 .data          0x0080039d        0x0 c:/winavr-20100110/bin/../lib/gcc/avr/4.3.3/../../../../avr/lib/avr51\libc.a(calloc.o)
 .data          0x0080039d        0x0 c:/winavr-20100110/bin/../lib/gcc/avr/4.3.3/../../../../avr/lib/avr51\libc.a(memset.o)
 *(.data*)
 *(.rodata)
 *(.rodata*)
 *(.gnu.linkonce.d*)
                0x0080039e                . = ALIGN (0x2)
 *fill*         0x0080039d        0x1 00
                0x0080039e                _edata = .
                0x0080039e                PROVIDE (__data_end, .)

.bss            0x0080039e       0x28
                0x0080039e                PROVIDE (__bss_start, .)
 *(.bss)
 .bss           0x0080039e        0x0 c:/winavr-20100110/bin/../lib/gcc/avr/4.3.3/../../../../avr/lib/avr51/crtm1284p.o
 .bss           0x0080039e        0xa DASCH_Plate_Cleaner_Rev2.o
                0x008003a2                u_inputByte0
                0x0080039f                u_motorByte1
                0x008003a1                u_outputByte1
                0x008003a3                u_inputByte1
                0x008003a0                u_outputByte0
                0x0080039e                u_motorByte0
 .bss           0x008003a8        0x0 twimaster.o
 .bss           0x008003a8        0x9 C:\libpololu-avr\libpololu_atmega1284p.a(OrangutanLCD.o)
                0x008003a8                printf_chars
                0x008003ac                lcdTimeout
                0x008003ab                col
                0x008003b0                OrangutanLCD::init()::initialized
                0x008003aa                row
 .bss           0x008003b1        0xb C:\libpololu-avr\libpololu_atmega1284p.a(OrangutanTime.o)
                0x008003bb                OrangutanTime::init()::initialized
                0x008003b1                tickCount
                0x008003b5                msCounter
                0x008003b9                us_over_10
 .bss           0x008003bc        0x0 c:/winavr-20100110/bin/../lib/gcc/avr/4.3.3/avr51\libgcc.a(_mulsi3.o)
 .bss           0x008003bc        0x0 c:/winavr-20100110/bin/../lib/gcc/avr/4.3.3/avr51\libgcc.a(_divmodhi4.o)
 .bss           0x008003bc        0x0 c:/winavr-20100110/bin/../lib/gcc/avr/4.3.3/avr51\libgcc.a(_udivmodsi4.o)
 .bss           0x008003bc        0x0 c:/winavr-20100110/bin/../lib/gcc/avr/4.3.3/avr51\libgcc.a(_prologue.o)
 .bss           0x008003bc        0x0 c:/winavr-20100110/bin/../lib/gcc/avr/4.3.3/avr51\libgcc.a(_epilogue.o)
 .bss           0x008003bc        0x0 c:/winavr-20100110/bin/../lib/gcc/avr/4.3.3/avr51\libgcc.a(_exit.o)
 .bss           0x008003bc        0x0 c:/winavr-20100110/bin/../lib/gcc/avr/4.3.3/avr51\libgcc.a(_clear_bss.o)
 .bss           0x008003bc        0x0 c:/winavr-20100110/bin/../lib/gcc/avr/4.3.3/avr51\libgcc.a(_udivmodhi4.o)
 .bss           0x008003bc        0x0 c:/winavr-20100110/bin/../lib/gcc/avr/4.3.3/../../../../avr/lib/avr51\libc.a(malloc.o)
 .bss           0x008003bc        0x0 c:/winavr-20100110/bin/../lib/gcc/avr/4.3.3/../../../../avr/lib/avr51\libc.a(fdevopen.o)
 .bss           0x008003bc        0x0 c:/winavr-20100110/bin/../lib/gcc/avr/4.3.3/../../../../avr/lib/avr51\libc.a(iob.o)
 .bss           0x008003bc        0x0 c:/winavr-20100110/bin/../lib/gcc/avr/4.3.3/../../../../avr/lib/avr51\libc.a(calloc.o)
 .bss           0x008003bc        0x0 c:/winavr-20100110/bin/../lib/gcc/avr/4.3.3/../../../../avr/lib/avr51\libc.a(memset.o)
 *(.bss*)
 *(COMMON)
 COMMON         0x008003bc        0x4 c:/winavr-20100110/bin/../lib/gcc/avr/4.3.3/../../../../avr/lib/avr51\libc.a(malloc.o)
                0x008003bc                __brkval
                0x008003be                __flp
 COMMON         0x008003c0        0x6 c:/winavr-20100110/bin/../lib/gcc/avr/4.3.3/../../../../avr/lib/avr51\libc.a(iob.o)
                0x008003c0                __iob
                0x008003c6                PROVIDE (__bss_end, .)
                0x00004298                __data_load_start = LOADADDR (.data)
                0x00004536                __data_load_end = (__data_load_start + SIZEOF (.data))

.noinit         0x008003c6        0x0
                0x008003c6                PROVIDE (__noinit_start, .)
 *(.noinit*)
                0x008003c6                PROVIDE (__noinit_end, .)
                0x008003c6                _end = .
                0x008003c6                PROVIDE (__heap_start, .)

.eeprom         0x00810000        0x0
 *(.eeprom*)
                0x00810000                __eeprom_end = .

.fuse
 *(.fuse)
 *(.lfuse)
 *(.hfuse)
 *(.efuse)

.lock
 *(.lock*)

.signature
 *(.signature*)

.stab           0x00000000     0x27c0
 *(.stab)
 .stab          0x00000000     0x1ecc C:\libpololu-avr\libpololu_atmega1284p.a(OrangutanLCD.o)
 .stab          0x00001ecc      0x8f4 C:\libpololu-avr\libpololu_atmega1284p.a(OrangutanTime.o)
                                0x900 (size before relaxing)

.stabstr        0x00000000     0x2591
 *(.stabstr)
 .stabstr       0x00000000     0x2591 C:\libpololu-avr\libpololu_atmega1284p.a(OrangutanLCD.o)

.stab.excl
 *(.stab.excl)

.stab.exclstr
 *(.stab.exclstr)

.stab.index
 *(.stab.index)

.stab.indexstr
 *(.stab.indexstr)

.comment
 *(.comment)

.debug
 *(.debug)

.line
 *(.line)

.debug_srcinfo
 *(.debug_srcinfo)

.debug_sfnames
 *(.debug_sfnames)

.debug_aranges  0x00000000       0x40
 *(.debug_aranges)
 .debug_aranges
                0x00000000       0x20 DASCH_Plate_Cleaner_Rev2.o
 .debug_aranges
                0x00000020       0x20 twimaster.o

.debug_pubnames
                0x00000000      0x1dc
 *(.debug_pubnames)
 .debug_pubnames
                0x00000000      0x14f DASCH_Plate_Cleaner_Rev2.o
 .debug_pubnames
                0x0000014f       0x8d twimaster.o

.debug_info     0x00000000     0x1344
 *(.debug_info)
 .debug_info    0x00000000     0x1196 DASCH_Plate_Cleaner_Rev2.o
 .debug_info    0x00001196      0x1ae twimaster.o
 *(.gnu.linkonce.wi.*)

.debug_abbrev   0x00000000      0x3ec
 *(.debug_abbrev)
 .debug_abbrev  0x00000000      0x32a DASCH_Plate_Cleaner_Rev2.o
 .debug_abbrev  0x0000032a       0xc2 twimaster.o

.debug_line     0x00000000     0x20d1
 *(.debug_line)
 .debug_line    0x00000000     0x1e94 DASCH_Plate_Cleaner_Rev2.o
 .debug_line    0x00001e94      0x23d twimaster.o

.debug_frame    0x00000000      0x140
 *(.debug_frame)
 .debug_frame   0x00000000       0xb0 DASCH_Plate_Cleaner_Rev2.o
 .debug_frame   0x000000b0       0x90 twimaster.o

.debug_str      0x00000000      0xd45
 *(.debug_str)
 .debug_str     0x00000000      0xc38 DASCH_Plate_Cleaner_Rev2.o
                                0xcd4 (size before relaxing)
 .debug_str     0x00000c38      0x10d twimaster.o
                                0x1d1 (size before relaxing)

.debug_loc      0x00000000     0x10d3
 *(.debug_loc)
 .debug_loc     0x00000000     0x1014 DASCH_Plate_Cleaner_Rev2.o
 .debug_loc     0x00001014       0xbf twimaster.o

.debug_macinfo
 *(.debug_macinfo)
OUTPUT(DASCH_Plate_Cleaner_Rev2.elf elf32-avr)
LOAD linker stubs

.debug_ranges   0x00000000       0x18
 .debug_ranges  0x00000000       0x18 DASCH_Plate_Cleaner_Rev2.o
