Archive member included because of file (symbol)

c:/winavr-20100110/bin/../lib/gcc/avr/4.3.3/../../../../avr/lib\libpololu_atmega1284p.a(OrangutanLCD.o)
                              DASCH_Plate_Cleaner_Rev2.o (lcd_goto_xy)
c:/winavr-20100110/bin/../lib/gcc/avr/4.3.3/../../../../avr/lib\libpololu_atmega1284p.a(OrangutanSerial.o)
                              DASCH_Plate_Cleaner_Rev2.o (serial_send_blocking)
c:/winavr-20100110/bin/../lib/gcc/avr/4.3.3/../../../../avr/lib\libpololu_atmega1284p.a(OrangutanTime.o)
                              DASCH_Plate_Cleaner_Rev2.o (delay_ms)
c:/winavr-20100110/bin/../lib/gcc/avr/4.3.3/../../../../avr/lib\libpololu_atmega1284p.a(OrangutanSVP.o)
                              c:/winavr-20100110/bin/../lib/gcc/avr/4.3.3/../../../../avr/lib\libpololu_atmega1284p.a(OrangutanSerial.o) (OrangutanSVP::serialSendIfReady(char))
c:/winavr-20100110/bin/../lib/gcc/avr/4.3.3/../../../../avr/lib\libpololu_atmega1284p.a(OrangutanSPIMaster.o)
                              c:/winavr-20100110/bin/../lib/gcc/avr/4.3.3/../../../../avr/lib\libpololu_atmega1284p.a(OrangutanSVP.o) (OrangutanSPIMaster::transmitAndDelay(unsigned char, unsigned char))
c:/winavr-20100110/bin/../lib/gcc/avr/4.3.3/avr51\libgcc.a(_mulsi3.o)
                              c:/winavr-20100110/bin/../lib/gcc/avr/4.3.3/../../../../avr/lib\libpololu_atmega1284p.a(OrangutanLCD.o) (__mulsi3)
c:/winavr-20100110/bin/../lib/gcc/avr/4.3.3/avr51\libgcc.a(_divmodhi4.o)
                              DASCH_Plate_Cleaner_Rev2.o (__divmodhi4)
c:/winavr-20100110/bin/../lib/gcc/avr/4.3.3/avr51\libgcc.a(_udivmodsi4.o)
                              c:/winavr-20100110/bin/../lib/gcc/avr/4.3.3/../../../../avr/lib\libpololu_atmega1284p.a(OrangutanLCD.o) (__udivmodsi4)
c:/winavr-20100110/bin/../lib/gcc/avr/4.3.3/avr51\libgcc.a(_prologue.o)
                              c:/winavr-20100110/bin/../lib/gcc/avr/4.3.3/../../../../avr/lib\libpololu_atmega1284p.a(OrangutanLCD.o) (__prologue_saves__)
c:/winavr-20100110/bin/../lib/gcc/avr/4.3.3/avr51\libgcc.a(_epilogue.o)
                              c:/winavr-20100110/bin/../lib/gcc/avr/4.3.3/../../../../avr/lib\libpololu_atmega1284p.a(OrangutanLCD.o) (__epilogue_restores__)
c:/winavr-20100110/bin/../lib/gcc/avr/4.3.3/avr51\libgcc.a(_exit.o)
                              c:/winavr-20100110/bin/../lib/gcc/avr/4.3.3/../../../../avr/lib/avr51/crtm1284p.o (exit)
c:/winavr-20100110/bin/../lib/gcc/avr/4.3.3/avr51\libgcc.a(_clear_bss.o)
                              DASCH_Plate_Cleaner_Rev2.o (__do_clear_bss)
c:/winavr-20100110/bin/../lib/gcc/avr/4.3.3/avr51\libgcc.a(_udivmodhi4.o)
                              c:/winavr-20100110/bin/../lib/gcc/avr/4.3.3/avr51\libgcc.a(_divmodhi4.o) (__udivmodhi4)
c:/winavr-20100110/bin/../lib/gcc/avr/4.3.3/../../../../avr/lib/avr51\libc.a(malloc.o)
                              c:/winavr-20100110/bin/../lib/gcc/avr/4.3.3/../../../../avr/lib\libpololu_atmega1284p.a(OrangutanLCD.o) (malloc)
c:/winavr-20100110/bin/../lib/gcc/avr/4.3.3/../../../../avr/lib/avr51\libc.a(itoa.o)
                              DASCH_Plate_Cleaner_Rev2.o (itoa)
c:/winavr-20100110/bin/../lib/gcc/avr/4.3.3/../../../../avr/lib/avr51\libc.a(fdevopen.o)
                              c:/winavr-20100110/bin/../lib/gcc/avr/4.3.3/../../../../avr/lib\libpololu_atmega1284p.a(OrangutanLCD.o) (fdevopen)
c:/winavr-20100110/bin/../lib/gcc/avr/4.3.3/../../../../avr/lib/avr51\libc.a(iob.o)
                              c:/winavr-20100110/bin/../lib/gcc/avr/4.3.3/../../../../avr/lib/avr51\libc.a(fdevopen.o) (__iob)
c:/winavr-20100110/bin/../lib/gcc/avr/4.3.3/../../../../avr/lib/avr51\libc.a(calloc.o)
                              c:/winavr-20100110/bin/../lib/gcc/avr/4.3.3/../../../../avr/lib/avr51\libc.a(fdevopen.o) (calloc)
c:/winavr-20100110/bin/../lib/gcc/avr/4.3.3/../../../../avr/lib/avr51\libc.a(memset.o)
                              c:/winavr-20100110/bin/../lib/gcc/avr/4.3.3/../../../../avr/lib/avr51\libc.a(calloc.o) (memset)
c:/winavr-20100110/bin/../lib/gcc/avr/4.3.3/../../../../avr/lib/avr51\libc.a(strrev.o)
                              c:/winavr-20100110/bin/../lib/gcc/avr/4.3.3/../../../../avr/lib/avr51\libc.a(itoa.o) (strrev)

Allocating common symbols
Common symbol       size              file

__brkval            0x2               c:/winavr-20100110/bin/../lib/gcc/avr/4.3.3/../../../../avr/lib/avr51\libc.a(malloc.o)
u_inputByte0        0x1               DASCH_Plate_Cleaner_Rev2.o
u_motorByte1        0x1               DASCH_Plate_Cleaner_Rev2.o
u_outputByte1       0x1               DASCH_Plate_Cleaner_Rev2.o
u_inputByte1        0x1               DASCH_Plate_Cleaner_Rev2.o
u_outputByte0       0x1               DASCH_Plate_Cleaner_Rev2.o
u_motorByte0        0x1               DASCH_Plate_Cleaner_Rev2.o
__flp               0x2               c:/winavr-20100110/bin/../lib/gcc/avr/4.3.3/../../../../avr/lib/avr51\libc.a(malloc.o)
__iob               0x6               c:/winavr-20100110/bin/../lib/gcc/avr/4.3.3/../../../../avr/lib/avr51\libc.a(iob.o)

Memory Configuration

Name             Origin             Length             Attributes
text             0x00000000         0x00020000         xr
data             0x00800060         0x0000ffa0         rw !x
eeprom           0x00810000         0x00010000         rw !x
fuse             0x00820000         0x00000400         rw !x
lock             0x00830000         0x00000400         rw !x
signature        0x00840000         0x00000400         rw !x
*default*        0x00000000         0xffffffff

Linker script and memory map

Address of section .data set to 0x800100
LOAD c:/winavr-20100110/bin/../lib/gcc/avr/4.3.3/../../../../avr/lib/avr51/crtm1284p.o
LOAD i2cmaster/twimaster.o
LOAD DASCH_Plate_Cleaner_Rev2.o
START GROUP
LOAD c:/winavr-20100110/bin/../lib/gcc/avr/4.3.3/../../../../avr/lib\libpololu_atmega1284p.a
END GROUP
LOAD c:/winavr-20100110/bin/../lib/gcc/avr/4.3.3/avr51\libgcc.a
LOAD c:/winavr-20100110/bin/../lib/gcc/avr/4.3.3/../../../../avr/lib/avr51\libc.a
LOAD c:/winavr-20100110/bin/../lib/gcc/avr/4.3.3/avr51\libgcc.a

.hash
 *(.hash)

.dynsym
 *(.dynsym)

.dynstr
 *(.dynstr)

.gnu.version
 *(.gnu.version)

.gnu.version_d
 *(.gnu.version_d)

.gnu.version_r
 *(.gnu.version_r)

.rel.init
 *(.rel.init)

.rela.init
 *(.rela.init)

.rel.text
 *(.rel.text)
 *(.rel.text.*)
 *(.rel.gnu.linkonce.t*)

.rela.text
 *(.rela.text)
 *(.rela.text.*)
 *(.rela.gnu.linkonce.t*)

.rel.fini
 *(.rel.fini)

.rela.fini
 *(.rela.fini)

.rel.rodata
 *(.rel.rodata)
 *(.rel.rodata.*)
 *(.rel.gnu.linkonce.r*)

.rela.rodata
 *(.rela.rodata)
 *(.rela.rodata.*)
 *(.rela.gnu.linkonce.r*)

.rel.data
 *(.rel.data)
 *(.rel.data.*)
 *(.rel.gnu.linkonce.d*)

.rela.data
 *(.rela.data)
 *(.rela.data.*)
 *(.rela.gnu.linkonce.d*)

.rel.ctors
 *(.rel.ctors)

.rela.ctors
 *(.rela.ctors)

.rel.dtors
 *(.rel.dtors)

.rela.dtors
 *(.rela.dtors)

.rel.got
 *(.rel.got)

.rela.got
 *(.rela.got)

.rel.bss
 *(.rel.bss)

.rela.bss
 *(.rela.bss)

.rel.plt
 *(.rel.plt)

.rela.plt
 *(.rela.plt)

.text           0x00000000     0x46b2
 *(.vectors)
 .vectors       0x00000000       0x8c c:/winavr-20100110/bin/../lib/gcc/avr/4.3.3/../../../../avr/lib/avr51/crtm1284p.o
                0x00000000                __vectors
                0x00000000                __vector_default
 *(.vectors)
 *(.progmem.gcc*)
 .progmem.gcc_sw_table
                0x0000008c       0x60 DASCH_Plate_Cleaner_Rev2.o
 *(.progmem*)
                0x000000ec                . = ALIGN (0x2)
                0x000000ec                __trampolines_start = .
 *(.trampolines)
 .trampolines   0x000000ec        0x0 linker stubs
 *(.trampolines*)
                0x000000ec                __trampolines_end = .
 *(.jumptables)
 *(.jumptables*)
 *(.lowtext)
 *(.lowtext*)
                0x000000ec                __ctors_start = .
 *(.ctors)
                0x000000ec                __ctors_end = .
                0x000000ec                __dtors_start = .
 *(.dtors)
                0x000000ec                __dtors_end = .
 SORT(*)(.ctors)
 SORT(*)(.dtors)
 *(.init0)
 .init0         0x000000ec        0x0 c:/winavr-20100110/bin/../lib/gcc/avr/4.3.3/../../../../avr/lib/avr51/crtm1284p.o
                0x000000ec                __init
 *(.init0)
 *(.init1)
 *(.init1)
 *(.init2)
 .init2         0x000000ec        0xc c:/winavr-20100110/bin/../lib/gcc/avr/4.3.3/../../../../avr/lib/avr51/crtm1284p.o
 *(.init2)
 *(.init3)
 *(.init3)
 *(.init4)
 .init4         0x000000f8       0x1a c:/winavr-20100110/bin/../lib/gcc/avr/4.3.3/../../../../avr/lib/avr51/crtm1284p.o
                0x000000f8                __do_copy_data
 .init4         0x00000112       0x10 c:/winavr-20100110/bin/../lib/gcc/avr/4.3.3/avr51\libgcc.a(_clear_bss.o)
                0x00000112                __do_clear_bss
 *(.init4)
 *(.init5)
 *(.init5)
 *(.init6)
 *(.init6)
 *(.init7)
 *(.init7)
 *(.init8)
 *(.init8)
 *(.init9)
 .init9         0x00000122        0x8 c:/winavr-20100110/bin/../lib/gcc/avr/4.3.3/../../../../avr/lib/avr51/crtm1284p.o
 *(.init9)
 *(.text)
 .text          0x0000012a        0x4 c:/winavr-20100110/bin/../lib/gcc/avr/4.3.3/../../../../avr/lib/avr51/crtm1284p.o
                0x0000012a                __vector_22
                0x0000012a                __vector_1
                0x0000012a                __vector_32
                0x0000012a                __vector_34
                0x0000012a                __vector_24
                0x0000012a                __vector_12
                0x0000012a                __bad_interrupt
                0x0000012a                __vector_6
                0x0000012a                __vector_31
                0x0000012a                __vector_3
                0x0000012a                __vector_23
                0x0000012a                __vector_30
                0x0000012a                __vector_25
                0x0000012a                __vector_13
                0x0000012a                __vector_17
                0x0000012a                __vector_19
                0x0000012a                __vector_7
                0x0000012a                __vector_27
                0x0000012a                __vector_5
                0x0000012a                __vector_33
                0x0000012a                __vector_4
                0x0000012a                __vector_9
                0x0000012a                __vector_2
                0x0000012a                __vector_15
                0x0000012a                __vector_8
                0x0000012a                __vector_26
                0x0000012a                __vector_14
                0x0000012a                __vector_10
                0x0000012a                __vector_16
                0x0000012a                __vector_18
 .text          0x0000012e      0x10a i2cmaster/twimaster.o
                0x000001ec                i2c_write
                0x00000224                i2c_readNak
                0x00000210                i2c_readAck
                0x000001d6                i2c_rep_start
                0x0000013a                i2c_start
                0x000001dc                i2c_stop
                0x00000186                i2c_start_wait
                0x0000012e                i2c_init
 .text          0x00000238     0x270e DASCH_Plate_Cleaner_Rev2.o
                0x0000094c                firstB_trans
                0x00000600                dry_action
                0x00000be8                dry_trans
                0x000002c6                brush1_action
                0x00000a8c                secondB_trans
                0x00000760                button_debounce
                0x00000e82                serial_print_string_noCRLF
                0x00000ece                init_action
                0x00000ea2                serial_print_string
                0x0000104c                main
                0x00000d14                motor_and_write
                0x00001010                serial_print_int
                0x000004b0                brush2_action
                0x0000083e                init_trans
 .text          0x00002946        0x0 c:/winavr-20100110/bin/../lib/gcc/avr/4.3.3/../../../../avr/lib\libpololu_atmega1284p.a(OrangutanLCD.o)
 .text          0x00002946        0x0 c:/winavr-20100110/bin/../lib/gcc/avr/4.3.3/../../../../avr/lib\libpololu_atmega1284p.a(OrangutanSerial.o)
 .text          0x00002946        0x0 c:/winavr-20100110/bin/../lib/gcc/avr/4.3.3/../../../../avr/lib\libpololu_atmega1284p.a(OrangutanTime.o)
 .text          0x00002946        0x0 c:/winavr-20100110/bin/../lib/gcc/avr/4.3.3/../../../../avr/lib\libpololu_atmega1284p.a(OrangutanSVP.o)
 .text          0x00002946        0x0 c:/winavr-20100110/bin/../lib/gcc/avr/4.3.3/../../../../avr/lib\libpololu_atmega1284p.a(OrangutanSPIMaster.o)
 .text          0x00002946        0x0 c:/winavr-20100110/bin/../lib/gcc/avr/4.3.3/avr51\libgcc.a(_mulsi3.o)
 .text          0x00002946        0x0 c:/winavr-20100110/bin/../lib/gcc/avr/4.3.3/avr51\libgcc.a(_divmodhi4.o)
 .text          0x00002946        0x0 c:/winavr-20100110/bin/../lib/gcc/avr/4.3.3/avr51\libgcc.a(_udivmodsi4.o)
 .text          0x00002946        0x0 c:/winavr-20100110/bin/../lib/gcc/avr/4.3.3/avr51\libgcc.a(_prologue.o)
 .text          0x00002946        0x0 c:/winavr-20100110/bin/../lib/gcc/avr/4.3.3/avr51\libgcc.a(_epilogue.o)
 .text          0x00002946        0x0 c:/winavr-20100110/bin/../lib/gcc/avr/4.3.3/avr51\libgcc.a(_exit.o)
 .text          0x00002946        0x0 c:/winavr-20100110/bin/../lib/gcc/avr/4.3.3/avr51\libgcc.a(_clear_bss.o)
 .text          0x00002946        0x0 c:/winavr-20100110/bin/../lib/gcc/avr/4.3.3/avr51\libgcc.a(_udivmodhi4.o)
 .text          0x00002946        0x0 c:/winavr-20100110/bin/../lib/gcc/avr/4.3.3/../../../../avr/lib/avr51\libc.a(malloc.o)
 .text          0x00002946        0x0 c:/winavr-20100110/bin/../lib/gcc/avr/4.3.3/../../../../avr/lib/avr51\libc.a(itoa.o)
 .text          0x00002946        0x0 c:/winavr-20100110/bin/../lib/gcc/avr/4.3.3/../../../../avr/lib/avr51\libc.a(fdevopen.o)
 .text          0x00002946        0x0 c:/winavr-20100110/bin/../lib/gcc/avr/4.3.3/../../../../avr/lib/avr51\libc.a(iob.o)
 .text          0x00002946        0x0 c:/winavr-20100110/bin/../lib/gcc/avr/4.3.3/../../../../avr/lib/avr51\libc.a(calloc.o)
 .text          0x00002946        0x0 c:/winavr-20100110/bin/../lib/gcc/avr/4.3.3/../../../../avr/lib/avr51\libc.a(memset.o)
 .text          0x00002946        0x0 c:/winavr-20100110/bin/../lib/gcc/avr/4.3.3/../../../../avr/lib/avr51\libc.a(strrev.o)
                0x00002946                . = ALIGN (0x2)
 *(.text.*)
 .text._ZN12OrangutanLCDC2Ev
                0x00002946        0x2 c:/winavr-20100110/bin/../lib/gcc/avr/4.3.3/../../../../avr/lib\libpololu_atmega1284p.a(OrangutanLCD.o)
                0x00002946                OrangutanLCD::OrangutanLCD()
 .text._ZN12OrangutanLCDC1Ev
                0x00002948        0x2 c:/winavr-20100110/bin/../lib/gcc/avr/4.3.3/../../../../avr/lib\libpololu_atmega1284p.a(OrangutanLCD.o)
                0x00002948                OrangutanLCD::OrangutanLCD()
 .text.void_getchar
                0x0000294a        0x6 c:/winavr-20100110/bin/../lib/gcc/avr/4.3.3/../../../../avr/lib\libpololu_atmega1284p.a(OrangutanLCD.o)
                0x0000294a                void_getchar
 .text._ZN12OrangutanLCD8busyWaitEv
                0x00002950       0xca c:/winavr-20100110/bin/../lib/gcc/avr/4.3.3/../../../../avr/lib\libpololu_atmega1284p.a(OrangutanLCD.o)
                0x00002950                OrangutanLCD::busyWait()
 .text._ZN12OrangutanLCD8sendDataEh
                0x00002a1a       0x3e c:/winavr-20100110/bin/../lib/gcc/avr/4.3.3/../../../../avr/lib\libpololu_atmega1284p.a(OrangutanLCD.o)
                0x00002a1a                OrangutanLCD::sendData(unsigned char)
 .text._ZN12OrangutanLCD10initPrintfEv
                0x00002a58       0x8a c:/winavr-20100110/bin/../lib/gcc/avr/4.3.3/../../../../avr/lib\libpololu_atmega1284p.a(OrangutanLCD.o)
                0x00002a58                OrangutanLCD::initPrintf()
 .text._ZN12OrangutanLCD10initPrintfEhh
                0x00002ae2        0xe c:/winavr-20100110/bin/../lib/gcc/avr/4.3.3/../../../../avr/lib\libpololu_atmega1284p.a(OrangutanLCD.o)
                0x00002ae2                OrangutanLCD::initPrintf(unsigned char, unsigned char)
 .text.lcd_init_printf_with_dimensions
                0x00002af0        0xe c:/winavr-20100110/bin/../lib/gcc/avr/4.3.3/../../../../avr/lib\libpololu_atmega1284p.a(OrangutanLCD.o)
                0x00002af0                lcd_init_printf_with_dimensions
 .text.lcd_init_printf
                0x00002afe        0x6 c:/winavr-20100110/bin/../lib/gcc/avr/4.3.3/../../../../avr/lib\libpololu_atmega1284p.a(OrangutanLCD.o)
                0x00002afe                lcd_init_printf
 .text._ZN12OrangutanLCD5init2Ev
                0x00002b04       0x82 c:/winavr-20100110/bin/../lib/gcc/avr/4.3.3/../../../../avr/lib\libpololu_atmega1284p.a(OrangutanLCD.o)
                0x00002b04                OrangutanLCD::init2()
 .text._ZN12OrangutanLCD4initEv
                0x00002b86       0x14 c:/winavr-20100110/bin/../lib/gcc/avr/4.3.3/../../../../avr/lib\libpololu_atmega1284p.a(OrangutanLCD.o)
                0x00002b86                OrangutanLCD::init()
 .text._ZN12OrangutanLCD4sendEhhh
                0x00002b9a       0xa8 c:/winavr-20100110/bin/../lib/gcc/avr/4.3.3/../../../../avr/lib\libpololu_atmega1284p.a(OrangutanLCD.o)
                0x00002b9a                OrangutanLCD::send(unsigned char, unsigned char, unsigned char)
 .text._ZN12OrangutanLCD8send_cmdEh
                0x00002c42        0xa c:/winavr-20100110/bin/../lib/gcc/avr/4.3.3/../../../../avr/lib\libpololu_atmega1284p.a(OrangutanLCD.o)
                0x00002c42                OrangutanLCD::send_cmd(unsigned char)
 .text._ZN12OrangutanLCD10moveCursorEhh
                0x00002c4c       0x24 c:/winavr-20100110/bin/../lib/gcc/avr/4.3.3/../../../../avr/lib\libpololu_atmega1284p.a(OrangutanLCD.o)
                0x00002c4c                OrangutanLCD::moveCursor(unsigned char, unsigned char)
 .text.lcd_move_cursor
                0x00002c70        0x6 c:/winavr-20100110/bin/../lib/gcc/avr/4.3.3/../../../../avr/lib\libpololu_atmega1284p.a(OrangutanLCD.o)
                0x00002c70                lcd_move_cursor
 .text._ZN12OrangutanLCD10hideCursorEv
                0x00002c76        0x8 c:/winavr-20100110/bin/../lib/gcc/avr/4.3.3/../../../../avr/lib\libpololu_atmega1284p.a(OrangutanLCD.o)
                0x00002c76                OrangutanLCD::hideCursor()
 .text.lcd_hide_cursor
                0x00002c7e        0x6 c:/winavr-20100110/bin/../lib/gcc/avr/4.3.3/../../../../avr/lib\libpololu_atmega1284p.a(OrangutanLCD.o)
                0x00002c7e                lcd_hide_cursor
 .text._ZN12OrangutanLCD10showCursorEh
                0x00002c84       0x10 c:/winavr-20100110/bin/../lib/gcc/avr/4.3.3/../../../../avr/lib\libpololu_atmega1284p.a(OrangutanLCD.o)
                0x00002c84                OrangutanLCD::showCursor(unsigned char)
 .text.lcd_show_cursor
                0x00002c94        0x6 c:/winavr-20100110/bin/../lib/gcc/avr/4.3.3/../../../../avr/lib\libpololu_atmega1284p.a(OrangutanLCD.o)
                0x00002c94                lcd_show_cursor
 .text._ZN12OrangutanLCD6gotoXYEhh
                0x00002c9a       0x3e c:/winavr-20100110/bin/../lib/gcc/avr/4.3.3/../../../../avr/lib\libpololu_atmega1284p.a(OrangutanLCD.o)
                0x00002c9a                OrangutanLCD::gotoXY(unsigned char, unsigned char)
 .text.lcd_goto_xy
                0x00002cd8        0x6 c:/winavr-20100110/bin/../lib/gcc/avr/4.3.3/../../../../avr/lib\libpololu_atmega1284p.a(OrangutanLCD.o)
                0x00002cd8                lcd_goto_xy
 .text._ZN12OrangutanLCD5clearEv
                0x00002cde       0x5a c:/winavr-20100110/bin/../lib/gcc/avr/4.3.3/../../../../avr/lib\libpololu_atmega1284p.a(OrangutanLCD.o)
                0x00002cde                OrangutanLCD::clear()
 .text.clear    0x00002d38        0x6 c:/winavr-20100110/bin/../lib/gcc/avr/4.3.3/../../../../avr/lib\libpololu_atmega1284p.a(OrangutanLCD.o)
                0x00002d38                clear
 .text._ZN12OrangutanLCD9send_dataEh
                0x00002d3e        0xa c:/winavr-20100110/bin/../lib/gcc/avr/4.3.3/../../../../avr/lib\libpololu_atmega1284p.a(OrangutanLCD.o)
                0x00002d3e                OrangutanLCD::send_data(unsigned char)
 .text._ZN12OrangutanLCD11printBinaryEh
                0x00002d48       0x3a c:/winavr-20100110/bin/../lib/gcc/avr/4.3.3/../../../../avr/lib\libpololu_atmega1284p.a(OrangutanLCD.o)
                0x00002d48                OrangutanLCD::printBinary(unsigned char)
 .text.print_binary
                0x00002d82        0x6 c:/winavr-20100110/bin/../lib/gcc/avr/4.3.3/../../../../avr/lib\libpololu_atmega1284p.a(OrangutanLCD.o)
                0x00002d82                print_binary
 .text._ZN12OrangutanLCD14printHexNibbleEh
                0x00002d88       0x10 c:/winavr-20100110/bin/../lib/gcc/avr/4.3.3/../../../../avr/lib\libpololu_atmega1284p.a(OrangutanLCD.o)
                0x00002d88                OrangutanLCD::printHexNibble(unsigned char)
 .text._ZN12OrangutanLCD8printHexEh
                0x00002d98       0x18 c:/winavr-20100110/bin/../lib/gcc/avr/4.3.3/../../../../avr/lib\libpololu_atmega1284p.a(OrangutanLCD.o)
                0x00002d98                OrangutanLCD::printHex(unsigned char)
 .text._ZN12OrangutanLCD8printHexEj
                0x00002db0       0x14 c:/winavr-20100110/bin/../lib/gcc/avr/4.3.3/../../../../avr/lib\libpololu_atmega1284p.a(OrangutanLCD.o)
                0x00002db0                OrangutanLCD::printHex(unsigned int)
 .text.print_hex
                0x00002dc4        0x6 c:/winavr-20100110/bin/../lib/gcc/avr/4.3.3/../../../../avr/lib\libpololu_atmega1284p.a(OrangutanLCD.o)
                0x00002dc4                print_hex
 .text.print_hex_byte
                0x00002dca        0x6 c:/winavr-20100110/bin/../lib/gcc/avr/4.3.3/../../../../avr/lib\libpololu_atmega1284p.a(OrangutanLCD.o)
                0x00002dca                print_hex_byte
 .text._ZN12OrangutanLCD5printEm
                0x00002dd0       0xc0 c:/winavr-20100110/bin/../lib/gcc/avr/4.3.3/../../../../avr/lib\libpololu_atmega1284p.a(OrangutanLCD.o)
                0x00002dd0                OrangutanLCD::print(unsigned long)
 .text.print_unsigned_long
                0x00002e90        0x6 c:/winavr-20100110/bin/../lib/gcc/avr/4.3.3/../../../../avr/lib\libpololu_atmega1284p.a(OrangutanLCD.o)
                0x00002e90                print_unsigned_long
 .text._ZN12OrangutanLCD5printEl
                0x00002e96       0x38 c:/winavr-20100110/bin/../lib/gcc/avr/4.3.3/../../../../avr/lib\libpololu_atmega1284p.a(OrangutanLCD.o)
                0x00002e96                OrangutanLCD::print(long)
 .text.print_long
                0x00002ece        0x6 c:/winavr-20100110/bin/../lib/gcc/avr/4.3.3/../../../../avr/lib\libpololu_atmega1284p.a(OrangutanLCD.o)
                0x00002ece                print_long
 .text._ZN12OrangutanLCD21printFromProgramSpaceEPKc
                0x00002ed4       0x1c c:/winavr-20100110/bin/../lib/gcc/avr/4.3.3/../../../../avr/lib\libpololu_atmega1284p.a(OrangutanLCD.o)
                0x00002ed4                OrangutanLCD::printFromProgramSpace(char const*)
 .text.print_from_program_space
                0x00002ef0        0x6 c:/winavr-20100110/bin/../lib/gcc/avr/4.3.3/../../../../avr/lib\libpololu_atmega1284p.a(OrangutanLCD.o)
                0x00002ef0                print_from_program_space
 .text._ZN12OrangutanLCD5printEPKc
                0x00002ef6       0x1a c:/winavr-20100110/bin/../lib/gcc/avr/4.3.3/../../../../avr/lib\libpololu_atmega1284p.a(OrangutanLCD.o)
                0x00002ef6                OrangutanLCD::print(char const*)
 .text._ZN12OrangutanLCD7printInEPKc
                0x00002f10        0x6 c:/winavr-20100110/bin/../lib/gcc/avr/4.3.3/../../../../avr/lib\libpololu_atmega1284p.a(OrangutanLCD.o)
                0x00002f10                OrangutanLCD::printIn(char const*)
 .text.print    0x00002f16        0x6 c:/winavr-20100110/bin/../lib/gcc/avr/4.3.3/../../../../avr/lib\libpololu_atmega1284p.a(OrangutanLCD.o)
                0x00002f16                print
 .text._ZN12OrangutanLCD5printEc
                0x00002f1c        0x6 c:/winavr-20100110/bin/../lib/gcc/avr/4.3.3/../../../../avr/lib\libpololu_atmega1284p.a(OrangutanLCD.o)
                0x00002f1c                OrangutanLCD::print(char)
 .text.print_character
                0x00002f22        0x6 c:/winavr-20100110/bin/../lib/gcc/avr/4.3.3/../../../../avr/lib\libpololu_atmega1284p.a(OrangutanLCD.o)
                0x00002f22                print_character
 .text.lcd_putchar
                0x00002f28      0x23a c:/winavr-20100110/bin/../lib/gcc/avr/4.3.3/../../../../avr/lib\libpololu_atmega1284p.a(OrangutanLCD.o)
                0x00002f28                lcd_putchar
 .text._ZN12OrangutanLCD19loadCustomCharacterEPKch
                0x00003162       0x4c c:/winavr-20100110/bin/../lib/gcc/avr/4.3.3/../../../../avr/lib\libpololu_atmega1284p.a(OrangutanLCD.o)
                0x00003162                OrangutanLCD::loadCustomCharacter(char const*, unsigned char)
 .text.lcd_load_custom_character
                0x000031ae        0x6 c:/winavr-20100110/bin/../lib/gcc/avr/4.3.3/../../../../avr/lib\libpololu_atmega1284p.a(OrangutanLCD.o)
                0x000031ae                lcd_load_custom_character
 .text._ZN12OrangutanLCD13send_4bit_cmdEh
                0x000031b4        0xa c:/winavr-20100110/bin/../lib/gcc/avr/4.3.3/../../../../avr/lib\libpololu_atmega1284p.a(OrangutanLCD.o)
                0x000031b4                OrangutanLCD::send_4bit_cmd(unsigned char)
 .text._ZN12OrangutanLCD6scrollEhhj
                0x000031be       0x34 c:/winavr-20100110/bin/../lib/gcc/avr/4.3.3/../../../../avr/lib\libpololu_atmega1284p.a(OrangutanLCD.o)
                0x000031be                OrangutanLCD::scroll(unsigned char, unsigned char, unsigned int)
 .text.lcd_scroll
                0x000031f2        0x6 c:/winavr-20100110/bin/../lib/gcc/avr/4.3.3/../../../../avr/lib\libpololu_atmega1284p.a(OrangutanLCD.o)
                0x000031f2                lcd_scroll
 .text.serial_get_mode
                0x000031f8       0x20 c:/winavr-20100110/bin/../lib/gcc/avr/4.3.3/../../../../avr/lib\libpololu_atmega1284p.a(OrangutanSerial.o)
                0x000031f8                serial_get_mode
 .text.serial_get_received_bytes
                0x00003218       0x1c c:/winavr-20100110/bin/../lib/gcc/avr/4.3.3/../../../../avr/lib\libpololu_atmega1284p.a(OrangutanSerial.o)
                0x00003218                serial_get_received_bytes
 .text.serial_receive_buffer_full
                0x00003234       0x40 c:/winavr-20100110/bin/../lib/gcc/avr/4.3.3/../../../../avr/lib\libpololu_atmega1284p.a(OrangutanSerial.o)
                0x00003234                serial_receive_buffer_full
 .text.serial_get_sent_bytes
                0x00003274       0x20 c:/winavr-20100110/bin/../lib/gcc/avr/4.3.3/../../../../avr/lib\libpololu_atmega1284p.a(OrangutanSerial.o)
                0x00003274                serial_get_sent_bytes
 .text.serial_send_buffer_empty
                0x00003294       0x48 c:/winavr-20100110/bin/../lib/gcc/avr/4.3.3/../../../../avr/lib\libpololu_atmega1284p.a(OrangutanSerial.o)
                0x00003294                serial_send_buffer_empty
 .text._ZN15OrangutanSerialC2Ev
                0x000032dc        0x2 c:/winavr-20100110/bin/../lib/gcc/avr/4.3.3/../../../../avr/lib\libpololu_atmega1284p.a(OrangutanSerial.o)
                0x000032dc                OrangutanSerial::OrangutanSerial()
 .text._ZN15OrangutanSerialC1Ev
                0x000032de        0x2 c:/winavr-20100110/bin/../lib/gcc/avr/4.3.3/../../../../avr/lib\libpololu_atmega1284p.a(OrangutanSerial.o)
                0x000032de                OrangutanSerial::OrangutanSerial()
 .text._ZN15OrangutanSerial8initPortEh
                0x000032e0       0x94 c:/winavr-20100110/bin/../lib/gcc/avr/4.3.3/../../../../avr/lib\libpololu_atmega1284p.a(OrangutanSerial.o)
                0x000032e0                OrangutanSerial::initPort(unsigned char)
 .text.serial_set_mode
                0x00003374       0x24 c:/winavr-20100110/bin/../lib/gcc/avr/4.3.3/../../../../avr/lib\libpololu_atmega1284p.a(OrangutanSerial.o)
                0x00003374                serial_set_mode
 .text._ZN15OrangutanSerial11setBaudRateEhm
                0x00003398       0x6c c:/winavr-20100110/bin/../lib/gcc/avr/4.3.3/../../../../avr/lib\libpololu_atmega1284p.a(OrangutanSerial.o)
                0x00003398                OrangutanSerial::setBaudRate(unsigned char, unsigned long)
 .text.serial_set_baud_rate
                0x00003404        0x6 c:/winavr-20100110/bin/../lib/gcc/avr/4.3.3/../../../../avr/lib\libpololu_atmega1284p.a(OrangutanSerial.o)
                0x00003404                serial_set_baud_rate
 .text._ZN15OrangutanSerial7setModeEhh
                0x0000340a       0x24 c:/winavr-20100110/bin/../lib/gcc/avr/4.3.3/../../../../avr/lib\libpololu_atmega1284p.a(OrangutanSerial.o)
                0x0000340a                OrangutanSerial::setMode(unsigned char, unsigned char)
 .text._ZN15OrangutanSerial7receiveEhPch
                0x0000342e       0x84 c:/winavr-20100110/bin/../lib/gcc/avr/4.3.3/../../../../avr/lib\libpololu_atmega1284p.a(OrangutanSerial.o)
                0x0000342e                OrangutanSerial::receive(unsigned char, char*, unsigned char)
 .text.serial_receive
                0x000034b2        0x6 c:/winavr-20100110/bin/../lib/gcc/avr/4.3.3/../../../../avr/lib\libpololu_atmega1284p.a(OrangutanSerial.o)
                0x000034b2                serial_receive
 .text._ZN15OrangutanSerial11receiveRingEhPch
                0x000034b8       0x86 c:/winavr-20100110/bin/../lib/gcc/avr/4.3.3/../../../../avr/lib\libpololu_atmega1284p.a(OrangutanSerial.o)
                0x000034b8                OrangutanSerial::receiveRing(unsigned char, char*, unsigned char)
 .text.serial_receive_ring
                0x0000353e        0x6 c:/winavr-20100110/bin/../lib/gcc/avr/4.3.3/../../../../avr/lib\libpololu_atmega1284p.a(OrangutanSerial.o)
                0x0000353e                serial_receive_ring
 .text._ZN15OrangutanSerial13cancelReceiveEh
                0x00003544        0xc c:/winavr-20100110/bin/../lib/gcc/avr/4.3.3/../../../../avr/lib\libpololu_atmega1284p.a(OrangutanSerial.o)
                0x00003544                OrangutanSerial::cancelReceive(unsigned char)
 .text.serial_cancel_receive
                0x00003550        0x6 c:/winavr-20100110/bin/../lib/gcc/avr/4.3.3/../../../../avr/lib\libpololu_atmega1284p.a(OrangutanSerial.o)
                0x00003550                serial_cancel_receive
 .text.__vector_20
                0x00003556       0x78 c:/winavr-20100110/bin/../lib/gcc/avr/4.3.3/../../../../avr/lib\libpololu_atmega1284p.a(OrangutanSerial.o)
                0x00003556                __vector_20
 .text.__vector_28
                0x000035ce       0x78 c:/winavr-20100110/bin/../lib/gcc/avr/4.3.3/../../../../avr/lib\libpololu_atmega1284p.a(OrangutanSerial.o)
                0x000035ce                __vector_28
 .text._ZN15OrangutanSerial11uart_tx_isrEh
                0x00003646      0x1a8 c:/winavr-20100110/bin/../lib/gcc/avr/4.3.3/../../../../avr/lib\libpololu_atmega1284p.a(OrangutanSerial.o)
                0x00003646                OrangutanSerial::uart_tx_isr(unsigned char)
 .text._ZN15OrangutanSerial4sendEhPch
                0x000037ee       0xf6 c:/winavr-20100110/bin/../lib/gcc/avr/4.3.3/../../../../avr/lib\libpololu_atmega1284p.a(OrangutanSerial.o)
                0x000037ee                OrangutanSerial::send(unsigned char, char*, unsigned char)
 .text.serial_send
                0x000038e4        0x6 c:/winavr-20100110/bin/../lib/gcc/avr/4.3.3/../../../../avr/lib\libpololu_atmega1284p.a(OrangutanSerial.o)
                0x000038e4                serial_send
 .text.__vector_21
                0x000038ea       0x52 c:/winavr-20100110/bin/../lib/gcc/avr/4.3.3/../../../../avr/lib\libpololu_atmega1284p.a(OrangutanSerial.o)
                0x000038ea                __vector_21
 .text.__vector_29
                0x0000393c       0x52 c:/winavr-20100110/bin/../lib/gcc/avr/4.3.3/../../../../avr/lib\libpololu_atmega1284p.a(OrangutanSerial.o)
                0x0000393c                __vector_29
 .text._ZN15OrangutanSerial15serial_tx_checkEh
                0x0000398e       0x5c c:/winavr-20100110/bin/../lib/gcc/avr/4.3.3/../../../../avr/lib\libpololu_atmega1284p.a(OrangutanSerial.o)
                0x0000398e                OrangutanSerial::serial_tx_check(unsigned char)
 .text._ZN15OrangutanSerial15serial_rx_checkEh
                0x000039ea      0x1e0 c:/winavr-20100110/bin/../lib/gcc/avr/4.3.3/../../../../avr/lib\libpololu_atmega1284p.a(OrangutanSerial.o)
                0x000039ea                OrangutanSerial::serial_rx_check(unsigned char)
 .text._ZN15OrangutanSerial5checkEv
                0x00003bca       0x26 c:/winavr-20100110/bin/../lib/gcc/avr/4.3.3/../../../../avr/lib\libpololu_atmega1284p.a(OrangutanSerial.o)
                0x00003bca                OrangutanSerial::check()
 .text._ZN15OrangutanSerial12sendBlockingEhPch
                0x00003bf0       0x52 c:/winavr-20100110/bin/../lib/gcc/avr/4.3.3/../../../../avr/lib\libpololu_atmega1284p.a(OrangutanSerial.o)
                0x00003bf0                OrangutanSerial::sendBlocking(unsigned char, char*, unsigned char)
 .text.serial_send_blocking
                0x00003c42        0x6 c:/winavr-20100110/bin/../lib/gcc/avr/4.3.3/../../../../avr/lib\libpololu_atmega1284p.a(OrangutanSerial.o)
                0x00003c42                serial_send_blocking
 .text._ZN15OrangutanSerial15receiveBlockingEhPchj
                0x00003c48       0x88 c:/winavr-20100110/bin/../lib/gcc/avr/4.3.3/../../../../avr/lib\libpololu_atmega1284p.a(OrangutanSerial.o)
                0x00003c48                OrangutanSerial::receiveBlocking(unsigned char, char*, unsigned char, unsigned int)
 .text.serial_receive_blocking
                0x00003cd0        0x6 c:/winavr-20100110/bin/../lib/gcc/avr/4.3.3/../../../../avr/lib\libpololu_atmega1284p.a(OrangutanSerial.o)
                0x00003cd0                serial_receive_blocking
 .text.serial_check
                0x00003cd6        0x6 c:/winavr-20100110/bin/../lib/gcc/avr/4.3.3/../../../../avr/lib\libpololu_atmega1284p.a(OrangutanSerial.o)
                0x00003cd6                serial_check
 .text.__vector_11
                0x00003cdc       0x74 c:/winavr-20100110/bin/../lib/gcc/avr/4.3.3/../../../../avr/lib\libpololu_atmega1284p.a(OrangutanTime.o)
                0x00003cdc                __vector_11
 .text.ticks_to_microseconds
                0x00003d50       0x22 c:/winavr-20100110/bin/../lib/gcc/avr/4.3.3/../../../../avr/lib\libpololu_atmega1284p.a(OrangutanTime.o)
                0x00003d50                ticks_to_microseconds
 .text.delay_ms
                0x00003d72       0x1e c:/winavr-20100110/bin/../lib/gcc/avr/4.3.3/../../../../avr/lib\libpololu_atmega1284p.a(OrangutanTime.o)
                0x00003d72                delay_ms
 .text._ZN13OrangutanTime19ticksToMicrosecondsEm
                0x00003d90       0x22 c:/winavr-20100110/bin/../lib/gcc/avr/4.3.3/../../../../avr/lib\libpololu_atmega1284p.a(OrangutanTime.o)
                0x00003d90                OrangutanTime::ticksToMicroseconds(unsigned long)
 .text._ZN13OrangutanTime17delayMillisecondsEj
                0x00003db2       0x1e c:/winavr-20100110/bin/../lib/gcc/avr/4.3.3/../../../../avr/lib\libpololu_atmega1284p.a(OrangutanTime.o)
                0x00003db2                OrangutanTime::delayMilliseconds(unsigned int)
 .text._ZN13OrangutanTime5init2Ev
                0x00003dd0       0x30 c:/winavr-20100110/bin/../lib/gcc/avr/4.3.3/../../../../avr/lib\libpololu_atmega1284p.a(OrangutanTime.o)
                0x00003dd0                OrangutanTime::init2()
 .text._ZN13OrangutanTime4initEv
                0x00003e00       0x14 c:/winavr-20100110/bin/../lib/gcc/avr/4.3.3/../../../../avr/lib\libpololu_atmega1284p.a(OrangutanTime.o)
                0x00003e00                OrangutanTime::init()
 .text._ZN13OrangutanTime2msEv
                0x00003e14       0x2a c:/winavr-20100110/bin/../lib/gcc/avr/4.3.3/../../../../avr/lib\libpololu_atmega1284p.a(OrangutanTime.o)
                0x00003e14                OrangutanTime::ms()
 .text.get_ms   0x00003e3e        0x6 c:/winavr-20100110/bin/../lib/gcc/avr/4.3.3/../../../../avr/lib\libpololu_atmega1284p.a(OrangutanTime.o)
                0x00003e3e                get_ms
 .text._ZN13OrangutanTime5ticksEv
                0x00003e44       0x6a c:/winavr-20100110/bin/../lib/gcc/avr/4.3.3/../../../../avr/lib\libpololu_atmega1284p.a(OrangutanTime.o)
                0x00003e44                OrangutanTime::ticks()
 .text.get_ticks
                0x00003eae        0x6 c:/winavr-20100110/bin/../lib/gcc/avr/4.3.3/../../../../avr/lib\libpololu_atmega1284p.a(OrangutanTime.o)
                0x00003eae                get_ticks
 .text._ZN13OrangutanTime5resetEv
                0x00003eb4       0x2e c:/winavr-20100110/bin/../lib/gcc/avr/4.3.3/../../../../avr/lib\libpololu_atmega1284p.a(OrangutanTime.o)
                0x00003eb4                OrangutanTime::reset()
 .text.time_reset
                0x00003ee2        0x6 c:/winavr-20100110/bin/../lib/gcc/avr/4.3.3/../../../../avr/lib\libpololu_atmega1284p.a(OrangutanTime.o)
                0x00003ee2                time_reset
 .text._ZN12OrangutanSVP7setModeEh
                0x00003ee8       0x1a c:/winavr-20100110/bin/../lib/gcc/avr/4.3.3/../../../../avr/lib\libpololu_atmega1284p.a(OrangutanSVP.o)
                0x00003ee8                OrangutanSVP::setMode(unsigned char)
 .text.svp_set_mode
                0x00003f02        0x6 c:/winavr-20100110/bin/../lib/gcc/avr/4.3.3/../../../../avr/lib\libpololu_atmega1284p.a(OrangutanSVP.o)
                0x00003f02                svp_set_mode
 .text._ZN12OrangutanSVP17serialSendIfReadyEc
                0x00003f08       0x20 c:/winavr-20100110/bin/../lib/gcc/avr/4.3.3/../../../../avr/lib\libpololu_atmega1284p.a(OrangutanSVP.o)
                0x00003f08                OrangutanSVP::serialSendIfReady(char)
 .text._ZN12OrangutanSVP11getNextByteEv
                0x00003f28        0xa c:/winavr-20100110/bin/../lib/gcc/avr/4.3.3/../../../../avr/lib\libpololu_atmega1284p.a(OrangutanSVP.o)
                0x00003f28                OrangutanSVP::getNextByte()
 .text._ZL23updateVariablesIfNeededv
                0x00003f32       0x56 c:/winavr-20100110/bin/../lib/gcc/avr/4.3.3/../../../../avr/lib\libpololu_atmega1284p.a(OrangutanSVP.o)
 .text._ZN12OrangutanSVP9getStatusEv
                0x00003f88        0xa c:/winavr-20100110/bin/../lib/gcc/avr/4.3.3/../../../../avr/lib\libpololu_atmega1284p.a(OrangutanSVP.o)
                0x00003f88                OrangutanSVP::getStatus()
 .text.svp_get_status
                0x00003f92        0x6 c:/winavr-20100110/bin/../lib/gcc/avr/4.3.3/../../../../avr/lib\libpololu_atmega1284p.a(OrangutanSVP.o)
                0x00003f92                svp_get_status
 .text._ZN12OrangutanSVP21getChannelDMillivoltsEv
                0x00003f98        0xe c:/winavr-20100110/bin/../lib/gcc/avr/4.3.3/../../../../avr/lib\libpololu_atmega1284p.a(OrangutanSVP.o)
                0x00003f98                OrangutanSVP::getChannelDMillivolts()
 .text._ZN12OrangutanSVP21getChannelCMillivoltsEv
                0x00003fa6        0xe c:/winavr-20100110/bin/../lib/gcc/avr/4.3.3/../../../../avr/lib\libpololu_atmega1284p.a(OrangutanSVP.o)
                0x00003fa6                OrangutanSVP::getChannelCMillivolts()
 .text._ZN12OrangutanSVP21getChannelBMillivoltsEv
                0x00003fb4        0xe c:/winavr-20100110/bin/../lib/gcc/avr/4.3.3/../../../../avr/lib\libpololu_atmega1284p.a(OrangutanSVP.o)
                0x00003fb4                OrangutanSVP::getChannelBMillivolts()
 .text._ZN12OrangutanSVP21getChannelAMillivoltsEv
                0x00003fc2        0xe c:/winavr-20100110/bin/../lib/gcc/avr/4.3.3/../../../../avr/lib\libpololu_atmega1284p.a(OrangutanSVP.o)
                0x00003fc2                OrangutanSVP::getChannelAMillivolts()
 .text._ZN12OrangutanSVP20getBatteryMillivoltsEv
                0x00003fd0        0xe c:/winavr-20100110/bin/../lib/gcc/avr/4.3.3/../../../../avr/lib\libpololu_atmega1284p.a(OrangutanSVP.o)
                0x00003fd0                OrangutanSVP::getBatteryMillivolts()
 .text._ZN12OrangutanSVP20getTrimpotMillivoltsEv
                0x00003fde        0xe c:/winavr-20100110/bin/../lib/gcc/avr/4.3.3/../../../../avr/lib\libpololu_atmega1284p.a(OrangutanSVP.o)
                0x00003fde                OrangutanSVP::getTrimpotMillivolts()
 .text._ZN12OrangutanSVP15serialReadStartEv
                0x00003fec        0xe c:/winavr-20100110/bin/../lib/gcc/avr/4.3.3/../../../../avr/lib\libpololu_atmega1284p.a(OrangutanSVP.o)
                0x00003fec                OrangutanSVP::serialReadStart()
 .text._Z14updateEncodersv
                0x00003ffa       0x6a c:/winavr-20100110/bin/../lib/gcc/avr/4.3.3/../../../../avr/lib\libpololu_atmega1284p.a(OrangutanSVP.o)
                0x00003ffa                updateEncoders()
 .text._ZL22updateEncodersIfNeededv
                0x00004064       0x38 c:/winavr-20100110/bin/../lib/gcc/avr/4.3.3/../../../../avr/lib\libpololu_atmega1284p.a(OrangutanSVP.o)
 .text._ZN12OrangutanSVP12checkErrorCDEv
                0x0000409c       0x1a c:/winavr-20100110/bin/../lib/gcc/avr/4.3.3/../../../../avr/lib\libpololu_atmega1284p.a(OrangutanSVP.o)
                0x0000409c                OrangutanSVP::checkErrorCD()
 .text.svp_check_error_cd
                0x000040b6        0x6 c:/winavr-20100110/bin/../lib/gcc/avr/4.3.3/../../../../avr/lib\libpololu_atmega1284p.a(OrangutanSVP.o)
                0x000040b6                svp_check_error_cd
 .text._ZN12OrangutanSVP12checkErrorABEv
                0x000040bc       0x1a c:/winavr-20100110/bin/../lib/gcc/avr/4.3.3/../../../../avr/lib\libpololu_atmega1284p.a(OrangutanSVP.o)
                0x000040bc                OrangutanSVP::checkErrorAB()
 .text.svp_check_error_ab
                0x000040d6        0x6 c:/winavr-20100110/bin/../lib/gcc/avr/4.3.3/../../../../avr/lib\libpololu_atmega1284p.a(OrangutanSVP.o)
                0x000040d6                svp_check_error_ab
 .text._ZN12OrangutanSVP11getCountsCDEv
                0x000040dc       0x1c c:/winavr-20100110/bin/../lib/gcc/avr/4.3.3/../../../../avr/lib\libpololu_atmega1284p.a(OrangutanSVP.o)
                0x000040dc                OrangutanSVP::getCountsCD()
 .text._ZN12OrangutanSVP19getCountsAndResetCDEv
                0x000040f8       0x16 c:/winavr-20100110/bin/../lib/gcc/avr/4.3.3/../../../../avr/lib\libpololu_atmega1284p.a(OrangutanSVP.o)
                0x000040f8                OrangutanSVP::getCountsAndResetCD()
 .text.svp_get_counts_and_reset_cd
                0x0000410e        0x6 c:/winavr-20100110/bin/../lib/gcc/avr/4.3.3/../../../../avr/lib\libpololu_atmega1284p.a(OrangutanSVP.o)
                0x0000410e                svp_get_counts_and_reset_cd
 .text.svp_get_counts_cd
                0x00004114        0x6 c:/winavr-20100110/bin/../lib/gcc/avr/4.3.3/../../../../avr/lib\libpololu_atmega1284p.a(OrangutanSVP.o)
                0x00004114                svp_get_counts_cd
 .text._ZN12OrangutanSVP11getCountsABEv
                0x0000411a       0x1c c:/winavr-20100110/bin/../lib/gcc/avr/4.3.3/../../../../avr/lib\libpololu_atmega1284p.a(OrangutanSVP.o)
                0x0000411a                OrangutanSVP::getCountsAB()
 .text._ZN12OrangutanSVP19getCountsAndResetABEv
                0x00004136       0x16 c:/winavr-20100110/bin/../lib/gcc/avr/4.3.3/../../../../avr/lib\libpololu_atmega1284p.a(OrangutanSVP.o)
                0x00004136                OrangutanSVP::getCountsAndResetAB()
 .text.svp_get_counts_and_reset_ab
                0x0000414c        0x6 c:/winavr-20100110/bin/../lib/gcc/avr/4.3.3/../../../../avr/lib\libpololu_atmega1284p.a(OrangutanSVP.o)
                0x0000414c                svp_get_counts_and_reset_ab
 .text.svp_get_counts_ab
                0x00004152        0x6 c:/winavr-20100110/bin/../lib/gcc/avr/4.3.3/../../../../avr/lib\libpololu_atmega1284p.a(OrangutanSVP.o)
                0x00004152                svp_get_counts_ab
 .text._ZN12OrangutanSVP18getFirmwareVersionEv
                0x00004158        0xe c:/winavr-20100110/bin/../lib/gcc/avr/4.3.3/../../../../avr/lib\libpololu_atmega1284p.a(OrangutanSVP.o)
                0x00004158                OrangutanSVP::getFirmwareVersion()
 .text.svp_get_firmware_version
                0x00004166        0x6 c:/winavr-20100110/bin/../lib/gcc/avr/4.3.3/../../../../avr/lib\libpololu_atmega1284p.a(OrangutanSVP.o)
                0x00004166                svp_get_firmware_version
 .text._ZN18OrangutanSPIMaster4initEhh
                0x0000416c       0x4c c:/winavr-20100110/bin/../lib/gcc/avr/4.3.3/../../../../avr/lib\libpololu_atmega1284p.a(OrangutanSPIMaster.o)
                0x0000416c                OrangutanSPIMaster::init(unsigned char, unsigned char)
 .text._ZN18OrangutanSPIMaster16transmitAndDelayEhh
                0x000041b8       0x54 c:/winavr-20100110/bin/../lib/gcc/avr/4.3.3/../../../../avr/lib\libpololu_atmega1284p.a(OrangutanSPIMaster.o)
                0x000041b8                OrangutanSPIMaster::transmitAndDelay(unsigned char, unsigned char)
 .text._ZN18OrangutanSPIMaster8transmitEh
                0x0000420c        0x8 c:/winavr-20100110/bin/../lib/gcc/avr/4.3.3/../../../../avr/lib\libpololu_atmega1284p.a(OrangutanSPIMaster.o)
                0x0000420c                OrangutanSPIMaster::transmit(unsigned char)
 .text.spi_master_transmit
                0x00004214        0x6 c:/winavr-20100110/bin/../lib/gcc/avr/4.3.3/../../../../avr/lib\libpololu_atmega1284p.a(OrangutanSPIMaster.o)
                0x00004214                spi_master_transmit
 .text.spi_master_transmit_and_delay
                0x0000421a        0x6 c:/winavr-20100110/bin/../lib/gcc/avr/4.3.3/../../../../avr/lib\libpololu_atmega1284p.a(OrangutanSPIMaster.o)
                0x0000421a                spi_master_transmit_and_delay
 .text.spi_master_init
                0x00004220        0x6 c:/winavr-20100110/bin/../lib/gcc/avr/4.3.3/../../../../avr/lib\libpololu_atmega1284p.a(OrangutanSPIMaster.o)
                0x00004220                spi_master_init
 .text.libgcc   0x00004226       0x3e c:/winavr-20100110/bin/../lib/gcc/avr/4.3.3/avr51\libgcc.a(_mulsi3.o)
                0x00004226                __mulsi3
 .text.libgcc   0x00004264       0x26 c:/winavr-20100110/bin/../lib/gcc/avr/4.3.3/avr51\libgcc.a(_divmodhi4.o)
                0x00004264                __divmodhi4
                0x00004264                _div
 .text.libgcc   0x0000428a       0x44 c:/winavr-20100110/bin/../lib/gcc/avr/4.3.3/avr51\libgcc.a(_udivmodsi4.o)
                0x0000428a                __udivmodsi4
 .text.libgcc   0x000042ce       0x38 c:/winavr-20100110/bin/../lib/gcc/avr/4.3.3/avr51\libgcc.a(_prologue.o)
                0x000042ce                __prologue_saves__
 .text.libgcc   0x00004306       0x36 c:/winavr-20100110/bin/../lib/gcc/avr/4.3.3/avr51\libgcc.a(_epilogue.o)
                0x00004306                __epilogue_restores__
 .text.libgcc   0x0000433c        0x0 c:/winavr-20100110/bin/../lib/gcc/avr/4.3.3/avr51\libgcc.a(_exit.o)
 .text.libgcc   0x0000433c        0x0 c:/winavr-20100110/bin/../lib/gcc/avr/4.3.3/avr51\libgcc.a(_clear_bss.o)
 .text.libgcc   0x0000433c       0x28 c:/winavr-20100110/bin/../lib/gcc/avr/4.3.3/avr51\libgcc.a(_udivmodhi4.o)
                0x0000433c                __udivmodhi4
 .text.avr-libc
                0x00004364      0x20a c:/winavr-20100110/bin/../lib/gcc/avr/4.3.3/../../../../avr/lib/avr51\libc.a(malloc.o)
                0x00004364                malloc
                0x000044be                free
 .text.avr-libc
                0x0000456e       0x42 c:/winavr-20100110/bin/../lib/gcc/avr/4.3.3/../../../../avr/lib/avr51\libc.a(itoa.o)
                0x0000456e                itoa
 .text.avr-libc
                0x000045b0       0x98 c:/winavr-20100110/bin/../lib/gcc/avr/4.3.3/../../../../avr/lib/avr51\libc.a(fdevopen.o)
                0x000045b0                fdevopen
 .text.avr-libc
                0x00004648       0x38 c:/winavr-20100110/bin/../lib/gcc/avr/4.3.3/../../../../avr/lib/avr51\libc.a(calloc.o)
                0x00004648                calloc
 .text.avr-libc
                0x00004680        0xe c:/winavr-20100110/bin/../lib/gcc/avr/4.3.3/../../../../avr/lib/avr51\libc.a(memset.o)
                0x00004680                memset
 .text.avr-libc
                0x0000468e       0x20 c:/winavr-20100110/bin/../lib/gcc/avr/4.3.3/../../../../avr/lib/avr51\libc.a(strrev.o)
                0x0000468e                strrev
                0x000046ae                . = ALIGN (0x2)
 *(.fini9)
 .fini9         0x000046ae        0x0 c:/winavr-20100110/bin/../lib/gcc/avr/4.3.3/avr51\libgcc.a(_exit.o)
                0x000046ae                exit
                0x000046ae                _exit
 *(.fini9)
 *(.fini8)
 *(.fini8)
 *(.fini7)
 *(.fini7)
 *(.fini6)
 *(.fini6)
 *(.fini5)
 *(.fini5)
 *(.fini4)
 *(.fini4)
 *(.fini3)
 *(.fini3)
 *(.fini2)
 *(.fini2)
 *(.fini1)
 *(.fini1)
 *(.fini0)
 .fini0         0x000046ae        0x4 c:/winavr-20100110/bin/../lib/gcc/avr/4.3.3/avr51\libgcc.a(_exit.o)
 *(.fini0)
                0x000046b2                _etext = .

.data           0x00800100      0x808 load address 0x000046b2
                0x00800100                PROVIDE (__data_start, .)
 *(.data)
 .data          0x00800100        0x0 c:/winavr-20100110/bin/../lib/gcc/avr/4.3.3/../../../../avr/lib/avr51/crtm1284p.o
 .data          0x00800100        0x0 i2cmaster/twimaster.o
 .data          0x00800100      0x7d9 DASCH_Plate_Cleaner_Rev2.o
                0x0080041b                plateLoadMotorLoadPlate
                0x0080041f                fixtureLiftExtra
                0x00800407                totalStepLength1
                0x00800415                fixtureMotorSmallHalfPlate
                0x008003fb                kWait
                0x0080040d                totalStepLength4
                0x00800411                delayTimeMicroSeconds
                0x008003f7                pWait
                0x00800419                fixtureMotorDry
                0x00800405                highLength5
                0x00800423                fixtureMotorDry2Step
                0x00800421                fixtureMotorDry1Extra
                0x00800889                run_states_msg_list
                0x0080040f                totalStepLength5
                0x00800409                totalStepLength2
                0x00800403                highLength4
                0x0080041d                plateLoadExtra
                0x008003fd                highLength1
                0x008003ff                highLength2
                0x00800401                highLength3
                0x008003f9                mWait
                0x00800413                stepFactor
                0x0080040b                totalStepLength3
                0x00800417                fixtureMotorBigHalfPlate
                0x00800425                fixtureLift2Extra
 .data          0x008008d9        0x2 c:/winavr-20100110/bin/../lib/gcc/avr/4.3.3/../../../../avr/lib\libpololu_atmega1284p.a(OrangutanLCD.o)
                0x008008da                numLCDCols
                0x008008d9                numLCDRows
 .data          0x008008db       0x1e c:/winavr-20100110/bin/../lib/gcc/avr/4.3.3/../../../../avr/lib\libpololu_atmega1284p.a(OrangutanSerial.o)
                0x008008db                OrangutanSerial::ports
 .data          0x008008f9        0x0 c:/winavr-20100110/bin/../lib/gcc/avr/4.3.3/../../../../avr/lib\libpololu_atmega1284p.a(OrangutanTime.o)
 .data          0x008008f9        0x8 c:/winavr-20100110/bin/../lib/gcc/avr/4.3.3/../../../../avr/lib\libpololu_atmega1284p.a(OrangutanSVP.o)
 .data          0x00800901        0x0 c:/winavr-20100110/bin/../lib/gcc/avr/4.3.3/../../../../avr/lib\libpololu_atmega1284p.a(OrangutanSPIMaster.o)
 .data          0x00800901        0x0 c:/winavr-20100110/bin/../lib/gcc/avr/4.3.3/avr51\libgcc.a(_mulsi3.o)
 .data          0x00800901        0x0 c:/winavr-20100110/bin/../lib/gcc/avr/4.3.3/avr51\libgcc.a(_divmodhi4.o)
 .data          0x00800901        0x0 c:/winavr-20100110/bin/../lib/gcc/avr/4.3.3/avr51\libgcc.a(_udivmodsi4.o)
 .data          0x00800901        0x0 c:/winavr-20100110/bin/../lib/gcc/avr/4.3.3/avr51\libgcc.a(_prologue.o)
 .data          0x00800901        0x0 c:/winavr-20100110/bin/../lib/gcc/avr/4.3.3/avr51\libgcc.a(_epilogue.o)
 .data          0x00800901        0x0 c:/winavr-20100110/bin/../lib/gcc/avr/4.3.3/avr51\libgcc.a(_exit.o)
 .data          0x00800901        0x0 c:/winavr-20100110/bin/../lib/gcc/avr/4.3.3/avr51\libgcc.a(_clear_bss.o)
 .data          0x00800901        0x0 c:/winavr-20100110/bin/../lib/gcc/avr/4.3.3/avr51\libgcc.a(_udivmodhi4.o)
 .data          0x00800901        0x6 c:/winavr-20100110/bin/../lib/gcc/avr/4.3.3/../../../../avr/lib/avr51\libc.a(malloc.o)
                0x00800903                __malloc_heap_start
                0x00800905                __malloc_heap_end
                0x00800901                __malloc_margin
 .data          0x00800907        0x0 c:/winavr-20100110/bin/../lib/gcc/avr/4.3.3/../../../../avr/lib/avr51\libc.a(itoa.o)
 .data          0x00800907        0x0 c:/winavr-20100110/bin/../lib/gcc/avr/4.3.3/../../../../avr/lib/avr51\libc.a(fdevopen.o)
 .data          0x00800907        0x0 c:/winavr-20100110/bin/../lib/gcc/avr/4.3.3/../../../../avr/lib/avr51\libc.a(iob.o)
 .data          0x00800907        0x0 c:/winavr-20100110/bin/../lib/gcc/avr/4.3.3/../../../../avr/lib/avr51\libc.a(calloc.o)
 .data          0x00800907        0x0 c:/winavr-20100110/bin/../lib/gcc/avr/4.3.3/../../../../avr/lib/avr51\libc.a(memset.o)
 .data          0x00800907        0x0 c:/winavr-20100110/bin/../lib/gcc/avr/4.3.3/../../../../avr/lib/avr51\libc.a(strrev.o)
 *(.data*)
 *(.rodata)
 *(.rodata*)
 *(.gnu.linkonce.d*)
                0x00800908                . = ALIGN (0x2)
 *fill*         0x00800907        0x1 00
                0x00800908                _edata = .
                0x00800908                PROVIDE (__data_end, .)

.bss            0x00800908       0x48
                0x00800908                PROVIDE (__bss_start, .)
 *(.bss)
 .bss           0x00800908        0x0 c:/winavr-20100110/bin/../lib/gcc/avr/4.3.3/../../../../avr/lib/avr51/crtm1284p.o
 .bss           0x00800908        0x0 i2cmaster/twimaster.o
 .bss           0x00800908        0x4 DASCH_Plate_Cleaner_Rev2.o
 .bss           0x0080090c        0x9 c:/winavr-20100110/bin/../lib/gcc/avr/4.3.3/../../../../avr/lib\libpololu_atmega1284p.a(OrangutanLCD.o)
                0x0080090c                printf_chars
                0x00800910                lcdTimeout
                0x0080090f                col
                0x00800914                OrangutanLCD::init()::initialized
                0x0080090e                row
 .bss           0x00800915        0x9 c:/winavr-20100110/bin/../lib/gcc/avr/4.3.3/../../../../avr/lib\libpololu_atmega1284p.a(OrangutanSerial.o)
 .bss           0x0080091e        0xb c:/winavr-20100110/bin/../lib/gcc/avr/4.3.3/../../../../avr/lib\libpololu_atmega1284p.a(OrangutanTime.o)
                0x00800928                OrangutanTime::init()::initialized
                0x0080091e                tickCount
                0x00800922                msCounter
                0x00800926                us_over_10
 .bss           0x00800929       0x17 c:/winavr-20100110/bin/../lib/gcc/avr/4.3.3/../../../../avr/lib\libpololu_atmega1284p.a(OrangutanSVP.o)
                0x0080092b                lastCountCD
                0x00800929                lastCountAB
 .bss           0x00800940        0x0 c:/winavr-20100110/bin/../lib/gcc/avr/4.3.3/../../../../avr/lib\libpololu_atmega1284p.a(OrangutanSPIMaster.o)
 .bss           0x00800940        0x0 c:/winavr-20100110/bin/../lib/gcc/avr/4.3.3/avr51\libgcc.a(_mulsi3.o)
 .bss           0x00800940        0x0 c:/winavr-20100110/bin/../lib/gcc/avr/4.3.3/avr51\libgcc.a(_divmodhi4.o)
 .bss           0x00800940        0x0 c:/winavr-20100110/bin/../lib/gcc/avr/4.3.3/avr51\libgcc.a(_udivmodsi4.o)
 .bss           0x00800940        0x0 c:/winavr-20100110/bin/../lib/gcc/avr/4.3.3/avr51\libgcc.a(_prologue.o)
 .bss           0x00800940        0x0 c:/winavr-20100110/bin/../lib/gcc/avr/4.3.3/avr51\libgcc.a(_epilogue.o)
 .bss           0x00800940        0x0 c:/winavr-20100110/bin/../lib/gcc/avr/4.3.3/avr51\libgcc.a(_exit.o)
 .bss           0x00800940        0x0 c:/winavr-20100110/bin/../lib/gcc/avr/4.3.3/avr51\libgcc.a(_clear_bss.o)
 .bss           0x00800940        0x0 c:/winavr-20100110/bin/../lib/gcc/avr/4.3.3/avr51\libgcc.a(_udivmodhi4.o)
 .bss           0x00800940        0x0 c:/winavr-20100110/bin/../lib/gcc/avr/4.3.3/../../../../avr/lib/avr51\libc.a(malloc.o)
 .bss           0x00800940        0x0 c:/winavr-20100110/bin/../lib/gcc/avr/4.3.3/../../../../avr/lib/avr51\libc.a(itoa.o)
 .bss           0x00800940        0x0 c:/winavr-20100110/bin/../lib/gcc/avr/4.3.3/../../../../avr/lib/avr51\libc.a(fdevopen.o)
 .bss           0x00800940        0x0 c:/winavr-20100110/bin/../lib/gcc/avr/4.3.3/../../../../avr/lib/avr51\libc.a(iob.o)
 .bss           0x00800940        0x0 c:/winavr-20100110/bin/../lib/gcc/avr/4.3.3/../../../../avr/lib/avr51\libc.a(calloc.o)
 .bss           0x00800940        0x0 c:/winavr-20100110/bin/../lib/gcc/avr/4.3.3/../../../../avr/lib/avr51\libc.a(memset.o)
 .bss           0x00800940        0x0 c:/winavr-20100110/bin/../lib/gcc/avr/4.3.3/../../../../avr/lib/avr51\libc.a(strrev.o)
 *(.bss*)
 *(COMMON)
 COMMON         0x00800940        0x6 DASCH_Plate_Cleaner_Rev2.o
                0x00800940                u_inputByte0
                0x00800941                u_motorByte1
                0x00800942                u_outputByte1
                0x00800943                u_inputByte1
                0x00800944                u_outputByte0
                0x00800945                u_motorByte0
 COMMON         0x00800946        0x4 c:/winavr-20100110/bin/../lib/gcc/avr/4.3.3/../../../../avr/lib/avr51\libc.a(malloc.o)
                0x00800946                __brkval
                0x00800948                __flp
 COMMON         0x0080094a        0x6 c:/winavr-20100110/bin/../lib/gcc/avr/4.3.3/../../../../avr/lib/avr51\libc.a(iob.o)
                0x0080094a                __iob
                0x00800950                PROVIDE (__bss_end, .)
                0x000046b2                __data_load_start = LOADADDR (.data)
                0x00004eba                __data_load_end = (__data_load_start + SIZEOF (.data))

.noinit         0x00800950        0x0
                0x00800950                PROVIDE (__noinit_start, .)
 *(.noinit*)
                0x00800950                PROVIDE (__noinit_end, .)
                0x00800950                _end = .
                0x00800950                PROVIDE (__heap_start, .)

.eeprom         0x00810000        0x0
 *(.eeprom*)
                0x00810000                __eeprom_end = .

.fuse
 *(.fuse)
 *(.lfuse)
 *(.hfuse)
 *(.efuse)

.lock
 *(.lock*)

.signature
 *(.signature*)

.stab           0x00000000     0x5274
 *(.stab)
 .stab          0x00000000     0x1f2c c:/winavr-20100110/bin/../lib/gcc/avr/4.3.3/../../../../avr/lib\libpololu_atmega1284p.a(OrangutanLCD.o)
 .stab          0x00001f2c     0x1680 c:/winavr-20100110/bin/../lib/gcc/avr/4.3.3/../../../../avr/lib\libpololu_atmega1284p.a(OrangutanSerial.o)
                               0x168c (size before relaxing)
 .stab          0x000035ac      0x8f4 c:/winavr-20100110/bin/../lib/gcc/avr/4.3.3/../../../../avr/lib\libpololu_atmega1284p.a(OrangutanTime.o)
                                0x900 (size before relaxing)
 .stab          0x00003ea0      0xd68 c:/winavr-20100110/bin/../lib/gcc/avr/4.3.3/../../../../avr/lib\libpololu_atmega1284p.a(OrangutanSVP.o)
                                0xd74 (size before relaxing)
 .stab          0x00004c08      0x66c c:/winavr-20100110/bin/../lib/gcc/avr/4.3.3/../../../../avr/lib\libpololu_atmega1284p.a(OrangutanSPIMaster.o)
                                0x678 (size before relaxing)

.stabstr        0x00000000     0x544b
 *(.stabstr)
 .stabstr       0x00000000     0x544b c:/winavr-20100110/bin/../lib/gcc/avr/4.3.3/../../../../avr/lib\libpololu_atmega1284p.a(OrangutanLCD.o)

.stab.excl
 *(.stab.excl)

.stab.exclstr
 *(.stab.exclstr)

.stab.index
 *(.stab.index)

.stab.indexstr
 *(.stab.indexstr)

.comment
 *(.comment)

.debug
 *(.debug)

.line
 *(.line)

.debug_srcinfo
 *(.debug_srcinfo)

.debug_sfnames
 *(.debug_sfnames)

.debug_aranges  0x00000000       0x40
 *(.debug_aranges)
 .debug_aranges
                0x00000000       0x20 i2cmaster/twimaster.o
 .debug_aranges
                0x00000020       0x20 DASCH_Plate_Cleaner_Rev2.o

.debug_pubnames
                0x00000000      0x3fc
 *(.debug_pubnames)
 .debug_pubnames
                0x00000000       0x8d i2cmaster/twimaster.o
 .debug_pubnames
                0x0000008d      0x36f DASCH_Plate_Cleaner_Rev2.o

.debug_info     0x00000000     0x13e7
 *(.debug_info)
 .debug_info    0x00000000      0x196 i2cmaster/twimaster.o
 .debug_info    0x00000196     0x1251 DASCH_Plate_Cleaner_Rev2.o
 *(.gnu.linkonce.wi.*)

.debug_abbrev   0x00000000      0x338
 *(.debug_abbrev)
 .debug_abbrev  0x00000000       0xbe i2cmaster/twimaster.o
 .debug_abbrev  0x000000be      0x27a DASCH_Plate_Cleaner_Rev2.o

.debug_line     0x00000000     0x1ccc
 *(.debug_line)
 .debug_line    0x00000000      0x23d i2cmaster/twimaster.o
 .debug_line    0x0000023d     0x1a8f DASCH_Plate_Cleaner_Rev2.o

.debug_frame    0x00000000      0x190
 *(.debug_frame)
 .debug_frame   0x00000000       0x90 i2cmaster/twimaster.o
 .debug_frame   0x00000090      0x100 DASCH_Plate_Cleaner_Rev2.o

.debug_str      0x00000000      0xb83
 *(.debug_str)
 .debug_str     0x00000000      0x137 i2cmaster/twimaster.o
                                0x16b (size before relaxing)
 .debug_str     0x00000137      0xa4c DASCH_Plate_Cleaner_Rev2.o
                                0xbd8 (size before relaxing)

.debug_loc      0x00000000     0x136e
 *(.debug_loc)
 .debug_loc     0x00000000       0xbf i2cmaster/twimaster.o
 .debug_loc     0x000000bf     0x12af DASCH_Plate_Cleaner_Rev2.o

.debug_macinfo
 *(.debug_macinfo)
OUTPUT(DASCH_Plate_Cleaner_Rev2.elf elf32-avr)
LOAD linker stubs
