Archive member included because of file (symbol)

c:/winavr-20100110/bin/../lib/gcc/avr/4.3.3/../../../../avr/lib\libpololu_atmega1284p.a(OrangutanLCD.o)
                              DASCH_Plate_Cleaner_Rev0.o (OrangutanLCD::clear())
c:/winavr-20100110/bin/../lib/gcc/avr/4.3.3/../../../../avr/lib\libpololu_atmega1284p.a(OrangutanTime.o)
                              DASCH_Plate_Cleaner_Rev0.o (OrangutanTime::delayMilliseconds(unsigned int))
c:/winavr-20100110/bin/../lib/gcc/avr/4.3.3/avr51\libgcc.a(_mulsi3.o)
                              c:/winavr-20100110/bin/../lib/gcc/avr/4.3.3/../../../../avr/lib\libpololu_atmega1284p.a(OrangutanLCD.o) (__mulsi3)
c:/winavr-20100110/bin/../lib/gcc/avr/4.3.3/avr51\libgcc.a(_divmodhi4.o)
                              DASCH_Plate_Cleaner_Rev0.o (__divmodhi4)
c:/winavr-20100110/bin/../lib/gcc/avr/4.3.3/avr51\libgcc.a(_udivmodsi4.o)
                              c:/winavr-20100110/bin/../lib/gcc/avr/4.3.3/../../../../avr/lib\libpololu_atmega1284p.a(OrangutanLCD.o) (__udivmodsi4)
c:/winavr-20100110/bin/../lib/gcc/avr/4.3.3/avr51\libgcc.a(_prologue.o)
                              c:/winavr-20100110/bin/../lib/gcc/avr/4.3.3/../../../../avr/lib\libpololu_atmega1284p.a(OrangutanLCD.o) (__prologue_saves__)
c:/winavr-20100110/bin/../lib/gcc/avr/4.3.3/avr51\libgcc.a(_epilogue.o)
                              c:/winavr-20100110/bin/../lib/gcc/avr/4.3.3/../../../../avr/lib\libpololu_atmega1284p.a(OrangutanLCD.o) (__epilogue_restores__)
c:/winavr-20100110/bin/../lib/gcc/avr/4.3.3/avr51\libgcc.a(_exit.o)
                              c:/winavr-20100110/bin/../lib/gcc/avr/4.3.3/../../../../avr/lib/avr51/crtm1284p.o (exit)
c:/winavr-20100110/bin/../lib/gcc/avr/4.3.3/avr51\libgcc.a(_clear_bss.o)
                              DASCH_Plate_Cleaner_Rev0.o (__do_clear_bss)
c:/winavr-20100110/bin/../lib/gcc/avr/4.3.3/avr51\libgcc.a(_udivmodhi4.o)
                              c:/winavr-20100110/bin/../lib/gcc/avr/4.3.3/avr51\libgcc.a(_divmodhi4.o) (__udivmodhi4)
c:/winavr-20100110/bin/../lib/gcc/avr/4.3.3/../../../../avr/lib/avr51\libc.a(malloc.o)
                              DASCH_Plate_Cleaner_Rev0.o (malloc)
c:/winavr-20100110/bin/../lib/gcc/avr/4.3.3/../../../../avr/lib/avr51\libc.a(fdevopen.o)
                              c:/winavr-20100110/bin/../lib/gcc/avr/4.3.3/../../../../avr/lib\libpololu_atmega1284p.a(OrangutanLCD.o) (fdevopen)
c:/winavr-20100110/bin/../lib/gcc/avr/4.3.3/../../../../avr/lib/avr51\libc.a(iob.o)
                              c:/winavr-20100110/bin/../lib/gcc/avr/4.3.3/../../../../avr/lib/avr51\libc.a(fdevopen.o) (__iob)
c:/winavr-20100110/bin/../lib/gcc/avr/4.3.3/../../../../avr/lib/avr51\libc.a(calloc.o)
                              c:/winavr-20100110/bin/../lib/gcc/avr/4.3.3/../../../../avr/lib/avr51\libc.a(fdevopen.o) (calloc)
c:/winavr-20100110/bin/../lib/gcc/avr/4.3.3/../../../../avr/lib/avr51\libc.a(memset.o)
                              c:/winavr-20100110/bin/../lib/gcc/avr/4.3.3/../../../../avr/lib/avr51\libc.a(calloc.o) (memset)

Allocating common symbols
Common symbol       size              file

__brkval            0x2               c:/winavr-20100110/bin/../lib/gcc/avr/4.3.3/../../../../avr/lib/avr51\libc.a(malloc.o)
__flp               0x2               c:/winavr-20100110/bin/../lib/gcc/avr/4.3.3/../../../../avr/lib/avr51\libc.a(malloc.o)
__iob               0x6               c:/winavr-20100110/bin/../lib/gcc/avr/4.3.3/../../../../avr/lib/avr51\libc.a(iob.o)

Memory Configuration

Name             Origin             Length             Attributes
text             0x00000000         0x00020000         xr
data             0x00800060         0x0000ffa0         rw !x
eeprom           0x00810000         0x00010000         rw !x
fuse             0x00820000         0x00000400         rw !x
lock             0x00830000         0x00000400         rw !x
signature        0x00840000         0x00000400         rw !x
*default*        0x00000000         0xffffffff

Linker script and memory map

Address of section .data set to 0x800100
LOAD c:/winavr-20100110/bin/../lib/gcc/avr/4.3.3/../../../../avr/lib/avr51/crtm1284p.o
LOAD DASCH_Plate_Cleaner_Rev0.o
LOAD twimaster.o
LOAD c:/winavr-20100110/bin/../lib/gcc/avr/4.3.3/../../../../avr/lib\libpololu_atmega1284p.a
LOAD c:/winavr-20100110/bin/../lib/gcc/avr/4.3.3/avr51\libgcc.a
LOAD c:/winavr-20100110/bin/../lib/gcc/avr/4.3.3/../../../../avr/lib/avr51\libm.a
LOAD c:/winavr-20100110/bin/../lib/gcc/avr/4.3.3/avr51\libgcc.a
LOAD c:/winavr-20100110/bin/../lib/gcc/avr/4.3.3/../../../../avr/lib/avr51\libc.a
LOAD c:/winavr-20100110/bin/../lib/gcc/avr/4.3.3/avr51\libgcc.a

.hash
 *(.hash)

.dynsym
 *(.dynsym)

.dynstr
 *(.dynstr)

.gnu.version
 *(.gnu.version)

.gnu.version_d
 *(.gnu.version_d)

.gnu.version_r
 *(.gnu.version_r)

.rel.init
 *(.rel.init)

.rela.init
 *(.rela.init)

.rel.text
 *(.rel.text)
 *(.rel.text.*)
 *(.rel.gnu.linkonce.t*)

.rela.text
 *(.rela.text)
 *(.rela.text.*)
 *(.rela.gnu.linkonce.t*)

.rel.fini
 *(.rel.fini)

.rela.fini
 *(.rela.fini)

.rel.rodata
 *(.rel.rodata)
 *(.rel.rodata.*)
 *(.rel.gnu.linkonce.r*)

.rela.rodata
 *(.rela.rodata)
 *(.rela.rodata.*)
 *(.rela.gnu.linkonce.r*)

.rel.data
 *(.rel.data)
 *(.rel.data.*)
 *(.rel.gnu.linkonce.d*)

.rela.data
 *(.rela.data)
 *(.rela.data.*)
 *(.rela.gnu.linkonce.d*)

.rel.ctors
 *(.rel.ctors)

.rela.ctors
 *(.rela.ctors)

.rel.dtors
 *(.rel.dtors)

.rela.dtors
 *(.rela.dtors)

.rel.got
 *(.rel.got)

.rela.got
 *(.rela.got)

.rel.bss
 *(.rel.bss)

.rela.bss
 *(.rela.bss)

.rel.plt
 *(.rel.plt)

.rela.plt
 *(.rela.plt)

.text           0x00000000     0x1d72
 *(.vectors)
 .vectors       0x00000000       0x8c c:/winavr-20100110/bin/../lib/gcc/avr/4.3.3/../../../../avr/lib/avr51/crtm1284p.o
                0x00000000                __vectors
                0x00000000                __vector_default
 *(.vectors)
 *(.progmem.gcc*)
 *(.progmem*)
                0x0000008c                . = ALIGN (0x2)
                0x0000008c                __trampolines_start = .
 *(.trampolines)
 .trampolines   0x0000008c        0x0 linker stubs
 *(.trampolines*)
                0x0000008c                __trampolines_end = .
 *(.jumptables)
 *(.jumptables*)
 *(.lowtext)
 *(.lowtext*)
                0x0000008c                __ctors_start = .
 *(.ctors)
                0x0000008c                __ctors_end = .
                0x0000008c                __dtors_start = .
 *(.dtors)
                0x0000008c                __dtors_end = .
 SORT(*)(.ctors)
 SORT(*)(.dtors)
 *(.init0)
 .init0         0x0000008c        0x0 c:/winavr-20100110/bin/../lib/gcc/avr/4.3.3/../../../../avr/lib/avr51/crtm1284p.o
                0x0000008c                __init
 *(.init0)
 *(.init1)
 *(.init1)
 *(.init2)
 .init2         0x0000008c        0xc c:/winavr-20100110/bin/../lib/gcc/avr/4.3.3/../../../../avr/lib/avr51/crtm1284p.o
 *(.init2)
 *(.init3)
 *(.init3)
 *(.init4)
 .init4         0x00000098       0x1a c:/winavr-20100110/bin/../lib/gcc/avr/4.3.3/../../../../avr/lib/avr51/crtm1284p.o
                0x00000098                __do_copy_data
 .init4         0x000000b2       0x10 c:/winavr-20100110/bin/../lib/gcc/avr/4.3.3/avr51\libgcc.a(_clear_bss.o)
                0x000000b2                __do_clear_bss
 *(.init4)
 *(.init5)
 *(.init5)
 *(.init6)
 *(.init6)
 *(.init7)
 *(.init7)
 *(.init8)
 *(.init8)
 *(.init9)
 .init9         0x000000c2        0x8 c:/winavr-20100110/bin/../lib/gcc/avr/4.3.3/../../../../avr/lib/avr51/crtm1284p.o
 *(.init9)
 *(.text)
 .text          0x000000ca        0x4 c:/winavr-20100110/bin/../lib/gcc/avr/4.3.3/../../../../avr/lib/avr51/crtm1284p.o
                0x000000ca                __vector_22
                0x000000ca                __vector_28
                0x000000ca                __vector_1
                0x000000ca                __vector_32
                0x000000ca                __vector_34
                0x000000ca                __vector_24
                0x000000ca                __vector_12
                0x000000ca                __bad_interrupt
                0x000000ca                __vector_6
                0x000000ca                __vector_31
                0x000000ca                __vector_3
                0x000000ca                __vector_23
                0x000000ca                __vector_30
                0x000000ca                __vector_25
                0x000000ca                __vector_13
                0x000000ca                __vector_17
                0x000000ca                __vector_19
                0x000000ca                __vector_7
                0x000000ca                __vector_27
                0x000000ca                __vector_5
                0x000000ca                __vector_33
                0x000000ca                __vector_4
                0x000000ca                __vector_9
                0x000000ca                __vector_2
                0x000000ca                __vector_21
                0x000000ca                __vector_15
                0x000000ca                __vector_29
                0x000000ca                __vector_8
                0x000000ca                __vector_26
                0x000000ca                __vector_14
                0x000000ca                __vector_10
                0x000000ca                __vector_16
                0x000000ca                __vector_18
                0x000000ca                __vector_20
 .text          0x000000ce      0xcb8 DASCH_Plate_Cleaner_Rev0.o
                0x00000d7a                operator delete(void*)
                0x000000ec                __cxa_pure_virtual
                0x000000ee                main
                0x000000e2                __cxa_guard_release
                0x000000ea                __cxa_guard_abort
                0x00000d80                operator new(unsigned int)
                0x000000ce                __cxa_guard_acquire
 .text          0x00000d86      0x10a twimaster.o
                0x00000e68                i2c_readAck()
                0x00000e44                i2c_write(unsigned char)
                0x00000e2e                i2c_rep_start(unsigned char)
                0x00000d92                i2c_start(unsigned char)
                0x00000dde                i2c_start_wait(unsigned char)
                0x00000e34                i2c_stop()
                0x00000d86                i2c_init()
                0x00000e7c                i2c_readNak()
 .text          0x00000e90        0x0 c:/winavr-20100110/bin/../lib/gcc/avr/4.3.3/../../../../avr/lib\libpololu_atmega1284p.a(OrangutanLCD.o)
 .text          0x00000e90        0x0 c:/winavr-20100110/bin/../lib/gcc/avr/4.3.3/../../../../avr/lib\libpololu_atmega1284p.a(OrangutanTime.o)
 .text          0x00000e90        0x0 c:/winavr-20100110/bin/../lib/gcc/avr/4.3.3/avr51\libgcc.a(_mulsi3.o)
 .text          0x00000e90        0x0 c:/winavr-20100110/bin/../lib/gcc/avr/4.3.3/avr51\libgcc.a(_divmodhi4.o)
 .text          0x00000e90        0x0 c:/winavr-20100110/bin/../lib/gcc/avr/4.3.3/avr51\libgcc.a(_udivmodsi4.o)
 .text          0x00000e90        0x0 c:/winavr-20100110/bin/../lib/gcc/avr/4.3.3/avr51\libgcc.a(_prologue.o)
 .text          0x00000e90        0x0 c:/winavr-20100110/bin/../lib/gcc/avr/4.3.3/avr51\libgcc.a(_epilogue.o)
 .text          0x00000e90        0x0 c:/winavr-20100110/bin/../lib/gcc/avr/4.3.3/avr51\libgcc.a(_exit.o)
 .text          0x00000e90        0x0 c:/winavr-20100110/bin/../lib/gcc/avr/4.3.3/avr51\libgcc.a(_clear_bss.o)
 .text          0x00000e90        0x0 c:/winavr-20100110/bin/../lib/gcc/avr/4.3.3/avr51\libgcc.a(_udivmodhi4.o)
 .text          0x00000e90        0x0 c:/winavr-20100110/bin/../lib/gcc/avr/4.3.3/../../../../avr/lib/avr51\libc.a(malloc.o)
 .text          0x00000e90        0x0 c:/winavr-20100110/bin/../lib/gcc/avr/4.3.3/../../../../avr/lib/avr51\libc.a(fdevopen.o)
 .text          0x00000e90        0x0 c:/winavr-20100110/bin/../lib/gcc/avr/4.3.3/../../../../avr/lib/avr51\libc.a(iob.o)
 .text          0x00000e90        0x0 c:/winavr-20100110/bin/../lib/gcc/avr/4.3.3/../../../../avr/lib/avr51\libc.a(calloc.o)
 .text          0x00000e90        0x0 c:/winavr-20100110/bin/../lib/gcc/avr/4.3.3/../../../../avr/lib/avr51\libc.a(memset.o)
                0x00000e90                . = ALIGN (0x2)
 *(.text.*)
 .text._ZN12OrangutanLCDC2Ev
                0x00000e90        0x2 c:/winavr-20100110/bin/../lib/gcc/avr/4.3.3/../../../../avr/lib\libpololu_atmega1284p.a(OrangutanLCD.o)
                0x00000e90                OrangutanLCD::OrangutanLCD()
 .text._ZN12OrangutanLCDC1Ev
                0x00000e92        0x2 c:/winavr-20100110/bin/../lib/gcc/avr/4.3.3/../../../../avr/lib\libpololu_atmega1284p.a(OrangutanLCD.o)
                0x00000e92                OrangutanLCD::OrangutanLCD()
 .text.void_getchar
                0x00000e94        0x6 c:/winavr-20100110/bin/../lib/gcc/avr/4.3.3/../../../../avr/lib\libpololu_atmega1284p.a(OrangutanLCD.o)
                0x00000e94                void_getchar
 .text._ZN12OrangutanLCD8busyWaitEv
                0x00000e9a       0xca c:/winavr-20100110/bin/../lib/gcc/avr/4.3.3/../../../../avr/lib\libpololu_atmega1284p.a(OrangutanLCD.o)
                0x00000e9a                OrangutanLCD::busyWait()
 .text._ZN12OrangutanLCD8sendDataEh
                0x00000f64       0x3e c:/winavr-20100110/bin/../lib/gcc/avr/4.3.3/../../../../avr/lib\libpololu_atmega1284p.a(OrangutanLCD.o)
                0x00000f64                OrangutanLCD::sendData(unsigned char)
 .text._ZN12OrangutanLCD10initPrintfEv
                0x00000fa2       0x8a c:/winavr-20100110/bin/../lib/gcc/avr/4.3.3/../../../../avr/lib\libpololu_atmega1284p.a(OrangutanLCD.o)
                0x00000fa2                OrangutanLCD::initPrintf()
 .text._ZN12OrangutanLCD10initPrintfEhh
                0x0000102c        0xe c:/winavr-20100110/bin/../lib/gcc/avr/4.3.3/../../../../avr/lib\libpololu_atmega1284p.a(OrangutanLCD.o)
                0x0000102c                OrangutanLCD::initPrintf(unsigned char, unsigned char)
 .text.lcd_init_printf_with_dimensions
                0x0000103a        0xe c:/winavr-20100110/bin/../lib/gcc/avr/4.3.3/../../../../avr/lib\libpololu_atmega1284p.a(OrangutanLCD.o)
                0x0000103a                lcd_init_printf_with_dimensions
 .text.lcd_init_printf
                0x00001048        0x6 c:/winavr-20100110/bin/../lib/gcc/avr/4.3.3/../../../../avr/lib\libpololu_atmega1284p.a(OrangutanLCD.o)
                0x00001048                lcd_init_printf
 .text._ZN12OrangutanLCD5init2Ev
                0x0000104e       0x82 c:/winavr-20100110/bin/../lib/gcc/avr/4.3.3/../../../../avr/lib\libpololu_atmega1284p.a(OrangutanLCD.o)
                0x0000104e                OrangutanLCD::init2()
 .text._ZN12OrangutanLCD4initEv
                0x000010d0       0x14 c:/winavr-20100110/bin/../lib/gcc/avr/4.3.3/../../../../avr/lib\libpololu_atmega1284p.a(OrangutanLCD.o)
                0x000010d0                OrangutanLCD::init()
 .text._ZN12OrangutanLCD4sendEhhh
                0x000010e4       0xa8 c:/winavr-20100110/bin/../lib/gcc/avr/4.3.3/../../../../avr/lib\libpololu_atmega1284p.a(OrangutanLCD.o)
                0x000010e4                OrangutanLCD::send(unsigned char, unsigned char, unsigned char)
 .text._ZN12OrangutanLCD8send_cmdEh
                0x0000118c        0xa c:/winavr-20100110/bin/../lib/gcc/avr/4.3.3/../../../../avr/lib\libpololu_atmega1284p.a(OrangutanLCD.o)
                0x0000118c                OrangutanLCD::send_cmd(unsigned char)
 .text._ZN12OrangutanLCD10moveCursorEhh
                0x00001196       0x24 c:/winavr-20100110/bin/../lib/gcc/avr/4.3.3/../../../../avr/lib\libpololu_atmega1284p.a(OrangutanLCD.o)
                0x00001196                OrangutanLCD::moveCursor(unsigned char, unsigned char)
 .text.lcd_move_cursor
                0x000011ba        0x6 c:/winavr-20100110/bin/../lib/gcc/avr/4.3.3/../../../../avr/lib\libpololu_atmega1284p.a(OrangutanLCD.o)
                0x000011ba                lcd_move_cursor
 .text._ZN12OrangutanLCD10hideCursorEv
                0x000011c0        0x8 c:/winavr-20100110/bin/../lib/gcc/avr/4.3.3/../../../../avr/lib\libpololu_atmega1284p.a(OrangutanLCD.o)
                0x000011c0                OrangutanLCD::hideCursor()
 .text.lcd_hide_cursor
                0x000011c8        0x6 c:/winavr-20100110/bin/../lib/gcc/avr/4.3.3/../../../../avr/lib\libpololu_atmega1284p.a(OrangutanLCD.o)
                0x000011c8                lcd_hide_cursor
 .text._ZN12OrangutanLCD10showCursorEh
                0x000011ce       0x10 c:/winavr-20100110/bin/../lib/gcc/avr/4.3.3/../../../../avr/lib\libpololu_atmega1284p.a(OrangutanLCD.o)
                0x000011ce                OrangutanLCD::showCursor(unsigned char)
 .text.lcd_show_cursor
                0x000011de        0x6 c:/winavr-20100110/bin/../lib/gcc/avr/4.3.3/../../../../avr/lib\libpololu_atmega1284p.a(OrangutanLCD.o)
                0x000011de                lcd_show_cursor
 .text._ZN12OrangutanLCD6gotoXYEhh
                0x000011e4       0x3e c:/winavr-20100110/bin/../lib/gcc/avr/4.3.3/../../../../avr/lib\libpololu_atmega1284p.a(OrangutanLCD.o)
                0x000011e4                OrangutanLCD::gotoXY(unsigned char, unsigned char)
 .text.lcd_goto_xy
                0x00001222        0x6 c:/winavr-20100110/bin/../lib/gcc/avr/4.3.3/../../../../avr/lib\libpololu_atmega1284p.a(OrangutanLCD.o)
                0x00001222                lcd_goto_xy
 .text._ZN12OrangutanLCD5clearEv
                0x00001228       0x5a c:/winavr-20100110/bin/../lib/gcc/avr/4.3.3/../../../../avr/lib\libpololu_atmega1284p.a(OrangutanLCD.o)
                0x00001228                OrangutanLCD::clear()
 .text.clear    0x00001282        0x6 c:/winavr-20100110/bin/../lib/gcc/avr/4.3.3/../../../../avr/lib\libpololu_atmega1284p.a(OrangutanLCD.o)
                0x00001282                clear
 .text._ZN12OrangutanLCD9send_dataEh
                0x00001288        0xa c:/winavr-20100110/bin/../lib/gcc/avr/4.3.3/../../../../avr/lib\libpololu_atmega1284p.a(OrangutanLCD.o)
                0x00001288                OrangutanLCD::send_data(unsigned char)
 .text._ZN12OrangutanLCD11printBinaryEh
                0x00001292       0x3a c:/winavr-20100110/bin/../lib/gcc/avr/4.3.3/../../../../avr/lib\libpololu_atmega1284p.a(OrangutanLCD.o)
                0x00001292                OrangutanLCD::printBinary(unsigned char)
 .text.print_binary
                0x000012cc        0x6 c:/winavr-20100110/bin/../lib/gcc/avr/4.3.3/../../../../avr/lib\libpololu_atmega1284p.a(OrangutanLCD.o)
                0x000012cc                print_binary
 .text._ZN12OrangutanLCD14printHexNibbleEh
                0x000012d2       0x10 c:/winavr-20100110/bin/../lib/gcc/avr/4.3.3/../../../../avr/lib\libpololu_atmega1284p.a(OrangutanLCD.o)
                0x000012d2                OrangutanLCD::printHexNibble(unsigned char)
 .text._ZN12OrangutanLCD8printHexEh
                0x000012e2       0x18 c:/winavr-20100110/bin/../lib/gcc/avr/4.3.3/../../../../avr/lib\libpololu_atmega1284p.a(OrangutanLCD.o)
                0x000012e2                OrangutanLCD::printHex(unsigned char)
 .text._ZN12OrangutanLCD8printHexEj
                0x000012fa       0x14 c:/winavr-20100110/bin/../lib/gcc/avr/4.3.3/../../../../avr/lib\libpololu_atmega1284p.a(OrangutanLCD.o)
                0x000012fa                OrangutanLCD::printHex(unsigned int)
 .text.print_hex
                0x0000130e        0x6 c:/winavr-20100110/bin/../lib/gcc/avr/4.3.3/../../../../avr/lib\libpololu_atmega1284p.a(OrangutanLCD.o)
                0x0000130e                print_hex
 .text.print_hex_byte
                0x00001314        0x6 c:/winavr-20100110/bin/../lib/gcc/avr/4.3.3/../../../../avr/lib\libpololu_atmega1284p.a(OrangutanLCD.o)
                0x00001314                print_hex_byte
 .text._ZN12OrangutanLCD5printEm
                0x0000131a       0xc0 c:/winavr-20100110/bin/../lib/gcc/avr/4.3.3/../../../../avr/lib\libpololu_atmega1284p.a(OrangutanLCD.o)
                0x0000131a                OrangutanLCD::print(unsigned long)
 .text.print_unsigned_long
                0x000013da        0x6 c:/winavr-20100110/bin/../lib/gcc/avr/4.3.3/../../../../avr/lib\libpololu_atmega1284p.a(OrangutanLCD.o)
                0x000013da                print_unsigned_long
 .text._ZN12OrangutanLCD5printEl
                0x000013e0       0x38 c:/winavr-20100110/bin/../lib/gcc/avr/4.3.3/../../../../avr/lib\libpololu_atmega1284p.a(OrangutanLCD.o)
                0x000013e0                OrangutanLCD::print(long)
 .text.print_long
                0x00001418        0x6 c:/winavr-20100110/bin/../lib/gcc/avr/4.3.3/../../../../avr/lib\libpololu_atmega1284p.a(OrangutanLCD.o)
                0x00001418                print_long
 .text._ZN12OrangutanLCD21printFromProgramSpaceEPKc
                0x0000141e       0x1c c:/winavr-20100110/bin/../lib/gcc/avr/4.3.3/../../../../avr/lib\libpololu_atmega1284p.a(OrangutanLCD.o)
                0x0000141e                OrangutanLCD::printFromProgramSpace(char const*)
 .text.print_from_program_space
                0x0000143a        0x6 c:/winavr-20100110/bin/../lib/gcc/avr/4.3.3/../../../../avr/lib\libpololu_atmega1284p.a(OrangutanLCD.o)
                0x0000143a                print_from_program_space
 .text._ZN12OrangutanLCD5printEPKc
                0x00001440       0x1a c:/winavr-20100110/bin/../lib/gcc/avr/4.3.3/../../../../avr/lib\libpololu_atmega1284p.a(OrangutanLCD.o)
                0x00001440                OrangutanLCD::print(char const*)
 .text.print    0x0000145a        0x6 c:/winavr-20100110/bin/../lib/gcc/avr/4.3.3/../../../../avr/lib\libpololu_atmega1284p.a(OrangutanLCD.o)
                0x0000145a                print
 .text._ZN12OrangutanLCD5printEc
                0x00001460        0x6 c:/winavr-20100110/bin/../lib/gcc/avr/4.3.3/../../../../avr/lib\libpololu_atmega1284p.a(OrangutanLCD.o)
                0x00001460                OrangutanLCD::print(char)
 .text.print_character
                0x00001466        0x6 c:/winavr-20100110/bin/../lib/gcc/avr/4.3.3/../../../../avr/lib\libpololu_atmega1284p.a(OrangutanLCD.o)
                0x00001466                print_character
 .text.lcd_putchar
                0x0000146c      0x23a c:/winavr-20100110/bin/../lib/gcc/avr/4.3.3/../../../../avr/lib\libpololu_atmega1284p.a(OrangutanLCD.o)
                0x0000146c                lcd_putchar
 .text._ZN12OrangutanLCD19loadCustomCharacterEPKch
                0x000016a6       0x4c c:/winavr-20100110/bin/../lib/gcc/avr/4.3.3/../../../../avr/lib\libpololu_atmega1284p.a(OrangutanLCD.o)
                0x000016a6                OrangutanLCD::loadCustomCharacter(char const*, unsigned char)
 .text.lcd_load_custom_character
                0x000016f2        0x6 c:/winavr-20100110/bin/../lib/gcc/avr/4.3.3/../../../../avr/lib\libpololu_atmega1284p.a(OrangutanLCD.o)
                0x000016f2                lcd_load_custom_character
 .text._ZN12OrangutanLCD13send_4bit_cmdEh
                0x000016f8        0xa c:/winavr-20100110/bin/../lib/gcc/avr/4.3.3/../../../../avr/lib\libpololu_atmega1284p.a(OrangutanLCD.o)
                0x000016f8                OrangutanLCD::send_4bit_cmd(unsigned char)
 .text._ZN12OrangutanLCD6scrollEhhj
                0x00001702       0x34 c:/winavr-20100110/bin/../lib/gcc/avr/4.3.3/../../../../avr/lib\libpololu_atmega1284p.a(OrangutanLCD.o)
                0x00001702                OrangutanLCD::scroll(unsigned char, unsigned char, unsigned int)
 .text.lcd_scroll
                0x00001736        0x6 c:/winavr-20100110/bin/../lib/gcc/avr/4.3.3/../../../../avr/lib\libpololu_atmega1284p.a(OrangutanLCD.o)
                0x00001736                lcd_scroll
 .text.__vector_11
                0x0000173c       0x74 c:/winavr-20100110/bin/../lib/gcc/avr/4.3.3/../../../../avr/lib\libpololu_atmega1284p.a(OrangutanTime.o)
                0x0000173c                __vector_11
 .text.ticks_to_microseconds
                0x000017b0       0x22 c:/winavr-20100110/bin/../lib/gcc/avr/4.3.3/../../../../avr/lib\libpololu_atmega1284p.a(OrangutanTime.o)
                0x000017b0                ticks_to_microseconds
 .text.delay_ms
                0x000017d2       0x1e c:/winavr-20100110/bin/../lib/gcc/avr/4.3.3/../../../../avr/lib\libpololu_atmega1284p.a(OrangutanTime.o)
                0x000017d2                delay_ms
 .text._ZN13OrangutanTime19ticksToMicrosecondsEm
                0x000017f0       0x22 c:/winavr-20100110/bin/../lib/gcc/avr/4.3.3/../../../../avr/lib\libpololu_atmega1284p.a(OrangutanTime.o)
                0x000017f0                OrangutanTime::ticksToMicroseconds(unsigned long)
 .text._ZN13OrangutanTime17delayMillisecondsEj
                0x00001812       0x1e c:/winavr-20100110/bin/../lib/gcc/avr/4.3.3/../../../../avr/lib\libpololu_atmega1284p.a(OrangutanTime.o)
                0x00001812                OrangutanTime::delayMilliseconds(unsigned int)
 .text._ZN13OrangutanTime5init2Ev
                0x00001830       0x30 c:/winavr-20100110/bin/../lib/gcc/avr/4.3.3/../../../../avr/lib\libpololu_atmega1284p.a(OrangutanTime.o)
                0x00001830                OrangutanTime::init2()
 .text._ZN13OrangutanTime4initEv
                0x00001860       0x14 c:/winavr-20100110/bin/../lib/gcc/avr/4.3.3/../../../../avr/lib\libpololu_atmega1284p.a(OrangutanTime.o)
                0x00001860                OrangutanTime::init()
 .text._ZN13OrangutanTime2msEv
                0x00001874       0x2a c:/winavr-20100110/bin/../lib/gcc/avr/4.3.3/../../../../avr/lib\libpololu_atmega1284p.a(OrangutanTime.o)
                0x00001874                OrangutanTime::ms()
 .text.get_ms   0x0000189e        0x6 c:/winavr-20100110/bin/../lib/gcc/avr/4.3.3/../../../../avr/lib\libpololu_atmega1284p.a(OrangutanTime.o)
                0x0000189e                get_ms
 .text._ZN13OrangutanTime5ticksEv
                0x000018a4       0x6a c:/winavr-20100110/bin/../lib/gcc/avr/4.3.3/../../../../avr/lib\libpololu_atmega1284p.a(OrangutanTime.o)
                0x000018a4                OrangutanTime::ticks()
 .text.get_ticks
                0x0000190e        0x6 c:/winavr-20100110/bin/../lib/gcc/avr/4.3.3/../../../../avr/lib\libpololu_atmega1284p.a(OrangutanTime.o)
                0x0000190e                get_ticks
 .text._ZN13OrangutanTime5resetEv
                0x00001914       0x2e c:/winavr-20100110/bin/../lib/gcc/avr/4.3.3/../../../../avr/lib\libpololu_atmega1284p.a(OrangutanTime.o)
                0x00001914                OrangutanTime::reset()
 .text.time_reset
                0x00001942        0x6 c:/winavr-20100110/bin/../lib/gcc/avr/4.3.3/../../../../avr/lib\libpololu_atmega1284p.a(OrangutanTime.o)
                0x00001942                time_reset
 .text.libgcc   0x00001948       0x3e c:/winavr-20100110/bin/../lib/gcc/avr/4.3.3/avr51\libgcc.a(_mulsi3.o)
                0x00001948                __mulsi3
 .text.libgcc   0x00001986       0x26 c:/winavr-20100110/bin/../lib/gcc/avr/4.3.3/avr51\libgcc.a(_divmodhi4.o)
                0x00001986                __divmodhi4
                0x00001986                _div
 .text.libgcc   0x000019ac       0x44 c:/winavr-20100110/bin/../lib/gcc/avr/4.3.3/avr51\libgcc.a(_udivmodsi4.o)
                0x000019ac                __udivmodsi4
 .text.libgcc   0x000019f0       0x38 c:/winavr-20100110/bin/../lib/gcc/avr/4.3.3/avr51\libgcc.a(_prologue.o)
                0x000019f0                __prologue_saves__
 .text.libgcc   0x00001a28       0x36 c:/winavr-20100110/bin/../lib/gcc/avr/4.3.3/avr51\libgcc.a(_epilogue.o)
                0x00001a28                __epilogue_restores__
 .text.libgcc   0x00001a5e        0x0 c:/winavr-20100110/bin/../lib/gcc/avr/4.3.3/avr51\libgcc.a(_exit.o)
 .text.libgcc   0x00001a5e        0x0 c:/winavr-20100110/bin/../lib/gcc/avr/4.3.3/avr51\libgcc.a(_clear_bss.o)
 .text.libgcc   0x00001a5e       0x28 c:/winavr-20100110/bin/../lib/gcc/avr/4.3.3/avr51\libgcc.a(_udivmodhi4.o)
                0x00001a5e                __udivmodhi4
 .text.avr-libc
                0x00001a86      0x20a c:/winavr-20100110/bin/../lib/gcc/avr/4.3.3/../../../../avr/lib/avr51\libc.a(malloc.o)
                0x00001a86                malloc
                0x00001be0                free
 .text.avr-libc
                0x00001c90       0x98 c:/winavr-20100110/bin/../lib/gcc/avr/4.3.3/../../../../avr/lib/avr51\libc.a(fdevopen.o)
                0x00001c90                fdevopen
 .text.avr-libc
                0x00001d28       0x38 c:/winavr-20100110/bin/../lib/gcc/avr/4.3.3/../../../../avr/lib/avr51\libc.a(calloc.o)
                0x00001d28                calloc
 .text.avr-libc
                0x00001d60        0xe c:/winavr-20100110/bin/../lib/gcc/avr/4.3.3/../../../../avr/lib/avr51\libc.a(memset.o)
                0x00001d60                memset
                0x00001d6e                . = ALIGN (0x2)
 *(.fini9)
 .fini9         0x00001d6e        0x0 c:/winavr-20100110/bin/../lib/gcc/avr/4.3.3/avr51\libgcc.a(_exit.o)
                0x00001d6e                exit
                0x00001d6e                _exit
 *(.fini9)
 *(.fini8)
 *(.fini8)
 *(.fini7)
 *(.fini7)
 *(.fini6)
 *(.fini6)
 *(.fini5)
 *(.fini5)
 *(.fini4)
 *(.fini4)
 *(.fini3)
 *(.fini3)
 *(.fini2)
 *(.fini2)
 *(.fini1)
 *(.fini1)
 *(.fini0)
 .fini0         0x00001d6e        0x4 c:/winavr-20100110/bin/../lib/gcc/avr/4.3.3/avr51\libgcc.a(_exit.o)
 *(.fini0)
                0x00001d72                _etext = .

.data           0x00800100       0x74 load address 0x00001d72
                0x00800100                PROVIDE (__data_start, .)
 *(.data)
 .data          0x00800100        0x0 c:/winavr-20100110/bin/../lib/gcc/avr/4.3.3/../../../../avr/lib/avr51/crtm1284p.o
 .data          0x00800100       0x6c DASCH_Plate_Cleaner_Rev0.o
 .data          0x0080016c        0x0 twimaster.o
 .data          0x0080016c        0x2 c:/winavr-20100110/bin/../lib/gcc/avr/4.3.3/../../../../avr/lib\libpololu_atmega1284p.a(OrangutanLCD.o)
                0x0080016d                numLCDCols
                0x0080016c                numLCDRows
 .data          0x0080016e        0x0 c:/winavr-20100110/bin/../lib/gcc/avr/4.3.3/../../../../avr/lib\libpololu_atmega1284p.a(OrangutanTime.o)
 .data          0x0080016e        0x0 c:/winavr-20100110/bin/../lib/gcc/avr/4.3.3/avr51\libgcc.a(_mulsi3.o)
 .data          0x0080016e        0x0 c:/winavr-20100110/bin/../lib/gcc/avr/4.3.3/avr51\libgcc.a(_divmodhi4.o)
 .data          0x0080016e        0x0 c:/winavr-20100110/bin/../lib/gcc/avr/4.3.3/avr51\libgcc.a(_udivmodsi4.o)
 .data          0x0080016e        0x0 c:/winavr-20100110/bin/../lib/gcc/avr/4.3.3/avr51\libgcc.a(_prologue.o)
 .data          0x0080016e        0x0 c:/winavr-20100110/bin/../lib/gcc/avr/4.3.3/avr51\libgcc.a(_epilogue.o)
 .data          0x0080016e        0x0 c:/winavr-20100110/bin/../lib/gcc/avr/4.3.3/avr51\libgcc.a(_exit.o)
 .data          0x0080016e        0x0 c:/winavr-20100110/bin/../lib/gcc/avr/4.3.3/avr51\libgcc.a(_clear_bss.o)
 .data          0x0080016e        0x0 c:/winavr-20100110/bin/../lib/gcc/avr/4.3.3/avr51\libgcc.a(_udivmodhi4.o)
 .data          0x0080016e        0x6 c:/winavr-20100110/bin/../lib/gcc/avr/4.3.3/../../../../avr/lib/avr51\libc.a(malloc.o)
                0x00800170                __malloc_heap_start
                0x00800172                __malloc_heap_end
                0x0080016e                __malloc_margin
 .data          0x00800174        0x0 c:/winavr-20100110/bin/../lib/gcc/avr/4.3.3/../../../../avr/lib/avr51\libc.a(fdevopen.o)
 .data          0x00800174        0x0 c:/winavr-20100110/bin/../lib/gcc/avr/4.3.3/../../../../avr/lib/avr51\libc.a(iob.o)
 .data          0x00800174        0x0 c:/winavr-20100110/bin/../lib/gcc/avr/4.3.3/../../../../avr/lib/avr51\libc.a(calloc.o)
 .data          0x00800174        0x0 c:/winavr-20100110/bin/../lib/gcc/avr/4.3.3/../../../../avr/lib/avr51\libc.a(memset.o)
 *(.data*)
 *(.rodata)
 *(.rodata*)
 *(.gnu.linkonce.d*)
                0x00800174                . = ALIGN (0x2)
                0x00800174                _edata = .
                0x00800174                PROVIDE (__data_end, .)

.bss            0x00800174       0x24
                0x00800174                PROVIDE (__bss_start, .)
 *(.bss)
 .bss           0x00800174        0x0 c:/winavr-20100110/bin/../lib/gcc/avr/4.3.3/../../../../avr/lib/avr51/crtm1284p.o
 .bss           0x00800174        0x6 DASCH_Plate_Cleaner_Rev0.o
                0x00800178                u_inputByte0
                0x00800175                u_motorByte1
                0x00800177                u_outputByte1
                0x00800179                u_inputByte1
                0x00800176                u_outputByte0
                0x00800174                u_motorByte0
 .bss           0x0080017a        0x0 twimaster.o
 .bss           0x0080017a        0x9 c:/winavr-20100110/bin/../lib/gcc/avr/4.3.3/../../../../avr/lib\libpololu_atmega1284p.a(OrangutanLCD.o)
                0x0080017a                printf_chars
                0x0080017e                lcdTimeout
                0x0080017d                col
                0x00800182                OrangutanLCD::init()::initialized
                0x0080017c                row
 .bss           0x00800183        0xb c:/winavr-20100110/bin/../lib/gcc/avr/4.3.3/../../../../avr/lib\libpololu_atmega1284p.a(OrangutanTime.o)
                0x0080018d                OrangutanTime::init()::initialized
                0x00800183                tickCount
                0x00800187                msCounter
                0x0080018b                us_over_10
 .bss           0x0080018e        0x0 c:/winavr-20100110/bin/../lib/gcc/avr/4.3.3/avr51\libgcc.a(_mulsi3.o)
 .bss           0x0080018e        0x0 c:/winavr-20100110/bin/../lib/gcc/avr/4.3.3/avr51\libgcc.a(_divmodhi4.o)
 .bss           0x0080018e        0x0 c:/winavr-20100110/bin/../lib/gcc/avr/4.3.3/avr51\libgcc.a(_udivmodsi4.o)
 .bss           0x0080018e        0x0 c:/winavr-20100110/bin/../lib/gcc/avr/4.3.3/avr51\libgcc.a(_prologue.o)
 .bss           0x0080018e        0x0 c:/winavr-20100110/bin/../lib/gcc/avr/4.3.3/avr51\libgcc.a(_epilogue.o)
 .bss           0x0080018e        0x0 c:/winavr-20100110/bin/../lib/gcc/avr/4.3.3/avr51\libgcc.a(_exit.o)
 .bss           0x0080018e        0x0 c:/winavr-20100110/bin/../lib/gcc/avr/4.3.3/avr51\libgcc.a(_clear_bss.o)
 .bss           0x0080018e        0x0 c:/winavr-20100110/bin/../lib/gcc/avr/4.3.3/avr51\libgcc.a(_udivmodhi4.o)
 .bss           0x0080018e        0x0 c:/winavr-20100110/bin/../lib/gcc/avr/4.3.3/../../../../avr/lib/avr51\libc.a(malloc.o)
 .bss           0x0080018e        0x0 c:/winavr-20100110/bin/../lib/gcc/avr/4.3.3/../../../../avr/lib/avr51\libc.a(fdevopen.o)
 .bss           0x0080018e        0x0 c:/winavr-20100110/bin/../lib/gcc/avr/4.3.3/../../../../avr/lib/avr51\libc.a(iob.o)
 .bss           0x0080018e        0x0 c:/winavr-20100110/bin/../lib/gcc/avr/4.3.3/../../../../avr/lib/avr51\libc.a(calloc.o)
 .bss           0x0080018e        0x0 c:/winavr-20100110/bin/../lib/gcc/avr/4.3.3/../../../../avr/lib/avr51\libc.a(memset.o)
 *(.bss*)
 *(COMMON)
 COMMON         0x0080018e        0x4 c:/winavr-20100110/bin/../lib/gcc/avr/4.3.3/../../../../avr/lib/avr51\libc.a(malloc.o)
                0x0080018e                __brkval
                0x00800190                __flp
 COMMON         0x00800192        0x6 c:/winavr-20100110/bin/../lib/gcc/avr/4.3.3/../../../../avr/lib/avr51\libc.a(iob.o)
                0x00800192                __iob
                0x00800198                PROVIDE (__bss_end, .)
                0x00001d72                __data_load_start = LOADADDR (.data)
                0x00001de6                __data_load_end = (__data_load_start + SIZEOF (.data))

.noinit         0x00800198        0x0
                0x00800198                PROVIDE (__noinit_start, .)
 *(.noinit*)
                0x00800198                PROVIDE (__noinit_end, .)
                0x00800198                _end = .
                0x00800198                PROVIDE (__heap_start, .)

.eeprom         0x00810000        0x0
 *(.eeprom*)
                0x00810000                __eeprom_end = .

.fuse
 *(.fuse)
 *(.lfuse)
 *(.hfuse)
 *(.efuse)

.lock
 *(.lock*)

.signature
 *(.signature*)

.stab           0x00000000     0x27c0
 *(.stab)
 .stab          0x00000000     0x1ecc c:/winavr-20100110/bin/../lib/gcc/avr/4.3.3/../../../../avr/lib\libpololu_atmega1284p.a(OrangutanLCD.o)
 .stab          0x00001ecc      0x8f4 c:/winavr-20100110/bin/../lib/gcc/avr/4.3.3/../../../../avr/lib\libpololu_atmega1284p.a(OrangutanTime.o)
                                0x900 (size before relaxing)

.stabstr        0x00000000     0x2591
 *(.stabstr)
 .stabstr       0x00000000     0x2591 c:/winavr-20100110/bin/../lib/gcc/avr/4.3.3/../../../../avr/lib\libpololu_atmega1284p.a(OrangutanLCD.o)

.stab.excl
 *(.stab.excl)

.stab.exclstr
 *(.stab.exclstr)

.stab.index
 *(.stab.index)

.stab.indexstr
 *(.stab.indexstr)

.comment
 *(.comment)

.debug
 *(.debug)

.line
 *(.line)

.debug_srcinfo
 *(.debug_srcinfo)

.debug_sfnames
 *(.debug_sfnames)

.debug_aranges  0x00000000       0x40
 *(.debug_aranges)
 .debug_aranges
                0x00000000       0x20 DASCH_Plate_Cleaner_Rev0.o
 .debug_aranges
                0x00000020       0x20 twimaster.o

.debug_pubnames
                0x00000000      0x192
 *(.debug_pubnames)
 .debug_pubnames
                0x00000000      0x105 DASCH_Plate_Cleaner_Rev0.o
 .debug_pubnames
                0x00000105       0x8d twimaster.o

.debug_info     0x00000000      0xb38
 *(.debug_info)
 .debug_info    0x00000000      0x98a DASCH_Plate_Cleaner_Rev0.o
 .debug_info    0x0000098a      0x1ae twimaster.o
 *(.gnu.linkonce.wi.*)

.debug_abbrev   0x00000000      0x2c1
 *(.debug_abbrev)
 .debug_abbrev  0x00000000      0x1ff DASCH_Plate_Cleaner_Rev0.o
 .debug_abbrev  0x000001ff       0xc2 twimaster.o

.debug_line     0x00000000      0xbb4
 *(.debug_line)
 .debug_line    0x00000000      0x977 DASCH_Plate_Cleaner_Rev0.o
 .debug_line    0x00000977      0x23d twimaster.o

.debug_frame    0x00000000      0x110
 *(.debug_frame)
 .debug_frame   0x00000000       0x80 DASCH_Plate_Cleaner_Rev0.o
 .debug_frame   0x00000080       0x90 twimaster.o

.debug_str      0x00000000      0x776
 *(.debug_str)
 .debug_str     0x00000000      0x669 DASCH_Plate_Cleaner_Rev0.o
                                0x6e6 (size before relaxing)
 .debug_str     0x00000669      0x10d twimaster.o
                                0x1ec (size before relaxing)

.debug_loc      0x00000000      0x1d8
 *(.debug_loc)
 .debug_loc     0x00000000      0x119 DASCH_Plate_Cleaner_Rev0.o
 .debug_loc     0x00000119       0xbf twimaster.o

.debug_macinfo
 *(.debug_macinfo)
OUTPUT(DASCH_Plate_Cleaner_Rev0.elf elf32-avr)
LOAD linker stubs
