Archive member included because of file (symbol)

C:\libpololu-avr\libpololu_atmega1284p.a(OrangutanLCD.o)
                              Button_Test.o (OrangutanLCD::gotoXY(unsigned char, unsigned char))
C:\libpololu-avr\libpololu_atmega1284p.a(OrangutanTime.o)
                              Button_Test.o (OrangutanTime::delayMilliseconds(unsigned int))
c:/winavr-20100110/bin/../lib/gcc/avr/4.3.3/avr51\libgcc.a(_mulsi3.o)
                              C:\libpololu-avr\libpololu_atmega1284p.a(OrangutanLCD.o) (__mulsi3)
c:/winavr-20100110/bin/../lib/gcc/avr/4.3.3/avr51\libgcc.a(_udivmodsi4.o)
                              C:\libpololu-avr\libpololu_atmega1284p.a(OrangutanLCD.o) (__udivmodsi4)
c:/winavr-20100110/bin/../lib/gcc/avr/4.3.3/avr51\libgcc.a(_prologue.o)
                              C:\libpololu-avr\libpololu_atmega1284p.a(OrangutanLCD.o) (__prologue_saves__)
c:/winavr-20100110/bin/../lib/gcc/avr/4.3.3/avr51\libgcc.a(_epilogue.o)
                              C:\libpololu-avr\libpololu_atmega1284p.a(OrangutanLCD.o) (__epilogue_restores__)
c:/winavr-20100110/bin/../lib/gcc/avr/4.3.3/avr51\libgcc.a(_exit.o)
                              c:/winavr-20100110/bin/../lib/gcc/avr/4.3.3/../../../../avr/lib/avr51/crtm1284p.o (exit)
c:/winavr-20100110/bin/../lib/gcc/avr/4.3.3/avr51\libgcc.a(_clear_bss.o)
                              C:\libpololu-avr\libpololu_atmega1284p.a(OrangutanLCD.o) (__do_clear_bss)
c:/winavr-20100110/bin/../lib/gcc/avr/4.3.3/../../../../avr/lib/avr51\libc.a(malloc.o)
                              Button_Test.o (malloc)
c:/winavr-20100110/bin/../lib/gcc/avr/4.3.3/../../../../avr/lib/avr51\libc.a(fdevopen.o)
                              C:\libpololu-avr\libpololu_atmega1284p.a(OrangutanLCD.o) (fdevopen)
c:/winavr-20100110/bin/../lib/gcc/avr/4.3.3/../../../../avr/lib/avr51\libc.a(iob.o)
                              c:/winavr-20100110/bin/../lib/gcc/avr/4.3.3/../../../../avr/lib/avr51\libc.a(fdevopen.o) (__iob)
c:/winavr-20100110/bin/../lib/gcc/avr/4.3.3/../../../../avr/lib/avr51\libc.a(calloc.o)
                              c:/winavr-20100110/bin/../lib/gcc/avr/4.3.3/../../../../avr/lib/avr51\libc.a(fdevopen.o) (calloc)
c:/winavr-20100110/bin/../lib/gcc/avr/4.3.3/../../../../avr/lib/avr51\libc.a(memset.o)
                              c:/winavr-20100110/bin/../lib/gcc/avr/4.3.3/../../../../avr/lib/avr51\libc.a(calloc.o) (memset)

Allocating common symbols
Common symbol       size              file

__brkval            0x2               c:/winavr-20100110/bin/../lib/gcc/avr/4.3.3/../../../../avr/lib/avr51\libc.a(malloc.o)
__flp               0x2               c:/winavr-20100110/bin/../lib/gcc/avr/4.3.3/../../../../avr/lib/avr51\libc.a(malloc.o)
__iob               0x6               c:/winavr-20100110/bin/../lib/gcc/avr/4.3.3/../../../../avr/lib/avr51\libc.a(iob.o)

Memory Configuration

Name             Origin             Length             Attributes
text             0x00000000         0x00020000         xr
data             0x00800060         0x0000ffa0         rw !x
eeprom           0x00810000         0x00010000         rw !x
fuse             0x00820000         0x00000400         rw !x
lock             0x00830000         0x00000400         rw !x
signature        0x00840000         0x00000400         rw !x
*default*        0x00000000         0xffffffff

Linker script and memory map

Address of section .data set to 0x800100
LOAD c:/winavr-20100110/bin/../lib/gcc/avr/4.3.3/../../../../avr/lib/avr51/crtm1284p.o
LOAD Button_Test.o
LOAD C:\libpololu-avr\libpololu_atmega1284p.a
LOAD c:/winavr-20100110/bin/../lib/gcc/avr/4.3.3/avr51\libgcc.a
LOAD c:/winavr-20100110/bin/../lib/gcc/avr/4.3.3/../../../../avr/lib/avr51\libm.a
LOAD c:/winavr-20100110/bin/../lib/gcc/avr/4.3.3/avr51\libgcc.a
LOAD c:/winavr-20100110/bin/../lib/gcc/avr/4.3.3/../../../../avr/lib/avr51\libc.a
LOAD c:/winavr-20100110/bin/../lib/gcc/avr/4.3.3/avr51\libgcc.a

.hash
 *(.hash)

.dynsym
 *(.dynsym)

.dynstr
 *(.dynstr)

.gnu.version
 *(.gnu.version)

.gnu.version_d
 *(.gnu.version_d)

.gnu.version_r
 *(.gnu.version_r)

.rel.init
 *(.rel.init)

.rela.init
 *(.rela.init)

.rel.text
 *(.rel.text)
 *(.rel.text.*)
 *(.rel.gnu.linkonce.t*)

.rela.text
 *(.rela.text)
 *(.rela.text.*)
 *(.rela.gnu.linkonce.t*)

.rel.fini
 *(.rel.fini)

.rela.fini
 *(.rela.fini)

.rel.rodata
 *(.rel.rodata)
 *(.rel.rodata.*)
 *(.rel.gnu.linkonce.r*)

.rela.rodata
 *(.rela.rodata)
 *(.rela.rodata.*)
 *(.rela.gnu.linkonce.r*)

.rel.data
 *(.rel.data)
 *(.rel.data.*)
 *(.rel.gnu.linkonce.d*)

.rela.data
 *(.rela.data)
 *(.rela.data.*)
 *(.rela.gnu.linkonce.d*)

.rel.ctors
 *(.rel.ctors)

.rela.ctors
 *(.rela.ctors)

.rel.dtors
 *(.rel.dtors)

.rela.dtors
 *(.rela.dtors)

.rel.got
 *(.rel.got)

.rela.got
 *(.rela.got)

.rel.bss
 *(.rel.bss)

.rela.bss
 *(.rela.bss)

.rel.plt
 *(.rel.plt)

.rela.plt
 *(.rela.plt)

.text           0x00000000     0x1156
 *(.vectors)
 .vectors       0x00000000       0x8c c:/winavr-20100110/bin/../lib/gcc/avr/4.3.3/../../../../avr/lib/avr51/crtm1284p.o
                0x00000000                __vectors
                0x00000000                __vector_default
 *(.vectors)
 *(.progmem.gcc*)
 *(.progmem*)
                0x0000008c                . = ALIGN (0x2)
                0x0000008c                __trampolines_start = .
 *(.trampolines)
 .trampolines   0x0000008c        0x0 linker stubs
 *(.trampolines*)
                0x0000008c                __trampolines_end = .
 *(.jumptables)
 *(.jumptables*)
 *(.lowtext)
 *(.lowtext*)
                0x0000008c                __ctors_start = .
 *(.ctors)
                0x0000008c                __ctors_end = .
                0x0000008c                __dtors_start = .
 *(.dtors)
                0x0000008c                __dtors_end = .
 SORT(*)(.ctors)
 SORT(*)(.dtors)
 *(.init0)
 .init0         0x0000008c        0x0 c:/winavr-20100110/bin/../lib/gcc/avr/4.3.3/../../../../avr/lib/avr51/crtm1284p.o
                0x0000008c                __init
 *(.init0)
 *(.init1)
 *(.init1)
 *(.init2)
 .init2         0x0000008c        0xc c:/winavr-20100110/bin/../lib/gcc/avr/4.3.3/../../../../avr/lib/avr51/crtm1284p.o
 *(.init2)
 *(.init3)
 *(.init3)
 *(.init4)
 .init4         0x00000098       0x1a c:/winavr-20100110/bin/../lib/gcc/avr/4.3.3/../../../../avr/lib/avr51/crtm1284p.o
                0x00000098                __do_copy_data
 .init4         0x000000b2       0x10 c:/winavr-20100110/bin/../lib/gcc/avr/4.3.3/avr51\libgcc.a(_clear_bss.o)
                0x000000b2                __do_clear_bss
 *(.init4)
 *(.init5)
 *(.init5)
 *(.init6)
 *(.init6)
 *(.init7)
 *(.init7)
 *(.init8)
 *(.init8)
 *(.init9)
 .init9         0x000000c2        0x8 c:/winavr-20100110/bin/../lib/gcc/avr/4.3.3/../../../../avr/lib/avr51/crtm1284p.o
 *(.init9)
 *(.text)
 .text          0x000000ca        0x4 c:/winavr-20100110/bin/../lib/gcc/avr/4.3.3/../../../../avr/lib/avr51/crtm1284p.o
                0x000000ca                __vector_22
                0x000000ca                __vector_28
                0x000000ca                __vector_1
                0x000000ca                __vector_32
                0x000000ca                __vector_34
                0x000000ca                __vector_24
                0x000000ca                __vector_12
                0x000000ca                __bad_interrupt
                0x000000ca                __vector_6
                0x000000ca                __vector_31
                0x000000ca                __vector_3
                0x000000ca                __vector_23
                0x000000ca                __vector_30
                0x000000ca                __vector_25
                0x000000ca                __vector_13
                0x000000ca                __vector_17
                0x000000ca                __vector_19
                0x000000ca                __vector_7
                0x000000ca                __vector_27
                0x000000ca                __vector_5
                0x000000ca                __vector_33
                0x000000ca                __vector_4
                0x000000ca                __vector_9
                0x000000ca                __vector_2
                0x000000ca                __vector_21
                0x000000ca                __vector_15
                0x000000ca                __vector_29
                0x000000ca                __vector_8
                0x000000ca                __vector_26
                0x000000ca                __vector_14
                0x000000ca                __vector_10
                0x000000ca                __vector_16
                0x000000ca                __vector_18
                0x000000ca                __vector_20
 .text          0x000000ce      0x1f4 Button_Test.o
                0x000002b6                operator delete(void*)
                0x0000017a                __cxa_pure_virtual
                0x0000017c                main
                0x00000170                __cxa_guard_release
                0x00000178                __cxa_guard_abort
                0x000002bc                operator new(unsigned int)
                0x000000ce                OrangutanDigital::isInputHigh(unsigned char)
                0x0000015c                __cxa_guard_acquire
 .text          0x000002c2        0x0 C:\libpololu-avr\libpololu_atmega1284p.a(OrangutanLCD.o)
 .text          0x000002c2        0x0 C:\libpololu-avr\libpololu_atmega1284p.a(OrangutanTime.o)
 .text          0x000002c2        0x0 c:/winavr-20100110/bin/../lib/gcc/avr/4.3.3/avr51\libgcc.a(_mulsi3.o)
 .text          0x000002c2        0x0 c:/winavr-20100110/bin/../lib/gcc/avr/4.3.3/avr51\libgcc.a(_udivmodsi4.o)
 .text          0x000002c2        0x0 c:/winavr-20100110/bin/../lib/gcc/avr/4.3.3/avr51\libgcc.a(_prologue.o)
 .text          0x000002c2        0x0 c:/winavr-20100110/bin/../lib/gcc/avr/4.3.3/avr51\libgcc.a(_epilogue.o)
 .text          0x000002c2        0x0 c:/winavr-20100110/bin/../lib/gcc/avr/4.3.3/avr51\libgcc.a(_exit.o)
 .text          0x000002c2        0x0 c:/winavr-20100110/bin/../lib/gcc/avr/4.3.3/avr51\libgcc.a(_clear_bss.o)
 .text          0x000002c2        0x0 c:/winavr-20100110/bin/../lib/gcc/avr/4.3.3/../../../../avr/lib/avr51\libc.a(malloc.o)
 .text          0x000002c2        0x0 c:/winavr-20100110/bin/../lib/gcc/avr/4.3.3/../../../../avr/lib/avr51\libc.a(fdevopen.o)
 .text          0x000002c2        0x0 c:/winavr-20100110/bin/../lib/gcc/avr/4.3.3/../../../../avr/lib/avr51\libc.a(iob.o)
 .text          0x000002c2        0x0 c:/winavr-20100110/bin/../lib/gcc/avr/4.3.3/../../../../avr/lib/avr51\libc.a(calloc.o)
 .text          0x000002c2        0x0 c:/winavr-20100110/bin/../lib/gcc/avr/4.3.3/../../../../avr/lib/avr51\libc.a(memset.o)
                0x000002c2                . = ALIGN (0x2)
 *(.text.*)
 .text._ZN12OrangutanLCDC2Ev
                0x000002c2        0x2 C:\libpololu-avr\libpololu_atmega1284p.a(OrangutanLCD.o)
                0x000002c2                OrangutanLCD::OrangutanLCD()
 .text._ZN12OrangutanLCDC1Ev
                0x000002c4        0x2 C:\libpololu-avr\libpololu_atmega1284p.a(OrangutanLCD.o)
                0x000002c4                OrangutanLCD::OrangutanLCD()
 .text.void_getchar
                0x000002c6        0x6 C:\libpololu-avr\libpololu_atmega1284p.a(OrangutanLCD.o)
                0x000002c6                void_getchar
 .text._ZN12OrangutanLCD8busyWaitEv
                0x000002cc       0xca C:\libpololu-avr\libpololu_atmega1284p.a(OrangutanLCD.o)
                0x000002cc                OrangutanLCD::busyWait()
 .text._ZN12OrangutanLCD8sendDataEh
                0x00000396       0x3e C:\libpololu-avr\libpololu_atmega1284p.a(OrangutanLCD.o)
                0x00000396                OrangutanLCD::sendData(unsigned char)
 .text._ZN12OrangutanLCD10initPrintfEv
                0x000003d4       0x8a C:\libpololu-avr\libpololu_atmega1284p.a(OrangutanLCD.o)
                0x000003d4                OrangutanLCD::initPrintf()
 .text._ZN12OrangutanLCD10initPrintfEhh
                0x0000045e        0xe C:\libpololu-avr\libpololu_atmega1284p.a(OrangutanLCD.o)
                0x0000045e                OrangutanLCD::initPrintf(unsigned char, unsigned char)
 .text.lcd_init_printf_with_dimensions
                0x0000046c        0xe C:\libpololu-avr\libpololu_atmega1284p.a(OrangutanLCD.o)
                0x0000046c                lcd_init_printf_with_dimensions
 .text.lcd_init_printf
                0x0000047a        0x6 C:\libpololu-avr\libpololu_atmega1284p.a(OrangutanLCD.o)
                0x0000047a                lcd_init_printf
 .text._ZN12OrangutanLCD5init2Ev
                0x00000480       0x82 C:\libpololu-avr\libpololu_atmega1284p.a(OrangutanLCD.o)
                0x00000480                OrangutanLCD::init2()
 .text._ZN12OrangutanLCD4initEv
                0x00000502       0x14 C:\libpololu-avr\libpololu_atmega1284p.a(OrangutanLCD.o)
                0x00000502                OrangutanLCD::init()
 .text._ZN12OrangutanLCD4sendEhhh
                0x00000516       0xa8 C:\libpololu-avr\libpololu_atmega1284p.a(OrangutanLCD.o)
                0x00000516                OrangutanLCD::send(unsigned char, unsigned char, unsigned char)
 .text._ZN12OrangutanLCD8send_cmdEh
                0x000005be        0xa C:\libpololu-avr\libpololu_atmega1284p.a(OrangutanLCD.o)
                0x000005be                OrangutanLCD::send_cmd(unsigned char)
 .text._ZN12OrangutanLCD10moveCursorEhh
                0x000005c8       0x24 C:\libpololu-avr\libpololu_atmega1284p.a(OrangutanLCD.o)
                0x000005c8                OrangutanLCD::moveCursor(unsigned char, unsigned char)
 .text.lcd_move_cursor
                0x000005ec        0x6 C:\libpololu-avr\libpololu_atmega1284p.a(OrangutanLCD.o)
                0x000005ec                lcd_move_cursor
 .text._ZN12OrangutanLCD10hideCursorEv
                0x000005f2        0x8 C:\libpololu-avr\libpololu_atmega1284p.a(OrangutanLCD.o)
                0x000005f2                OrangutanLCD::hideCursor()
 .text.lcd_hide_cursor
                0x000005fa        0x6 C:\libpololu-avr\libpololu_atmega1284p.a(OrangutanLCD.o)
                0x000005fa                lcd_hide_cursor
 .text._ZN12OrangutanLCD10showCursorEh
                0x00000600       0x10 C:\libpololu-avr\libpololu_atmega1284p.a(OrangutanLCD.o)
                0x00000600                OrangutanLCD::showCursor(unsigned char)
 .text.lcd_show_cursor
                0x00000610        0x6 C:\libpololu-avr\libpololu_atmega1284p.a(OrangutanLCD.o)
                0x00000610                lcd_show_cursor
 .text._ZN12OrangutanLCD6gotoXYEhh
                0x00000616       0x3e C:\libpololu-avr\libpololu_atmega1284p.a(OrangutanLCD.o)
                0x00000616                OrangutanLCD::gotoXY(unsigned char, unsigned char)
 .text.lcd_goto_xy
                0x00000654        0x6 C:\libpololu-avr\libpololu_atmega1284p.a(OrangutanLCD.o)
                0x00000654                lcd_goto_xy
 .text._ZN12OrangutanLCD5clearEv
                0x0000065a       0x5a C:\libpololu-avr\libpololu_atmega1284p.a(OrangutanLCD.o)
                0x0000065a                OrangutanLCD::clear()
 .text.clear    0x000006b4        0x6 C:\libpololu-avr\libpololu_atmega1284p.a(OrangutanLCD.o)
                0x000006b4                clear
 .text._ZN12OrangutanLCD9send_dataEh
                0x000006ba        0xa C:\libpololu-avr\libpololu_atmega1284p.a(OrangutanLCD.o)
                0x000006ba                OrangutanLCD::send_data(unsigned char)
 .text._ZN12OrangutanLCD11printBinaryEh
                0x000006c4       0x3a C:\libpololu-avr\libpololu_atmega1284p.a(OrangutanLCD.o)
                0x000006c4                OrangutanLCD::printBinary(unsigned char)
 .text.print_binary
                0x000006fe        0x6 C:\libpololu-avr\libpololu_atmega1284p.a(OrangutanLCD.o)
                0x000006fe                print_binary
 .text._ZN12OrangutanLCD14printHexNibbleEh
                0x00000704       0x10 C:\libpololu-avr\libpololu_atmega1284p.a(OrangutanLCD.o)
                0x00000704                OrangutanLCD::printHexNibble(unsigned char)
 .text._ZN12OrangutanLCD8printHexEh
                0x00000714       0x18 C:\libpololu-avr\libpololu_atmega1284p.a(OrangutanLCD.o)
                0x00000714                OrangutanLCD::printHex(unsigned char)
 .text._ZN12OrangutanLCD8printHexEj
                0x0000072c       0x14 C:\libpololu-avr\libpololu_atmega1284p.a(OrangutanLCD.o)
                0x0000072c                OrangutanLCD::printHex(unsigned int)
 .text.print_hex
                0x00000740        0x6 C:\libpololu-avr\libpololu_atmega1284p.a(OrangutanLCD.o)
                0x00000740                print_hex
 .text.print_hex_byte
                0x00000746        0x6 C:\libpololu-avr\libpololu_atmega1284p.a(OrangutanLCD.o)
                0x00000746                print_hex_byte
 .text._ZN12OrangutanLCD5printEm
                0x0000074c       0xc0 C:\libpololu-avr\libpololu_atmega1284p.a(OrangutanLCD.o)
                0x0000074c                OrangutanLCD::print(unsigned long)
 .text.print_unsigned_long
                0x0000080c        0x6 C:\libpololu-avr\libpololu_atmega1284p.a(OrangutanLCD.o)
                0x0000080c                print_unsigned_long
 .text._ZN12OrangutanLCD5printEl
                0x00000812       0x38 C:\libpololu-avr\libpololu_atmega1284p.a(OrangutanLCD.o)
                0x00000812                OrangutanLCD::print(long)
 .text.print_long
                0x0000084a        0x6 C:\libpololu-avr\libpololu_atmega1284p.a(OrangutanLCD.o)
                0x0000084a                print_long
 .text._ZN12OrangutanLCD21printFromProgramSpaceEPKc
                0x00000850       0x1c C:\libpololu-avr\libpololu_atmega1284p.a(OrangutanLCD.o)
                0x00000850                OrangutanLCD::printFromProgramSpace(char const*)
 .text.print_from_program_space
                0x0000086c        0x6 C:\libpololu-avr\libpololu_atmega1284p.a(OrangutanLCD.o)
                0x0000086c                print_from_program_space
 .text._ZN12OrangutanLCD5printEPKc
                0x00000872       0x1a C:\libpololu-avr\libpololu_atmega1284p.a(OrangutanLCD.o)
                0x00000872                OrangutanLCD::print(char const*)
 .text.print    0x0000088c        0x6 C:\libpololu-avr\libpololu_atmega1284p.a(OrangutanLCD.o)
                0x0000088c                print
 .text._ZN12OrangutanLCD5printEc
                0x00000892        0x6 C:\libpololu-avr\libpololu_atmega1284p.a(OrangutanLCD.o)
                0x00000892                OrangutanLCD::print(char)
 .text.print_character
                0x00000898        0x6 C:\libpololu-avr\libpololu_atmega1284p.a(OrangutanLCD.o)
                0x00000898                print_character
 .text.lcd_putchar
                0x0000089e      0x23a C:\libpololu-avr\libpololu_atmega1284p.a(OrangutanLCD.o)
                0x0000089e                lcd_putchar
 .text._ZN12OrangutanLCD19loadCustomCharacterEPKch
                0x00000ad8       0x4c C:\libpololu-avr\libpololu_atmega1284p.a(OrangutanLCD.o)
                0x00000ad8                OrangutanLCD::loadCustomCharacter(char const*, unsigned char)
 .text.lcd_load_custom_character
                0x00000b24        0x6 C:\libpololu-avr\libpololu_atmega1284p.a(OrangutanLCD.o)
                0x00000b24                lcd_load_custom_character
 .text._ZN12OrangutanLCD13send_4bit_cmdEh
                0x00000b2a        0xa C:\libpololu-avr\libpololu_atmega1284p.a(OrangutanLCD.o)
                0x00000b2a                OrangutanLCD::send_4bit_cmd(unsigned char)
 .text._ZN12OrangutanLCD6scrollEhhj
                0x00000b34       0x34 C:\libpololu-avr\libpololu_atmega1284p.a(OrangutanLCD.o)
                0x00000b34                OrangutanLCD::scroll(unsigned char, unsigned char, unsigned int)
 .text.lcd_scroll
                0x00000b68        0x6 C:\libpololu-avr\libpololu_atmega1284p.a(OrangutanLCD.o)
                0x00000b68                lcd_scroll
 .text.__vector_11
                0x00000b6e       0x74 C:\libpololu-avr\libpololu_atmega1284p.a(OrangutanTime.o)
                0x00000b6e                __vector_11
 .text.ticks_to_microseconds
                0x00000be2       0x22 C:\libpololu-avr\libpololu_atmega1284p.a(OrangutanTime.o)
                0x00000be2                ticks_to_microseconds
 .text.delay_ms
                0x00000c04       0x1e C:\libpololu-avr\libpololu_atmega1284p.a(OrangutanTime.o)
                0x00000c04                delay_ms
 .text._ZN13OrangutanTime19ticksToMicrosecondsEm
                0x00000c22       0x22 C:\libpololu-avr\libpololu_atmega1284p.a(OrangutanTime.o)
                0x00000c22                OrangutanTime::ticksToMicroseconds(unsigned long)
 .text._ZN13OrangutanTime17delayMillisecondsEj
                0x00000c44       0x1e C:\libpololu-avr\libpololu_atmega1284p.a(OrangutanTime.o)
                0x00000c44                OrangutanTime::delayMilliseconds(unsigned int)
 .text._ZN13OrangutanTime5init2Ev
                0x00000c62       0x30 C:\libpololu-avr\libpololu_atmega1284p.a(OrangutanTime.o)
                0x00000c62                OrangutanTime::init2()
 .text._ZN13OrangutanTime4initEv
                0x00000c92       0x14 C:\libpololu-avr\libpololu_atmega1284p.a(OrangutanTime.o)
                0x00000c92                OrangutanTime::init()
 .text._ZN13OrangutanTime2msEv
                0x00000ca6       0x2a C:\libpololu-avr\libpololu_atmega1284p.a(OrangutanTime.o)
                0x00000ca6                OrangutanTime::ms()
 .text.get_ms   0x00000cd0        0x6 C:\libpololu-avr\libpololu_atmega1284p.a(OrangutanTime.o)
                0x00000cd0                get_ms
 .text._ZN13OrangutanTime5ticksEv
                0x00000cd6       0x6a C:\libpololu-avr\libpololu_atmega1284p.a(OrangutanTime.o)
                0x00000cd6                OrangutanTime::ticks()
 .text.get_ticks
                0x00000d40        0x6 C:\libpololu-avr\libpololu_atmega1284p.a(OrangutanTime.o)
                0x00000d40                get_ticks
 .text._ZN13OrangutanTime5resetEv
                0x00000d46       0x2e C:\libpololu-avr\libpololu_atmega1284p.a(OrangutanTime.o)
                0x00000d46                OrangutanTime::reset()
 .text.time_reset
                0x00000d74        0x6 C:\libpololu-avr\libpololu_atmega1284p.a(OrangutanTime.o)
                0x00000d74                time_reset
 .text.libgcc   0x00000d7a       0x3e c:/winavr-20100110/bin/../lib/gcc/avr/4.3.3/avr51\libgcc.a(_mulsi3.o)
                0x00000d7a                __mulsi3
 .text.libgcc   0x00000db8       0x44 c:/winavr-20100110/bin/../lib/gcc/avr/4.3.3/avr51\libgcc.a(_udivmodsi4.o)
                0x00000db8                __udivmodsi4
 .text.libgcc   0x00000dfc       0x38 c:/winavr-20100110/bin/../lib/gcc/avr/4.3.3/avr51\libgcc.a(_prologue.o)
                0x00000dfc                __prologue_saves__
 .text.libgcc   0x00000e34       0x36 c:/winavr-20100110/bin/../lib/gcc/avr/4.3.3/avr51\libgcc.a(_epilogue.o)
                0x00000e34                __epilogue_restores__
 .text.libgcc   0x00000e6a        0x0 c:/winavr-20100110/bin/../lib/gcc/avr/4.3.3/avr51\libgcc.a(_exit.o)
 .text.libgcc   0x00000e6a        0x0 c:/winavr-20100110/bin/../lib/gcc/avr/4.3.3/avr51\libgcc.a(_clear_bss.o)
 .text.avr-libc
                0x00000e6a      0x20a c:/winavr-20100110/bin/../lib/gcc/avr/4.3.3/../../../../avr/lib/avr51\libc.a(malloc.o)
                0x00000e6a                malloc
                0x00000fc4                free
 .text.avr-libc
                0x00001074       0x98 c:/winavr-20100110/bin/../lib/gcc/avr/4.3.3/../../../../avr/lib/avr51\libc.a(fdevopen.o)
                0x00001074                fdevopen
 .text.avr-libc
                0x0000110c       0x38 c:/winavr-20100110/bin/../lib/gcc/avr/4.3.3/../../../../avr/lib/avr51\libc.a(calloc.o)
                0x0000110c                calloc
 .text.avr-libc
                0x00001144        0xe c:/winavr-20100110/bin/../lib/gcc/avr/4.3.3/../../../../avr/lib/avr51\libc.a(memset.o)
                0x00001144                memset
                0x00001152                . = ALIGN (0x2)
 *(.fini9)
 .fini9         0x00001152        0x0 c:/winavr-20100110/bin/../lib/gcc/avr/4.3.3/avr51\libgcc.a(_exit.o)
                0x00001152                exit
                0x00001152                _exit
 *(.fini9)
 *(.fini8)
 *(.fini8)
 *(.fini7)
 *(.fini7)
 *(.fini6)
 *(.fini6)
 *(.fini5)
 *(.fini5)
 *(.fini4)
 *(.fini4)
 *(.fini3)
 *(.fini3)
 *(.fini2)
 *(.fini2)
 *(.fini1)
 *(.fini1)
 *(.fini0)
 .fini0         0x00001152        0x4 c:/winavr-20100110/bin/../lib/gcc/avr/4.3.3/avr51\libgcc.a(_exit.o)
 *(.fini0)
                0x00001156                _etext = .

.data           0x00800100        0xa load address 0x00001156
                0x00800100                PROVIDE (__data_start, .)
 *(.data)
 .data          0x00800100        0x0 c:/winavr-20100110/bin/../lib/gcc/avr/4.3.3/../../../../avr/lib/avr51/crtm1284p.o
 .data          0x00800100        0x2 Button_Test.o
 .data          0x00800102        0x2 C:\libpololu-avr\libpololu_atmega1284p.a(OrangutanLCD.o)
                0x00800103                numLCDCols
                0x00800102                numLCDRows
 .data          0x00800104        0x0 C:\libpololu-avr\libpololu_atmega1284p.a(OrangutanTime.o)
 .data          0x00800104        0x0 c:/winavr-20100110/bin/../lib/gcc/avr/4.3.3/avr51\libgcc.a(_mulsi3.o)
 .data          0x00800104        0x0 c:/winavr-20100110/bin/../lib/gcc/avr/4.3.3/avr51\libgcc.a(_udivmodsi4.o)
 .data          0x00800104        0x0 c:/winavr-20100110/bin/../lib/gcc/avr/4.3.3/avr51\libgcc.a(_prologue.o)
 .data          0x00800104        0x0 c:/winavr-20100110/bin/../lib/gcc/avr/4.3.3/avr51\libgcc.a(_epilogue.o)
 .data          0x00800104        0x0 c:/winavr-20100110/bin/../lib/gcc/avr/4.3.3/avr51\libgcc.a(_exit.o)
 .data          0x00800104        0x0 c:/winavr-20100110/bin/../lib/gcc/avr/4.3.3/avr51\libgcc.a(_clear_bss.o)
 .data          0x00800104        0x6 c:/winavr-20100110/bin/../lib/gcc/avr/4.3.3/../../../../avr/lib/avr51\libc.a(malloc.o)
                0x00800106                __malloc_heap_start
                0x00800108                __malloc_heap_end
                0x00800104                __malloc_margin
 .data          0x0080010a        0x0 c:/winavr-20100110/bin/../lib/gcc/avr/4.3.3/../../../../avr/lib/avr51\libc.a(fdevopen.o)
 .data          0x0080010a        0x0 c:/winavr-20100110/bin/../lib/gcc/avr/4.3.3/../../../../avr/lib/avr51\libc.a(iob.o)
 .data          0x0080010a        0x0 c:/winavr-20100110/bin/../lib/gcc/avr/4.3.3/../../../../avr/lib/avr51\libc.a(calloc.o)
 .data          0x0080010a        0x0 c:/winavr-20100110/bin/../lib/gcc/avr/4.3.3/../../../../avr/lib/avr51\libc.a(memset.o)
 *(.data*)
 *(.rodata)
 *(.rodata*)
 *(.gnu.linkonce.d*)
                0x0080010a                . = ALIGN (0x2)
                0x0080010a                _edata = .
                0x0080010a                PROVIDE (__data_end, .)

.bss            0x0080010a       0x1e
                0x0080010a                PROVIDE (__bss_start, .)
 *(.bss)
 .bss           0x0080010a        0x0 c:/winavr-20100110/bin/../lib/gcc/avr/4.3.3/../../../../avr/lib/avr51/crtm1284p.o
 .bss           0x0080010a        0x0 Button_Test.o
 .bss           0x0080010a        0x9 C:\libpololu-avr\libpololu_atmega1284p.a(OrangutanLCD.o)
                0x0080010a                printf_chars
                0x0080010e                lcdTimeout
                0x0080010d                col
                0x00800112                OrangutanLCD::init()::initialized
                0x0080010c                row
 .bss           0x00800113        0xb C:\libpololu-avr\libpololu_atmega1284p.a(OrangutanTime.o)
                0x0080011d                OrangutanTime::init()::initialized
                0x00800113                tickCount
                0x00800117                msCounter
                0x0080011b                us_over_10
 .bss           0x0080011e        0x0 c:/winavr-20100110/bin/../lib/gcc/avr/4.3.3/avr51\libgcc.a(_mulsi3.o)
 .bss           0x0080011e        0x0 c:/winavr-20100110/bin/../lib/gcc/avr/4.3.3/avr51\libgcc.a(_udivmodsi4.o)
 .bss           0x0080011e        0x0 c:/winavr-20100110/bin/../lib/gcc/avr/4.3.3/avr51\libgcc.a(_prologue.o)
 .bss           0x0080011e        0x0 c:/winavr-20100110/bin/../lib/gcc/avr/4.3.3/avr51\libgcc.a(_epilogue.o)
 .bss           0x0080011e        0x0 c:/winavr-20100110/bin/../lib/gcc/avr/4.3.3/avr51\libgcc.a(_exit.o)
 .bss           0x0080011e        0x0 c:/winavr-20100110/bin/../lib/gcc/avr/4.3.3/avr51\libgcc.a(_clear_bss.o)
 .bss           0x0080011e        0x0 c:/winavr-20100110/bin/../lib/gcc/avr/4.3.3/../../../../avr/lib/avr51\libc.a(malloc.o)
 .bss           0x0080011e        0x0 c:/winavr-20100110/bin/../lib/gcc/avr/4.3.3/../../../../avr/lib/avr51\libc.a(fdevopen.o)
 .bss           0x0080011e        0x0 c:/winavr-20100110/bin/../lib/gcc/avr/4.3.3/../../../../avr/lib/avr51\libc.a(iob.o)
 .bss           0x0080011e        0x0 c:/winavr-20100110/bin/../lib/gcc/avr/4.3.3/../../../../avr/lib/avr51\libc.a(calloc.o)
 .bss           0x0080011e        0x0 c:/winavr-20100110/bin/../lib/gcc/avr/4.3.3/../../../../avr/lib/avr51\libc.a(memset.o)
 *(.bss*)
 *(COMMON)
 COMMON         0x0080011e        0x4 c:/winavr-20100110/bin/../lib/gcc/avr/4.3.3/../../../../avr/lib/avr51\libc.a(malloc.o)
                0x0080011e                __brkval
                0x00800120                __flp
 COMMON         0x00800122        0x6 c:/winavr-20100110/bin/../lib/gcc/avr/4.3.3/../../../../avr/lib/avr51\libc.a(iob.o)
                0x00800122                __iob
                0x00800128                PROVIDE (__bss_end, .)
                0x00001156                __data_load_start = LOADADDR (.data)
                0x00001160                __data_load_end = (__data_load_start + SIZEOF (.data))

.noinit         0x00800128        0x0
                0x00800128                PROVIDE (__noinit_start, .)
 *(.noinit*)
                0x00800128                PROVIDE (__noinit_end, .)
                0x00800128                _end = .
                0x00800128                PROVIDE (__heap_start, .)

.eeprom         0x00810000        0x0
 *(.eeprom*)
                0x00810000                __eeprom_end = .

.fuse
 *(.fuse)
 *(.lfuse)
 *(.hfuse)
 *(.efuse)

.lock
 *(.lock*)

.signature
 *(.signature*)

.stab           0x00000000     0x27c0
 *(.stab)
 .stab          0x00000000     0x1ecc C:\libpololu-avr\libpololu_atmega1284p.a(OrangutanLCD.o)
 .stab          0x00001ecc      0x8f4 C:\libpololu-avr\libpololu_atmega1284p.a(OrangutanTime.o)
                                0x900 (size before relaxing)

.stabstr        0x00000000     0x2591
 *(.stabstr)
 .stabstr       0x00000000     0x2591 C:\libpololu-avr\libpololu_atmega1284p.a(OrangutanLCD.o)

.stab.excl
 *(.stab.excl)

.stab.exclstr
 *(.stab.exclstr)

.stab.index
 *(.stab.index)

.stab.indexstr
 *(.stab.indexstr)

.comment
 *(.comment)

.debug
 *(.debug)

.line
 *(.line)

.debug_srcinfo
 *(.debug_srcinfo)

.debug_sfnames
 *(.debug_sfnames)

.debug_aranges  0x00000000       0x20
 *(.debug_aranges)
 .debug_aranges
                0x00000000       0x20 Button_Test.o

.debug_pubnames
                0x00000000       0xbf
 *(.debug_pubnames)
 .debug_pubnames
                0x00000000       0xbf Button_Test.o

.debug_info     0x00000000      0x4e0
 *(.debug_info)
 .debug_info    0x00000000      0x4e0 Button_Test.o
 *(.gnu.linkonce.wi.*)

.debug_abbrev   0x00000000      0x261
 *(.debug_abbrev)
 .debug_abbrev  0x00000000      0x261 Button_Test.o

.debug_line     0x00000000      0x393
 *(.debug_line)
 .debug_line    0x00000000      0x393 Button_Test.o

.debug_frame    0x00000000       0x90
 *(.debug_frame)
 .debug_frame   0x00000000       0x90 Button_Test.o

.debug_str      0x00000000      0x32d
 *(.debug_str)
 .debug_str     0x00000000      0x32d Button_Test.o
                                0x36f (size before relaxing)

.debug_loc      0x00000000      0x19a
 *(.debug_loc)
 .debug_loc     0x00000000      0x19a Button_Test.o

.debug_macinfo
 *(.debug_macinfo)
OUTPUT(Button_Test.elf elf32-avr)
LOAD linker stubs
