Archive member included because of file (symbol)

c:/winavr-20100110/bin/../lib/gcc/avr/4.3.3/../../../../avr/lib\libpololu_atmega1284p.a(OrangutanLCD.o)
                              DASCH_Plate_Cleaner_Rev2.o (lcd_goto_xy)
c:/winavr-20100110/bin/../lib/gcc/avr/4.3.3/../../../../avr/lib\libpololu_atmega1284p.a(OrangutanSerial.o)
                              DASCH_Plate_Cleaner_Rev2.o (serial_send_blocking)
c:/winavr-20100110/bin/../lib/gcc/avr/4.3.3/../../../../avr/lib\libpololu_atmega1284p.a(OrangutanTime.o)
                              DASCH_Plate_Cleaner_Rev2.o (delay_ms)
c:/winavr-20100110/bin/../lib/gcc/avr/4.3.3/../../../../avr/lib\libpololu_atmega1284p.a(OrangutanSVP.o)
                              c:/winavr-20100110/bin/../lib/gcc/avr/4.3.3/../../../../avr/lib\libpololu_atmega1284p.a(OrangutanSerial.o) (OrangutanSVP::serialSendIfReady(char))
c:/winavr-20100110/bin/../lib/gcc/avr/4.3.3/../../../../avr/lib\libpololu_atmega1284p.a(OrangutanSPIMaster.o)
                              c:/winavr-20100110/bin/../lib/gcc/avr/4.3.3/../../../../avr/lib\libpololu_atmega1284p.a(OrangutanSVP.o) (OrangutanSPIMaster::transmitAndDelay(unsigned char, unsigned char))
c:/winavr-20100110/bin/../lib/gcc/avr/4.3.3/avr51\libgcc.a(_mulsi3.o)
                              c:/winavr-20100110/bin/../lib/gcc/avr/4.3.3/../../../../avr/lib\libpololu_atmega1284p.a(OrangutanLCD.o) (__mulsi3)
c:/winavr-20100110/bin/../lib/gcc/avr/4.3.3/avr51\libgcc.a(_divmodhi4.o)
                              DASCH_Plate_Cleaner_Rev2.o (__divmodhi4)
c:/winavr-20100110/bin/../lib/gcc/avr/4.3.3/avr51\libgcc.a(_udivmodsi4.o)
                              c:/winavr-20100110/bin/../lib/gcc/avr/4.3.3/../../../../avr/lib\libpololu_atmega1284p.a(OrangutanLCD.o) (__udivmodsi4)
c:/winavr-20100110/bin/../lib/gcc/avr/4.3.3/avr51\libgcc.a(_prologue.o)
                              c:/winavr-20100110/bin/../lib/gcc/avr/4.3.3/../../../../avr/lib\libpololu_atmega1284p.a(OrangutanLCD.o) (__prologue_saves__)
c:/winavr-20100110/bin/../lib/gcc/avr/4.3.3/avr51\libgcc.a(_epilogue.o)
                              c:/winavr-20100110/bin/../lib/gcc/avr/4.3.3/../../../../avr/lib\libpololu_atmega1284p.a(OrangutanLCD.o) (__epilogue_restores__)
c:/winavr-20100110/bin/../lib/gcc/avr/4.3.3/avr51\libgcc.a(_exit.o)
                              c:/winavr-20100110/bin/../lib/gcc/avr/4.3.3/../../../../avr/lib/avr51/crtm1284p.o (exit)
c:/winavr-20100110/bin/../lib/gcc/avr/4.3.3/avr51\libgcc.a(_clear_bss.o)
                              DASCH_Plate_Cleaner_Rev2.o (__do_clear_bss)
c:/winavr-20100110/bin/../lib/gcc/avr/4.3.3/avr51\libgcc.a(_udivmodhi4.o)
                              c:/winavr-20100110/bin/../lib/gcc/avr/4.3.3/avr51\libgcc.a(_divmodhi4.o) (__udivmodhi4)
c:/winavr-20100110/bin/../lib/gcc/avr/4.3.3/../../../../avr/lib/avr51\libc.a(malloc.o)
                              c:/winavr-20100110/bin/../lib/gcc/avr/4.3.3/../../../../avr/lib\libpololu_atmega1284p.a(OrangutanLCD.o) (malloc)
c:/winavr-20100110/bin/../lib/gcc/avr/4.3.3/../../../../avr/lib/avr51\libc.a(itoa.o)
                              DASCH_Plate_Cleaner_Rev2.o (itoa)
c:/winavr-20100110/bin/../lib/gcc/avr/4.3.3/../../../../avr/lib/avr51\libc.a(fdevopen.o)
                              c:/winavr-20100110/bin/../lib/gcc/avr/4.3.3/../../../../avr/lib\libpololu_atmega1284p.a(OrangutanLCD.o) (fdevopen)
c:/winavr-20100110/bin/../lib/gcc/avr/4.3.3/../../../../avr/lib/avr51\libc.a(iob.o)
                              c:/winavr-20100110/bin/../lib/gcc/avr/4.3.3/../../../../avr/lib/avr51\libc.a(fdevopen.o) (__iob)
c:/winavr-20100110/bin/../lib/gcc/avr/4.3.3/../../../../avr/lib/avr51\libc.a(calloc.o)
                              c:/winavr-20100110/bin/../lib/gcc/avr/4.3.3/../../../../avr/lib/avr51\libc.a(fdevopen.o) (calloc)
c:/winavr-20100110/bin/../lib/gcc/avr/4.3.3/../../../../avr/lib/avr51\libc.a(memset.o)
                              c:/winavr-20100110/bin/../lib/gcc/avr/4.3.3/../../../../avr/lib/avr51\libc.a(calloc.o) (memset)
c:/winavr-20100110/bin/../lib/gcc/avr/4.3.3/../../../../avr/lib/avr51\libc.a(strrev.o)
                              c:/winavr-20100110/bin/../lib/gcc/avr/4.3.3/../../../../avr/lib/avr51\libc.a(itoa.o) (strrev)

Allocating common symbols
Common symbol       size              file

__brkval            0x2               c:/winavr-20100110/bin/../lib/gcc/avr/4.3.3/../../../../avr/lib/avr51\libc.a(malloc.o)
u_inputByte0        0x1               DASCH_Plate_Cleaner_Rev2.o
u_motorByte1        0x1               DASCH_Plate_Cleaner_Rev2.o
u_outputByte1       0x1               DASCH_Plate_Cleaner_Rev2.o
u_inputByte1        0x1               DASCH_Plate_Cleaner_Rev2.o
u_outputByte0       0x1               DASCH_Plate_Cleaner_Rev2.o
u_motorByte0        0x1               DASCH_Plate_Cleaner_Rev2.o
__flp               0x2               c:/winavr-20100110/bin/../lib/gcc/avr/4.3.3/../../../../avr/lib/avr51\libc.a(malloc.o)
__iob               0x6               c:/winavr-20100110/bin/../lib/gcc/avr/4.3.3/../../../../avr/lib/avr51\libc.a(iob.o)

Memory Configuration

Name             Origin             Length             Attributes
text             0x00000000         0x00020000         xr
data             0x00800060         0x0000ffa0         rw !x
eeprom           0x00810000         0x00010000         rw !x
fuse             0x00820000         0x00000400         rw !x
lock             0x00830000         0x00000400         rw !x
signature        0x00840000         0x00000400         rw !x
*default*        0x00000000         0xffffffff

Linker script and memory map

Address of section .data set to 0x800100
LOAD c:/winavr-20100110/bin/../lib/gcc/avr/4.3.3/../../../../avr/lib/avr51/crtm1284p.o
LOAD i2cmaster/twimaster.o
LOAD DASCH_Plate_Cleaner_Rev2.o
START GROUP
LOAD c:/winavr-20100110/bin/../lib/gcc/avr/4.3.3/../../../../avr/lib\libpololu_atmega1284p.a
END GROUP
LOAD c:/winavr-20100110/bin/../lib/gcc/avr/4.3.3/avr51\libgcc.a
LOAD c:/winavr-20100110/bin/../lib/gcc/avr/4.3.3/../../../../avr/lib/avr51\libc.a
LOAD c:/winavr-20100110/bin/../lib/gcc/avr/4.3.3/avr51\libgcc.a

.hash
 *(.hash)

.dynsym
 *(.dynsym)

.dynstr
 *(.dynstr)

.gnu.version
 *(.gnu.version)

.gnu.version_d
 *(.gnu.version_d)

.gnu.version_r
 *(.gnu.version_r)

.rel.init
 *(.rel.init)

.rela.init
 *(.rela.init)

.rel.text
 *(.rel.text)
 *(.rel.text.*)
 *(.rel.gnu.linkonce.t*)

.rela.text
 *(.rela.text)
 *(.rela.text.*)
 *(.rela.gnu.linkonce.t*)

.rel.fini
 *(.rel.fini)

.rela.fini
 *(.rela.fini)

.rel.rodata
 *(.rel.rodata)
 *(.rel.rodata.*)
 *(.rel.gnu.linkonce.r*)

.rela.rodata
 *(.rela.rodata)
 *(.rela.rodata.*)
 *(.rela.gnu.linkonce.r*)

.rel.data
 *(.rel.data)
 *(.rel.data.*)
 *(.rel.gnu.linkonce.d*)

.rela.data
 *(.rela.data)
 *(.rela.data.*)
 *(.rela.gnu.linkonce.d*)

.rel.ctors
 *(.rel.ctors)

.rela.ctors
 *(.rela.ctors)

.rel.dtors
 *(.rel.dtors)

.rela.dtors
 *(.rela.dtors)

.rel.got
 *(.rel.got)

.rela.got
 *(.rela.got)

.rel.bss
 *(.rel.bss)

.rela.bss
 *(.rela.bss)

.rel.plt
 *(.rel.plt)

.rela.plt
 *(.rela.plt)

.text           0x00000000     0x43ac
 *(.vectors)
 .vectors       0x00000000       0x8c c:/winavr-20100110/bin/../lib/gcc/avr/4.3.3/../../../../avr/lib/avr51/crtm1284p.o
                0x00000000                __vectors
                0x00000000                __vector_default
 *(.vectors)
 *(.progmem.gcc*)
 .progmem.gcc_sw_table
                0x0000008c       0x58 DASCH_Plate_Cleaner_Rev2.o
 *(.progmem*)
                0x000000e4                . = ALIGN (0x2)
                0x000000e4                __trampolines_start = .
 *(.trampolines)
 .trampolines   0x000000e4        0x0 linker stubs
 *(.trampolines*)
                0x000000e4                __trampolines_end = .
 *(.jumptables)
 *(.jumptables*)
 *(.lowtext)
 *(.lowtext*)
                0x000000e4                __ctors_start = .
 *(.ctors)
                0x000000e4                __ctors_end = .
                0x000000e4                __dtors_start = .
 *(.dtors)
                0x000000e4                __dtors_end = .
 SORT(*)(.ctors)
 SORT(*)(.dtors)
 *(.init0)
 .init0         0x000000e4        0x0 c:/winavr-20100110/bin/../lib/gcc/avr/4.3.3/../../../../avr/lib/avr51/crtm1284p.o
                0x000000e4                __init
 *(.init0)
 *(.init1)
 *(.init1)
 *(.init2)
 .init2         0x000000e4        0xc c:/winavr-20100110/bin/../lib/gcc/avr/4.3.3/../../../../avr/lib/avr51/crtm1284p.o
 *(.init2)
 *(.init3)
 *(.init3)
 *(.init4)
 .init4         0x000000f0       0x1a c:/winavr-20100110/bin/../lib/gcc/avr/4.3.3/../../../../avr/lib/avr51/crtm1284p.o
                0x000000f0                __do_copy_data
 .init4         0x0000010a       0x10 c:/winavr-20100110/bin/../lib/gcc/avr/4.3.3/avr51\libgcc.a(_clear_bss.o)
                0x0000010a                __do_clear_bss
 *(.init4)
 *(.init5)
 *(.init5)
 *(.init6)
 *(.init6)
 *(.init7)
 *(.init7)
 *(.init8)
 *(.init8)
 *(.init9)
 .init9         0x0000011a        0x8 c:/winavr-20100110/bin/../lib/gcc/avr/4.3.3/../../../../avr/lib/avr51/crtm1284p.o
 *(.init9)
 *(.text)
 .text          0x00000122        0x4 c:/winavr-20100110/bin/../lib/gcc/avr/4.3.3/../../../../avr/lib/avr51/crtm1284p.o
                0x00000122                __vector_22
                0x00000122                __vector_1
                0x00000122                __vector_32
                0x00000122                __vector_34
                0x00000122                __vector_24
                0x00000122                __vector_12
                0x00000122                __bad_interrupt
                0x00000122                __vector_6
                0x00000122                __vector_31
                0x00000122                __vector_3
                0x00000122                __vector_23
                0x00000122                __vector_30
                0x00000122                __vector_25
                0x00000122                __vector_13
                0x00000122                __vector_17
                0x00000122                __vector_19
                0x00000122                __vector_7
                0x00000122                __vector_27
                0x00000122                __vector_5
                0x00000122                __vector_33
                0x00000122                __vector_4
                0x00000122                __vector_9
                0x00000122                __vector_2
                0x00000122                __vector_15
                0x00000122                __vector_8
                0x00000122                __vector_26
                0x00000122                __vector_14
                0x00000122                __vector_10
                0x00000122                __vector_16
                0x00000122                __vector_18
 .text          0x00000126      0x10a i2cmaster/twimaster.o
                0x000001e4                i2c_write
                0x0000021c                i2c_readNak
                0x00000208                i2c_readAck
                0x000001ce                i2c_rep_start
                0x00000132                i2c_start
                0x000001d4                i2c_stop
                0x0000017e                i2c_start_wait
                0x00000126                i2c_init
 .text          0x00000230     0x2410 DASCH_Plate_Cleaner_Rev2.o
                0x000007de                firstB_trans
                0x000004b4                dry_action
                0x00000a6a                dry_trans
                0x000002be                brush1_action
                0x000008f0                secondB_trans
                0x00000612                button_debounce
                0x00000e06                init_action
                0x00000dda                serial_print_string
                0x00000f9c                main
                0x00000c56                motor_and_write
                0x00000f60                serial_print_int
                0x00000398                brush2_action
                0x000006d0                init_trans
 .text          0x00002640        0x0 c:/winavr-20100110/bin/../lib/gcc/avr/4.3.3/../../../../avr/lib\libpololu_atmega1284p.a(OrangutanLCD.o)
 .text          0x00002640        0x0 c:/winavr-20100110/bin/../lib/gcc/avr/4.3.3/../../../../avr/lib\libpololu_atmega1284p.a(OrangutanSerial.o)
 .text          0x00002640        0x0 c:/winavr-20100110/bin/../lib/gcc/avr/4.3.3/../../../../avr/lib\libpololu_atmega1284p.a(OrangutanTime.o)
 .text          0x00002640        0x0 c:/winavr-20100110/bin/../lib/gcc/avr/4.3.3/../../../../avr/lib\libpololu_atmega1284p.a(OrangutanSVP.o)
 .text          0x00002640        0x0 c:/winavr-20100110/bin/../lib/gcc/avr/4.3.3/../../../../avr/lib\libpololu_atmega1284p.a(OrangutanSPIMaster.o)
 .text          0x00002640        0x0 c:/winavr-20100110/bin/../lib/gcc/avr/4.3.3/avr51\libgcc.a(_mulsi3.o)
 .text          0x00002640        0x0 c:/winavr-20100110/bin/../lib/gcc/avr/4.3.3/avr51\libgcc.a(_divmodhi4.o)
 .text          0x00002640        0x0 c:/winavr-20100110/bin/../lib/gcc/avr/4.3.3/avr51\libgcc.a(_udivmodsi4.o)
 .text          0x00002640        0x0 c:/winavr-20100110/bin/../lib/gcc/avr/4.3.3/avr51\libgcc.a(_prologue.o)
 .text          0x00002640        0x0 c:/winavr-20100110/bin/../lib/gcc/avr/4.3.3/avr51\libgcc.a(_epilogue.o)
 .text          0x00002640        0x0 c:/winavr-20100110/bin/../lib/gcc/avr/4.3.3/avr51\libgcc.a(_exit.o)
 .text          0x00002640        0x0 c:/winavr-20100110/bin/../lib/gcc/avr/4.3.3/avr51\libgcc.a(_clear_bss.o)
 .text          0x00002640        0x0 c:/winavr-20100110/bin/../lib/gcc/avr/4.3.3/avr51\libgcc.a(_udivmodhi4.o)
 .text          0x00002640        0x0 c:/winavr-20100110/bin/../lib/gcc/avr/4.3.3/../../../../avr/lib/avr51\libc.a(malloc.o)
 .text          0x00002640        0x0 c:/winavr-20100110/bin/../lib/gcc/avr/4.3.3/../../../../avr/lib/avr51\libc.a(itoa.o)
 .text          0x00002640        0x0 c:/winavr-20100110/bin/../lib/gcc/avr/4.3.3/../../../../avr/lib/avr51\libc.a(fdevopen.o)
 .text          0x00002640        0x0 c:/winavr-20100110/bin/../lib/gcc/avr/4.3.3/../../../../avr/lib/avr51\libc.a(iob.o)
 .text          0x00002640        0x0 c:/winavr-20100110/bin/../lib/gcc/avr/4.3.3/../../../../avr/lib/avr51\libc.a(calloc.o)
 .text          0x00002640        0x0 c:/winavr-20100110/bin/../lib/gcc/avr/4.3.3/../../../../avr/lib/avr51\libc.a(memset.o)
 .text          0x00002640        0x0 c:/winavr-20100110/bin/../lib/gcc/avr/4.3.3/../../../../avr/lib/avr51\libc.a(strrev.o)
                0x00002640                . = ALIGN (0x2)
 *(.text.*)
 .text._ZN12OrangutanLCDC2Ev
                0x00002640        0x2 c:/winavr-20100110/bin/../lib/gcc/avr/4.3.3/../../../../avr/lib\libpololu_atmega1284p.a(OrangutanLCD.o)
                0x00002640                OrangutanLCD::OrangutanLCD()
 .text._ZN12OrangutanLCDC1Ev
                0x00002642        0x2 c:/winavr-20100110/bin/../lib/gcc/avr/4.3.3/../../../../avr/lib\libpololu_atmega1284p.a(OrangutanLCD.o)
                0x00002642                OrangutanLCD::OrangutanLCD()
 .text.void_getchar
                0x00002644        0x6 c:/winavr-20100110/bin/../lib/gcc/avr/4.3.3/../../../../avr/lib\libpololu_atmega1284p.a(OrangutanLCD.o)
                0x00002644                void_getchar
 .text._ZN12OrangutanLCD8busyWaitEv
                0x0000264a       0xca c:/winavr-20100110/bin/../lib/gcc/avr/4.3.3/../../../../avr/lib\libpololu_atmega1284p.a(OrangutanLCD.o)
                0x0000264a                OrangutanLCD::busyWait()
 .text._ZN12OrangutanLCD8sendDataEh
                0x00002714       0x3e c:/winavr-20100110/bin/../lib/gcc/avr/4.3.3/../../../../avr/lib\libpololu_atmega1284p.a(OrangutanLCD.o)
                0x00002714                OrangutanLCD::sendData(unsigned char)
 .text._ZN12OrangutanLCD10initPrintfEv
                0x00002752       0x8a c:/winavr-20100110/bin/../lib/gcc/avr/4.3.3/../../../../avr/lib\libpololu_atmega1284p.a(OrangutanLCD.o)
                0x00002752                OrangutanLCD::initPrintf()
 .text._ZN12OrangutanLCD10initPrintfEhh
                0x000027dc        0xe c:/winavr-20100110/bin/../lib/gcc/avr/4.3.3/../../../../avr/lib\libpololu_atmega1284p.a(OrangutanLCD.o)
                0x000027dc                OrangutanLCD::initPrintf(unsigned char, unsigned char)
 .text.lcd_init_printf_with_dimensions
                0x000027ea        0xe c:/winavr-20100110/bin/../lib/gcc/avr/4.3.3/../../../../avr/lib\libpololu_atmega1284p.a(OrangutanLCD.o)
                0x000027ea                lcd_init_printf_with_dimensions
 .text.lcd_init_printf
                0x000027f8        0x6 c:/winavr-20100110/bin/../lib/gcc/avr/4.3.3/../../../../avr/lib\libpololu_atmega1284p.a(OrangutanLCD.o)
                0x000027f8                lcd_init_printf
 .text._ZN12OrangutanLCD5init2Ev
                0x000027fe       0x82 c:/winavr-20100110/bin/../lib/gcc/avr/4.3.3/../../../../avr/lib\libpololu_atmega1284p.a(OrangutanLCD.o)
                0x000027fe                OrangutanLCD::init2()
 .text._ZN12OrangutanLCD4initEv
                0x00002880       0x14 c:/winavr-20100110/bin/../lib/gcc/avr/4.3.3/../../../../avr/lib\libpololu_atmega1284p.a(OrangutanLCD.o)
                0x00002880                OrangutanLCD::init()
 .text._ZN12OrangutanLCD4sendEhhh
                0x00002894       0xa8 c:/winavr-20100110/bin/../lib/gcc/avr/4.3.3/../../../../avr/lib\libpololu_atmega1284p.a(OrangutanLCD.o)
                0x00002894                OrangutanLCD::send(unsigned char, unsigned char, unsigned char)
 .text._ZN12OrangutanLCD8send_cmdEh
                0x0000293c        0xa c:/winavr-20100110/bin/../lib/gcc/avr/4.3.3/../../../../avr/lib\libpololu_atmega1284p.a(OrangutanLCD.o)
                0x0000293c                OrangutanLCD::send_cmd(unsigned char)
 .text._ZN12OrangutanLCD10moveCursorEhh
                0x00002946       0x24 c:/winavr-20100110/bin/../lib/gcc/avr/4.3.3/../../../../avr/lib\libpololu_atmega1284p.a(OrangutanLCD.o)
                0x00002946                OrangutanLCD::moveCursor(unsigned char, unsigned char)
 .text.lcd_move_cursor
                0x0000296a        0x6 c:/winavr-20100110/bin/../lib/gcc/avr/4.3.3/../../../../avr/lib\libpololu_atmega1284p.a(OrangutanLCD.o)
                0x0000296a                lcd_move_cursor
 .text._ZN12OrangutanLCD10hideCursorEv
                0x00002970        0x8 c:/winavr-20100110/bin/../lib/gcc/avr/4.3.3/../../../../avr/lib\libpololu_atmega1284p.a(OrangutanLCD.o)
                0x00002970                OrangutanLCD::hideCursor()
 .text.lcd_hide_cursor
                0x00002978        0x6 c:/winavr-20100110/bin/../lib/gcc/avr/4.3.3/../../../../avr/lib\libpololu_atmega1284p.a(OrangutanLCD.o)
                0x00002978                lcd_hide_cursor
 .text._ZN12OrangutanLCD10showCursorEh
                0x0000297e       0x10 c:/winavr-20100110/bin/../lib/gcc/avr/4.3.3/../../../../avr/lib\libpololu_atmega1284p.a(OrangutanLCD.o)
                0x0000297e                OrangutanLCD::showCursor(unsigned char)
 .text.lcd_show_cursor
                0x0000298e        0x6 c:/winavr-20100110/bin/../lib/gcc/avr/4.3.3/../../../../avr/lib\libpololu_atmega1284p.a(OrangutanLCD.o)
                0x0000298e                lcd_show_cursor
 .text._ZN12OrangutanLCD6gotoXYEhh
                0x00002994       0x3e c:/winavr-20100110/bin/../lib/gcc/avr/4.3.3/../../../../avr/lib\libpololu_atmega1284p.a(OrangutanLCD.o)
                0x00002994                OrangutanLCD::gotoXY(unsigned char, unsigned char)
 .text.lcd_goto_xy
                0x000029d2        0x6 c:/winavr-20100110/bin/../lib/gcc/avr/4.3.3/../../../../avr/lib\libpololu_atmega1284p.a(OrangutanLCD.o)
                0x000029d2                lcd_goto_xy
 .text._ZN12OrangutanLCD5clearEv
                0x000029d8       0x5a c:/winavr-20100110/bin/../lib/gcc/avr/4.3.3/../../../../avr/lib\libpololu_atmega1284p.a(OrangutanLCD.o)
                0x000029d8                OrangutanLCD::clear()
 .text.clear    0x00002a32        0x6 c:/winavr-20100110/bin/../lib/gcc/avr/4.3.3/../../../../avr/lib\libpololu_atmega1284p.a(OrangutanLCD.o)
                0x00002a32                clear
 .text._ZN12OrangutanLCD9send_dataEh
                0x00002a38        0xa c:/winavr-20100110/bin/../lib/gcc/avr/4.3.3/../../../../avr/lib\libpololu_atmega1284p.a(OrangutanLCD.o)
                0x00002a38                OrangutanLCD::send_data(unsigned char)
 .text._ZN12OrangutanLCD11printBinaryEh
                0x00002a42       0x3a c:/winavr-20100110/bin/../lib/gcc/avr/4.3.3/../../../../avr/lib\libpololu_atmega1284p.a(OrangutanLCD.o)
                0x00002a42                OrangutanLCD::printBinary(unsigned char)
 .text.print_binary
                0x00002a7c        0x6 c:/winavr-20100110/bin/../lib/gcc/avr/4.3.3/../../../../avr/lib\libpololu_atmega1284p.a(OrangutanLCD.o)
                0x00002a7c                print_binary
 .text._ZN12OrangutanLCD14printHexNibbleEh
                0x00002a82       0x10 c:/winavr-20100110/bin/../lib/gcc/avr/4.3.3/../../../../avr/lib\libpololu_atmega1284p.a(OrangutanLCD.o)
                0x00002a82                OrangutanLCD::printHexNibble(unsigned char)
 .text._ZN12OrangutanLCD8printHexEh
                0x00002a92       0x18 c:/winavr-20100110/bin/../lib/gcc/avr/4.3.3/../../../../avr/lib\libpololu_atmega1284p.a(OrangutanLCD.o)
                0x00002a92                OrangutanLCD::printHex(unsigned char)
 .text._ZN12OrangutanLCD8printHexEj
                0x00002aaa       0x14 c:/winavr-20100110/bin/../lib/gcc/avr/4.3.3/../../../../avr/lib\libpololu_atmega1284p.a(OrangutanLCD.o)
                0x00002aaa                OrangutanLCD::printHex(unsigned int)
 .text.print_hex
                0x00002abe        0x6 c:/winavr-20100110/bin/../lib/gcc/avr/4.3.3/../../../../avr/lib\libpololu_atmega1284p.a(OrangutanLCD.o)
                0x00002abe                print_hex
 .text.print_hex_byte
                0x00002ac4        0x6 c:/winavr-20100110/bin/../lib/gcc/avr/4.3.3/../../../../avr/lib\libpololu_atmega1284p.a(OrangutanLCD.o)
                0x00002ac4                print_hex_byte
 .text._ZN12OrangutanLCD5printEm
                0x00002aca       0xc0 c:/winavr-20100110/bin/../lib/gcc/avr/4.3.3/../../../../avr/lib\libpololu_atmega1284p.a(OrangutanLCD.o)
                0x00002aca                OrangutanLCD::print(unsigned long)
 .text.print_unsigned_long
                0x00002b8a        0x6 c:/winavr-20100110/bin/../lib/gcc/avr/4.3.3/../../../../avr/lib\libpololu_atmega1284p.a(OrangutanLCD.o)
                0x00002b8a                print_unsigned_long
 .text._ZN12OrangutanLCD5printEl
                0x00002b90       0x38 c:/winavr-20100110/bin/../lib/gcc/avr/4.3.3/../../../../avr/lib\libpololu_atmega1284p.a(OrangutanLCD.o)
                0x00002b90                OrangutanLCD::print(long)
 .text.print_long
                0x00002bc8        0x6 c:/winavr-20100110/bin/../lib/gcc/avr/4.3.3/../../../../avr/lib\libpololu_atmega1284p.a(OrangutanLCD.o)
                0x00002bc8                print_long
 .text._ZN12OrangutanLCD21printFromProgramSpaceEPKc
                0x00002bce       0x1c c:/winavr-20100110/bin/../lib/gcc/avr/4.3.3/../../../../avr/lib\libpololu_atmega1284p.a(OrangutanLCD.o)
                0x00002bce                OrangutanLCD::printFromProgramSpace(char const*)
 .text.print_from_program_space
                0x00002bea        0x6 c:/winavr-20100110/bin/../lib/gcc/avr/4.3.3/../../../../avr/lib\libpololu_atmega1284p.a(OrangutanLCD.o)
                0x00002bea                print_from_program_space
 .text._ZN12OrangutanLCD5printEPKc
                0x00002bf0       0x1a c:/winavr-20100110/bin/../lib/gcc/avr/4.3.3/../../../../avr/lib\libpololu_atmega1284p.a(OrangutanLCD.o)
                0x00002bf0                OrangutanLCD::print(char const*)
 .text._ZN12OrangutanLCD7printInEPKc
                0x00002c0a        0x6 c:/winavr-20100110/bin/../lib/gcc/avr/4.3.3/../../../../avr/lib\libpololu_atmega1284p.a(OrangutanLCD.o)
                0x00002c0a                OrangutanLCD::printIn(char const*)
 .text.print    0x00002c10        0x6 c:/winavr-20100110/bin/../lib/gcc/avr/4.3.3/../../../../avr/lib\libpololu_atmega1284p.a(OrangutanLCD.o)
                0x00002c10                print
 .text._ZN12OrangutanLCD5printEc
                0x00002c16        0x6 c:/winavr-20100110/bin/../lib/gcc/avr/4.3.3/../../../../avr/lib\libpololu_atmega1284p.a(OrangutanLCD.o)
                0x00002c16                OrangutanLCD::print(char)
 .text.print_character
                0x00002c1c        0x6 c:/winavr-20100110/bin/../lib/gcc/avr/4.3.3/../../../../avr/lib\libpololu_atmega1284p.a(OrangutanLCD.o)
                0x00002c1c                print_character
 .text.lcd_putchar
                0x00002c22      0x23a c:/winavr-20100110/bin/../lib/gcc/avr/4.3.3/../../../../avr/lib\libpololu_atmega1284p.a(OrangutanLCD.o)
                0x00002c22                lcd_putchar
 .text._ZN12OrangutanLCD19loadCustomCharacterEPKch
                0x00002e5c       0x4c c:/winavr-20100110/bin/../lib/gcc/avr/4.3.3/../../../../avr/lib\libpololu_atmega1284p.a(OrangutanLCD.o)
                0x00002e5c                OrangutanLCD::loadCustomCharacter(char const*, unsigned char)
 .text.lcd_load_custom_character
                0x00002ea8        0x6 c:/winavr-20100110/bin/../lib/gcc/avr/4.3.3/../../../../avr/lib\libpololu_atmega1284p.a(OrangutanLCD.o)
                0x00002ea8                lcd_load_custom_character
 .text._ZN12OrangutanLCD13send_4bit_cmdEh
                0x00002eae        0xa c:/winavr-20100110/bin/../lib/gcc/avr/4.3.3/../../../../avr/lib\libpololu_atmega1284p.a(OrangutanLCD.o)
                0x00002eae                OrangutanLCD::send_4bit_cmd(unsigned char)
 .text._ZN12OrangutanLCD6scrollEhhj
                0x00002eb8       0x34 c:/winavr-20100110/bin/../lib/gcc/avr/4.3.3/../../../../avr/lib\libpololu_atmega1284p.a(OrangutanLCD.o)
                0x00002eb8                OrangutanLCD::scroll(unsigned char, unsigned char, unsigned int)
 .text.lcd_scroll
                0x00002eec        0x6 c:/winavr-20100110/bin/../lib/gcc/avr/4.3.3/../../../../avr/lib\libpololu_atmega1284p.a(OrangutanLCD.o)
                0x00002eec                lcd_scroll
 .text.serial_get_mode
                0x00002ef2       0x20 c:/winavr-20100110/bin/../lib/gcc/avr/4.3.3/../../../../avr/lib\libpololu_atmega1284p.a(OrangutanSerial.o)
                0x00002ef2                serial_get_mode
 .text.serial_get_received_bytes
                0x00002f12       0x1c c:/winavr-20100110/bin/../lib/gcc/avr/4.3.3/../../../../avr/lib\libpololu_atmega1284p.a(OrangutanSerial.o)
                0x00002f12                serial_get_received_bytes
 .text.serial_receive_buffer_full
                0x00002f2e       0x40 c:/winavr-20100110/bin/../lib/gcc/avr/4.3.3/../../../../avr/lib\libpololu_atmega1284p.a(OrangutanSerial.o)
                0x00002f2e                serial_receive_buffer_full
 .text.serial_get_sent_bytes
                0x00002f6e       0x20 c:/winavr-20100110/bin/../lib/gcc/avr/4.3.3/../../../../avr/lib\libpololu_atmega1284p.a(OrangutanSerial.o)
                0x00002f6e                serial_get_sent_bytes
 .text.serial_send_buffer_empty
                0x00002f8e       0x48 c:/winavr-20100110/bin/../lib/gcc/avr/4.3.3/../../../../avr/lib\libpololu_atmega1284p.a(OrangutanSerial.o)
                0x00002f8e                serial_send_buffer_empty
 .text._ZN15OrangutanSerialC2Ev
                0x00002fd6        0x2 c:/winavr-20100110/bin/../lib/gcc/avr/4.3.3/../../../../avr/lib\libpololu_atmega1284p.a(OrangutanSerial.o)
                0x00002fd6                OrangutanSerial::OrangutanSerial()
 .text._ZN15OrangutanSerialC1Ev
                0x00002fd8        0x2 c:/winavr-20100110/bin/../lib/gcc/avr/4.3.3/../../../../avr/lib\libpololu_atmega1284p.a(OrangutanSerial.o)
                0x00002fd8                OrangutanSerial::OrangutanSerial()
 .text._ZN15OrangutanSerial8initPortEh
                0x00002fda       0x94 c:/winavr-20100110/bin/../lib/gcc/avr/4.3.3/../../../../avr/lib\libpololu_atmega1284p.a(OrangutanSerial.o)
                0x00002fda                OrangutanSerial::initPort(unsigned char)
 .text.serial_set_mode
                0x0000306e       0x24 c:/winavr-20100110/bin/../lib/gcc/avr/4.3.3/../../../../avr/lib\libpololu_atmega1284p.a(OrangutanSerial.o)
                0x0000306e                serial_set_mode
 .text._ZN15OrangutanSerial11setBaudRateEhm
                0x00003092       0x6c c:/winavr-20100110/bin/../lib/gcc/avr/4.3.3/../../../../avr/lib\libpololu_atmega1284p.a(OrangutanSerial.o)
                0x00003092                OrangutanSerial::setBaudRate(unsigned char, unsigned long)
 .text.serial_set_baud_rate
                0x000030fe        0x6 c:/winavr-20100110/bin/../lib/gcc/avr/4.3.3/../../../../avr/lib\libpololu_atmega1284p.a(OrangutanSerial.o)
                0x000030fe                serial_set_baud_rate
 .text._ZN15OrangutanSerial7setModeEhh
                0x00003104       0x24 c:/winavr-20100110/bin/../lib/gcc/avr/4.3.3/../../../../avr/lib\libpololu_atmega1284p.a(OrangutanSerial.o)
                0x00003104                OrangutanSerial::setMode(unsigned char, unsigned char)
 .text._ZN15OrangutanSerial7receiveEhPch
                0x00003128       0x84 c:/winavr-20100110/bin/../lib/gcc/avr/4.3.3/../../../../avr/lib\libpololu_atmega1284p.a(OrangutanSerial.o)
                0x00003128                OrangutanSerial::receive(unsigned char, char*, unsigned char)
 .text.serial_receive
                0x000031ac        0x6 c:/winavr-20100110/bin/../lib/gcc/avr/4.3.3/../../../../avr/lib\libpololu_atmega1284p.a(OrangutanSerial.o)
                0x000031ac                serial_receive
 .text._ZN15OrangutanSerial11receiveRingEhPch
                0x000031b2       0x86 c:/winavr-20100110/bin/../lib/gcc/avr/4.3.3/../../../../avr/lib\libpololu_atmega1284p.a(OrangutanSerial.o)
                0x000031b2                OrangutanSerial::receiveRing(unsigned char, char*, unsigned char)
 .text.serial_receive_ring
                0x00003238        0x6 c:/winavr-20100110/bin/../lib/gcc/avr/4.3.3/../../../../avr/lib\libpololu_atmega1284p.a(OrangutanSerial.o)
                0x00003238                serial_receive_ring
 .text._ZN15OrangutanSerial13cancelReceiveEh
                0x0000323e        0xc c:/winavr-20100110/bin/../lib/gcc/avr/4.3.3/../../../../avr/lib\libpololu_atmega1284p.a(OrangutanSerial.o)
                0x0000323e                OrangutanSerial::cancelReceive(unsigned char)
 .text.serial_cancel_receive
                0x0000324a        0x6 c:/winavr-20100110/bin/../lib/gcc/avr/4.3.3/../../../../avr/lib\libpololu_atmega1284p.a(OrangutanSerial.o)
                0x0000324a                serial_cancel_receive
 .text.__vector_20
                0x00003250       0x78 c:/winavr-20100110/bin/../lib/gcc/avr/4.3.3/../../../../avr/lib\libpololu_atmega1284p.a(OrangutanSerial.o)
                0x00003250                __vector_20
 .text.__vector_28
                0x000032c8       0x78 c:/winavr-20100110/bin/../lib/gcc/avr/4.3.3/../../../../avr/lib\libpololu_atmega1284p.a(OrangutanSerial.o)
                0x000032c8                __vector_28
 .text._ZN15OrangutanSerial11uart_tx_isrEh
                0x00003340      0x1a8 c:/winavr-20100110/bin/../lib/gcc/avr/4.3.3/../../../../avr/lib\libpololu_atmega1284p.a(OrangutanSerial.o)
                0x00003340                OrangutanSerial::uart_tx_isr(unsigned char)
 .text._ZN15OrangutanSerial4sendEhPch
                0x000034e8       0xf6 c:/winavr-20100110/bin/../lib/gcc/avr/4.3.3/../../../../avr/lib\libpololu_atmega1284p.a(OrangutanSerial.o)
                0x000034e8                OrangutanSerial::send(unsigned char, char*, unsigned char)
 .text.serial_send
                0x000035de        0x6 c:/winavr-20100110/bin/../lib/gcc/avr/4.3.3/../../../../avr/lib\libpololu_atmega1284p.a(OrangutanSerial.o)
                0x000035de                serial_send
 .text.__vector_21
                0x000035e4       0x52 c:/winavr-20100110/bin/../lib/gcc/avr/4.3.3/../../../../avr/lib\libpololu_atmega1284p.a(OrangutanSerial.o)
                0x000035e4                __vector_21
 .text.__vector_29
                0x00003636       0x52 c:/winavr-20100110/bin/../lib/gcc/avr/4.3.3/../../../../avr/lib\libpololu_atmega1284p.a(OrangutanSerial.o)
                0x00003636                __vector_29
 .text._ZN15OrangutanSerial15serial_tx_checkEh
                0x00003688       0x5c c:/winavr-20100110/bin/../lib/gcc/avr/4.3.3/../../../../avr/lib\libpololu_atmega1284p.a(OrangutanSerial.o)
                0x00003688                OrangutanSerial::serial_tx_check(unsigned char)
 .text._ZN15OrangutanSerial15serial_rx_checkEh
                0x000036e4      0x1e0 c:/winavr-20100110/bin/../lib/gcc/avr/4.3.3/../../../../avr/lib\libpololu_atmega1284p.a(OrangutanSerial.o)
                0x000036e4                OrangutanSerial::serial_rx_check(unsigned char)
 .text._ZN15OrangutanSerial5checkEv
                0x000038c4       0x26 c:/winavr-20100110/bin/../lib/gcc/avr/4.3.3/../../../../avr/lib\libpololu_atmega1284p.a(OrangutanSerial.o)
                0x000038c4                OrangutanSerial::check()
 .text._ZN15OrangutanSerial12sendBlockingEhPch
                0x000038ea       0x52 c:/winavr-20100110/bin/../lib/gcc/avr/4.3.3/../../../../avr/lib\libpololu_atmega1284p.a(OrangutanSerial.o)
                0x000038ea                OrangutanSerial::sendBlocking(unsigned char, char*, unsigned char)
 .text.serial_send_blocking
                0x0000393c        0x6 c:/winavr-20100110/bin/../lib/gcc/avr/4.3.3/../../../../avr/lib\libpololu_atmega1284p.a(OrangutanSerial.o)
                0x0000393c                serial_send_blocking
 .text._ZN15OrangutanSerial15receiveBlockingEhPchj
                0x00003942       0x88 c:/winavr-20100110/bin/../lib/gcc/avr/4.3.3/../../../../avr/lib\libpololu_atmega1284p.a(OrangutanSerial.o)
                0x00003942                OrangutanSerial::receiveBlocking(unsigned char, char*, unsigned char, unsigned int)
 .text.serial_receive_blocking
                0x000039ca        0x6 c:/winavr-20100110/bin/../lib/gcc/avr/4.3.3/../../../../avr/lib\libpololu_atmega1284p.a(OrangutanSerial.o)
                0x000039ca                serial_receive_blocking
 .text.serial_check
                0x000039d0        0x6 c:/winavr-20100110/bin/../lib/gcc/avr/4.3.3/../../../../avr/lib\libpololu_atmega1284p.a(OrangutanSerial.o)
                0x000039d0                serial_check
 .text.__vector_11
                0x000039d6       0x74 c:/winavr-20100110/bin/../lib/gcc/avr/4.3.3/../../../../avr/lib\libpololu_atmega1284p.a(OrangutanTime.o)
                0x000039d6                __vector_11
 .text.ticks_to_microseconds
                0x00003a4a       0x22 c:/winavr-20100110/bin/../lib/gcc/avr/4.3.3/../../../../avr/lib\libpololu_atmega1284p.a(OrangutanTime.o)
                0x00003a4a                ticks_to_microseconds
 .text.delay_ms
                0x00003a6c       0x1e c:/winavr-20100110/bin/../lib/gcc/avr/4.3.3/../../../../avr/lib\libpololu_atmega1284p.a(OrangutanTime.o)
                0x00003a6c                delay_ms
 .text._ZN13OrangutanTime19ticksToMicrosecondsEm
                0x00003a8a       0x22 c:/winavr-20100110/bin/../lib/gcc/avr/4.3.3/../../../../avr/lib\libpololu_atmega1284p.a(OrangutanTime.o)
                0x00003a8a                OrangutanTime::ticksToMicroseconds(unsigned long)
 .text._ZN13OrangutanTime17delayMillisecondsEj
                0x00003aac       0x1e c:/winavr-20100110/bin/../lib/gcc/avr/4.3.3/../../../../avr/lib\libpololu_atmega1284p.a(OrangutanTime.o)
                0x00003aac                OrangutanTime::delayMilliseconds(unsigned int)
 .text._ZN13OrangutanTime5init2Ev
                0x00003aca       0x30 c:/winavr-20100110/bin/../lib/gcc/avr/4.3.3/../../../../avr/lib\libpololu_atmega1284p.a(OrangutanTime.o)
                0x00003aca                OrangutanTime::init2()
 .text._ZN13OrangutanTime4initEv
                0x00003afa       0x14 c:/winavr-20100110/bin/../lib/gcc/avr/4.3.3/../../../../avr/lib\libpololu_atmega1284p.a(OrangutanTime.o)
                0x00003afa                OrangutanTime::init()
 .text._ZN13OrangutanTime2msEv
                0x00003b0e       0x2a c:/winavr-20100110/bin/../lib/gcc/avr/4.3.3/../../../../avr/lib\libpololu_atmega1284p.a(OrangutanTime.o)
                0x00003b0e                OrangutanTime::ms()
 .text.get_ms   0x00003b38        0x6 c:/winavr-20100110/bin/../lib/gcc/avr/4.3.3/../../../../avr/lib\libpololu_atmega1284p.a(OrangutanTime.o)
                0x00003b38                get_ms
 .text._ZN13OrangutanTime5ticksEv
                0x00003b3e       0x6a c:/winavr-20100110/bin/../lib/gcc/avr/4.3.3/../../../../avr/lib\libpololu_atmega1284p.a(OrangutanTime.o)
                0x00003b3e                OrangutanTime::ticks()
 .text.get_ticks
                0x00003ba8        0x6 c:/winavr-20100110/bin/../lib/gcc/avr/4.3.3/../../../../avr/lib\libpololu_atmega1284p.a(OrangutanTime.o)
                0x00003ba8                get_ticks
 .text._ZN13OrangutanTime5resetEv
                0x00003bae       0x2e c:/winavr-20100110/bin/../lib/gcc/avr/4.3.3/../../../../avr/lib\libpololu_atmega1284p.a(OrangutanTime.o)
                0x00003bae                OrangutanTime::reset()
 .text.time_reset
                0x00003bdc        0x6 c:/winavr-20100110/bin/../lib/gcc/avr/4.3.3/../../../../avr/lib\libpololu_atmega1284p.a(OrangutanTime.o)
                0x00003bdc                time_reset
 .text._ZN12OrangutanSVP7setModeEh
                0x00003be2       0x1a c:/winavr-20100110/bin/../lib/gcc/avr/4.3.3/../../../../avr/lib\libpololu_atmega1284p.a(OrangutanSVP.o)
                0x00003be2                OrangutanSVP::setMode(unsigned char)
 .text.svp_set_mode
                0x00003bfc        0x6 c:/winavr-20100110/bin/../lib/gcc/avr/4.3.3/../../../../avr/lib\libpololu_atmega1284p.a(OrangutanSVP.o)
                0x00003bfc                svp_set_mode
 .text._ZN12OrangutanSVP17serialSendIfReadyEc
                0x00003c02       0x20 c:/winavr-20100110/bin/../lib/gcc/avr/4.3.3/../../../../avr/lib\libpololu_atmega1284p.a(OrangutanSVP.o)
                0x00003c02                OrangutanSVP::serialSendIfReady(char)
 .text._ZN12OrangutanSVP11getNextByteEv
                0x00003c22        0xa c:/winavr-20100110/bin/../lib/gcc/avr/4.3.3/../../../../avr/lib\libpololu_atmega1284p.a(OrangutanSVP.o)
                0x00003c22                OrangutanSVP::getNextByte()
 .text._ZL23updateVariablesIfNeededv
                0x00003c2c       0x56 c:/winavr-20100110/bin/../lib/gcc/avr/4.3.3/../../../../avr/lib\libpololu_atmega1284p.a(OrangutanSVP.o)
 .text._ZN12OrangutanSVP9getStatusEv
                0x00003c82        0xa c:/winavr-20100110/bin/../lib/gcc/avr/4.3.3/../../../../avr/lib\libpololu_atmega1284p.a(OrangutanSVP.o)
                0x00003c82                OrangutanSVP::getStatus()
 .text.svp_get_status
                0x00003c8c        0x6 c:/winavr-20100110/bin/../lib/gcc/avr/4.3.3/../../../../avr/lib\libpololu_atmega1284p.a(OrangutanSVP.o)
                0x00003c8c                svp_get_status
 .text._ZN12OrangutanSVP21getChannelDMillivoltsEv
                0x00003c92        0xe c:/winavr-20100110/bin/../lib/gcc/avr/4.3.3/../../../../avr/lib\libpololu_atmega1284p.a(OrangutanSVP.o)
                0x00003c92                OrangutanSVP::getChannelDMillivolts()
 .text._ZN12OrangutanSVP21getChannelCMillivoltsEv
                0x00003ca0        0xe c:/winavr-20100110/bin/../lib/gcc/avr/4.3.3/../../../../avr/lib\libpololu_atmega1284p.a(OrangutanSVP.o)
                0x00003ca0                OrangutanSVP::getChannelCMillivolts()
 .text._ZN12OrangutanSVP21getChannelBMillivoltsEv
                0x00003cae        0xe c:/winavr-20100110/bin/../lib/gcc/avr/4.3.3/../../../../avr/lib\libpololu_atmega1284p.a(OrangutanSVP.o)
                0x00003cae                OrangutanSVP::getChannelBMillivolts()
 .text._ZN12OrangutanSVP21getChannelAMillivoltsEv
                0x00003cbc        0xe c:/winavr-20100110/bin/../lib/gcc/avr/4.3.3/../../../../avr/lib\libpololu_atmega1284p.a(OrangutanSVP.o)
                0x00003cbc                OrangutanSVP::getChannelAMillivolts()
 .text._ZN12OrangutanSVP20getBatteryMillivoltsEv
                0x00003cca        0xe c:/winavr-20100110/bin/../lib/gcc/avr/4.3.3/../../../../avr/lib\libpololu_atmega1284p.a(OrangutanSVP.o)
                0x00003cca                OrangutanSVP::getBatteryMillivolts()
 .text._ZN12OrangutanSVP20getTrimpotMillivoltsEv
                0x00003cd8        0xe c:/winavr-20100110/bin/../lib/gcc/avr/4.3.3/../../../../avr/lib\libpololu_atmega1284p.a(OrangutanSVP.o)
                0x00003cd8                OrangutanSVP::getTrimpotMillivolts()
 .text._ZN12OrangutanSVP15serialReadStartEv
                0x00003ce6        0xe c:/winavr-20100110/bin/../lib/gcc/avr/4.3.3/../../../../avr/lib\libpololu_atmega1284p.a(OrangutanSVP.o)
                0x00003ce6                OrangutanSVP::serialReadStart()
 .text._Z14updateEncodersv
                0x00003cf4       0x6a c:/winavr-20100110/bin/../lib/gcc/avr/4.3.3/../../../../avr/lib\libpololu_atmega1284p.a(OrangutanSVP.o)
                0x00003cf4                updateEncoders()
 .text._ZL22updateEncodersIfNeededv
                0x00003d5e       0x38 c:/winavr-20100110/bin/../lib/gcc/avr/4.3.3/../../../../avr/lib\libpololu_atmega1284p.a(OrangutanSVP.o)
 .text._ZN12OrangutanSVP12checkErrorCDEv
                0x00003d96       0x1a c:/winavr-20100110/bin/../lib/gcc/avr/4.3.3/../../../../avr/lib\libpololu_atmega1284p.a(OrangutanSVP.o)
                0x00003d96                OrangutanSVP::checkErrorCD()
 .text.svp_check_error_cd
                0x00003db0        0x6 c:/winavr-20100110/bin/../lib/gcc/avr/4.3.3/../../../../avr/lib\libpololu_atmega1284p.a(OrangutanSVP.o)
                0x00003db0                svp_check_error_cd
 .text._ZN12OrangutanSVP12checkErrorABEv
                0x00003db6       0x1a c:/winavr-20100110/bin/../lib/gcc/avr/4.3.3/../../../../avr/lib\libpololu_atmega1284p.a(OrangutanSVP.o)
                0x00003db6                OrangutanSVP::checkErrorAB()
 .text.svp_check_error_ab
                0x00003dd0        0x6 c:/winavr-20100110/bin/../lib/gcc/avr/4.3.3/../../../../avr/lib\libpololu_atmega1284p.a(OrangutanSVP.o)
                0x00003dd0                svp_check_error_ab
 .text._ZN12OrangutanSVP11getCountsCDEv
                0x00003dd6       0x1c c:/winavr-20100110/bin/../lib/gcc/avr/4.3.3/../../../../avr/lib\libpololu_atmega1284p.a(OrangutanSVP.o)
                0x00003dd6                OrangutanSVP::getCountsCD()
 .text._ZN12OrangutanSVP19getCountsAndResetCDEv
                0x00003df2       0x16 c:/winavr-20100110/bin/../lib/gcc/avr/4.3.3/../../../../avr/lib\libpololu_atmega1284p.a(OrangutanSVP.o)
                0x00003df2                OrangutanSVP::getCountsAndResetCD()
 .text.svp_get_counts_and_reset_cd
                0x00003e08        0x6 c:/winavr-20100110/bin/../lib/gcc/avr/4.3.3/../../../../avr/lib\libpololu_atmega1284p.a(OrangutanSVP.o)
                0x00003e08                svp_get_counts_and_reset_cd
 .text.svp_get_counts_cd
                0x00003e0e        0x6 c:/winavr-20100110/bin/../lib/gcc/avr/4.3.3/../../../../avr/lib\libpololu_atmega1284p.a(OrangutanSVP.o)
                0x00003e0e                svp_get_counts_cd
 .text._ZN12OrangutanSVP11getCountsABEv
                0x00003e14       0x1c c:/winavr-20100110/bin/../lib/gcc/avr/4.3.3/../../../../avr/lib\libpololu_atmega1284p.a(OrangutanSVP.o)
                0x00003e14                OrangutanSVP::getCountsAB()
 .text._ZN12OrangutanSVP19getCountsAndResetABEv
                0x00003e30       0x16 c:/winavr-20100110/bin/../lib/gcc/avr/4.3.3/../../../../avr/lib\libpololu_atmega1284p.a(OrangutanSVP.o)
                0x00003e30                OrangutanSVP::getCountsAndResetAB()
 .text.svp_get_counts_and_reset_ab
                0x00003e46        0x6 c:/winavr-20100110/bin/../lib/gcc/avr/4.3.3/../../../../avr/lib\libpololu_atmega1284p.a(OrangutanSVP.o)
                0x00003e46                svp_get_counts_and_reset_ab
 .text.svp_get_counts_ab
                0x00003e4c        0x6 c:/winavr-20100110/bin/../lib/gcc/avr/4.3.3/../../../../avr/lib\libpololu_atmega1284p.a(OrangutanSVP.o)
                0x00003e4c                svp_get_counts_ab
 .text._ZN12OrangutanSVP18getFirmwareVersionEv
                0x00003e52        0xe c:/winavr-20100110/bin/../lib/gcc/avr/4.3.3/../../../../avr/lib\libpololu_atmega1284p.a(OrangutanSVP.o)
                0x00003e52                OrangutanSVP::getFirmwareVersion()
 .text.svp_get_firmware_version
                0x00003e60        0x6 c:/winavr-20100110/bin/../lib/gcc/avr/4.3.3/../../../../avr/lib\libpololu_atmega1284p.a(OrangutanSVP.o)
                0x00003e60                svp_get_firmware_version
 .text._ZN18OrangutanSPIMaster4initEhh
                0x00003e66       0x4c c:/winavr-20100110/bin/../lib/gcc/avr/4.3.3/../../../../avr/lib\libpololu_atmega1284p.a(OrangutanSPIMaster.o)
                0x00003e66                OrangutanSPIMaster::init(unsigned char, unsigned char)
 .text._ZN18OrangutanSPIMaster16transmitAndDelayEhh
                0x00003eb2       0x54 c:/winavr-20100110/bin/../lib/gcc/avr/4.3.3/../../../../avr/lib\libpololu_atmega1284p.a(OrangutanSPIMaster.o)
                0x00003eb2                OrangutanSPIMaster::transmitAndDelay(unsigned char, unsigned char)
 .text._ZN18OrangutanSPIMaster8transmitEh
                0x00003f06        0x8 c:/winavr-20100110/bin/../lib/gcc/avr/4.3.3/../../../../avr/lib\libpololu_atmega1284p.a(OrangutanSPIMaster.o)
                0x00003f06                OrangutanSPIMaster::transmit(unsigned char)
 .text.spi_master_transmit
                0x00003f0e        0x6 c:/winavr-20100110/bin/../lib/gcc/avr/4.3.3/../../../../avr/lib\libpololu_atmega1284p.a(OrangutanSPIMaster.o)
                0x00003f0e                spi_master_transmit
 .text.spi_master_transmit_and_delay
                0x00003f14        0x6 c:/winavr-20100110/bin/../lib/gcc/avr/4.3.3/../../../../avr/lib\libpololu_atmega1284p.a(OrangutanSPIMaster.o)
                0x00003f14                spi_master_transmit_and_delay
 .text.spi_master_init
                0x00003f1a        0x6 c:/winavr-20100110/bin/../lib/gcc/avr/4.3.3/../../../../avr/lib\libpololu_atmega1284p.a(OrangutanSPIMaster.o)
                0x00003f1a                spi_master_init
 .text.libgcc   0x00003f20       0x3e c:/winavr-20100110/bin/../lib/gcc/avr/4.3.3/avr51\libgcc.a(_mulsi3.o)
                0x00003f20                __mulsi3
 .text.libgcc   0x00003f5e       0x26 c:/winavr-20100110/bin/../lib/gcc/avr/4.3.3/avr51\libgcc.a(_divmodhi4.o)
                0x00003f5e                __divmodhi4
                0x00003f5e                _div
 .text.libgcc   0x00003f84       0x44 c:/winavr-20100110/bin/../lib/gcc/avr/4.3.3/avr51\libgcc.a(_udivmodsi4.o)
                0x00003f84                __udivmodsi4
 .text.libgcc   0x00003fc8       0x38 c:/winavr-20100110/bin/../lib/gcc/avr/4.3.3/avr51\libgcc.a(_prologue.o)
                0x00003fc8                __prologue_saves__
 .text.libgcc   0x00004000       0x36 c:/winavr-20100110/bin/../lib/gcc/avr/4.3.3/avr51\libgcc.a(_epilogue.o)
                0x00004000                __epilogue_restores__
 .text.libgcc   0x00004036        0x0 c:/winavr-20100110/bin/../lib/gcc/avr/4.3.3/avr51\libgcc.a(_exit.o)
 .text.libgcc   0x00004036        0x0 c:/winavr-20100110/bin/../lib/gcc/avr/4.3.3/avr51\libgcc.a(_clear_bss.o)
 .text.libgcc   0x00004036       0x28 c:/winavr-20100110/bin/../lib/gcc/avr/4.3.3/avr51\libgcc.a(_udivmodhi4.o)
                0x00004036                __udivmodhi4
 .text.avr-libc
                0x0000405e      0x20a c:/winavr-20100110/bin/../lib/gcc/avr/4.3.3/../../../../avr/lib/avr51\libc.a(malloc.o)
                0x0000405e                malloc
                0x000041b8                free
 .text.avr-libc
                0x00004268       0x42 c:/winavr-20100110/bin/../lib/gcc/avr/4.3.3/../../../../avr/lib/avr51\libc.a(itoa.o)
                0x00004268                itoa
 .text.avr-libc
                0x000042aa       0x98 c:/winavr-20100110/bin/../lib/gcc/avr/4.3.3/../../../../avr/lib/avr51\libc.a(fdevopen.o)
                0x000042aa                fdevopen
 .text.avr-libc
                0x00004342       0x38 c:/winavr-20100110/bin/../lib/gcc/avr/4.3.3/../../../../avr/lib/avr51\libc.a(calloc.o)
                0x00004342                calloc
 .text.avr-libc
                0x0000437a        0xe c:/winavr-20100110/bin/../lib/gcc/avr/4.3.3/../../../../avr/lib/avr51\libc.a(memset.o)
                0x0000437a                memset
 .text.avr-libc
                0x00004388       0x20 c:/winavr-20100110/bin/../lib/gcc/avr/4.3.3/../../../../avr/lib/avr51\libc.a(strrev.o)
                0x00004388                strrev
                0x000043a8                . = ALIGN (0x2)
 *(.fini9)
 .fini9         0x000043a8        0x0 c:/winavr-20100110/bin/../lib/gcc/avr/4.3.3/avr51\libgcc.a(_exit.o)
                0x000043a8                exit
                0x000043a8                _exit
 *(.fini9)
 *(.fini8)
 *(.fini8)
 *(.fini7)
 *(.fini7)
 *(.fini6)
 *(.fini6)
 *(.fini5)
 *(.fini5)
 *(.fini4)
 *(.fini4)
 *(.fini3)
 *(.fini3)
 *(.fini2)
 *(.fini2)
 *(.fini1)
 *(.fini1)
 *(.fini0)
 .fini0         0x000043a8        0x4 c:/winavr-20100110/bin/../lib/gcc/avr/4.3.3/avr51\libgcc.a(_exit.o)
 *(.fini0)
                0x000043ac                _etext = .

.data           0x00800100      0x2f2 load address 0x000043ac
                0x00800100                PROVIDE (__data_start, .)
 *(.data)
 .data          0x00800100        0x0 c:/winavr-20100110/bin/../lib/gcc/avr/4.3.3/../../../../avr/lib/avr51/crtm1284p.o
 .data          0x00800100        0x0 i2cmaster/twimaster.o
 .data          0x00800100      0x2c4 DASCH_Plate_Cleaner_Rev2.o
                0x008003ae                plateLoadMotorLoadPlate
                0x008003b2                fixtureLiftExtra
                0x008003a0                totalStepLength1
                0x008003b6                fixtureMotorBrush1Step
                0x00800394                kWait
                0x008003a6                totalStepLength4
                0x008003ac                fixtureMotorWholePlate
                0x00800390                pWait
                0x0080039e                highLength5
                0x008003bc                fixtureMotorDry2Step
                0x008003a8                totalStepLength5
                0x008003c2                fixtureMotorBrush2StepWhole
                0x008003a2                totalStepLength2
                0x008003c0                fixtureMotorDry1StepWhole
                0x0080039c                highLength4
                0x008003b0                plateLoadExtra
                0x008003b8                fixtureMotorBrush2Step
                0x008003b4                fixtureMotorHomeFix
                0x00800396                highLength1
                0x008003ba                fixtureMotorDry1Step
                0x00800398                highLength2
                0x0080039a                highLength3
                0x008003aa                fixtureMotorHalfPlate
                0x008003be                fixtureMotorLoadBack
                0x00800392                mWait
                0x008003a4                totalStepLength3
 .data          0x008003c4        0x2 c:/winavr-20100110/bin/../lib/gcc/avr/4.3.3/../../../../avr/lib\libpololu_atmega1284p.a(OrangutanLCD.o)
                0x008003c5                numLCDCols
                0x008003c4                numLCDRows
 .data          0x008003c6       0x1e c:/winavr-20100110/bin/../lib/gcc/avr/4.3.3/../../../../avr/lib\libpololu_atmega1284p.a(OrangutanSerial.o)
                0x008003c6                OrangutanSerial::ports
 .data          0x008003e4        0x0 c:/winavr-20100110/bin/../lib/gcc/avr/4.3.3/../../../../avr/lib\libpololu_atmega1284p.a(OrangutanTime.o)
 .data          0x008003e4        0x8 c:/winavr-20100110/bin/../lib/gcc/avr/4.3.3/../../../../avr/lib\libpololu_atmega1284p.a(OrangutanSVP.o)
 .data          0x008003ec        0x0 c:/winavr-20100110/bin/../lib/gcc/avr/4.3.3/../../../../avr/lib\libpololu_atmega1284p.a(OrangutanSPIMaster.o)
 .data          0x008003ec        0x0 c:/winavr-20100110/bin/../lib/gcc/avr/4.3.3/avr51\libgcc.a(_mulsi3.o)
 .data          0x008003ec        0x0 c:/winavr-20100110/bin/../lib/gcc/avr/4.3.3/avr51\libgcc.a(_divmodhi4.o)
 .data          0x008003ec        0x0 c:/winavr-20100110/bin/../lib/gcc/avr/4.3.3/avr51\libgcc.a(_udivmodsi4.o)
 .data          0x008003ec        0x0 c:/winavr-20100110/bin/../lib/gcc/avr/4.3.3/avr51\libgcc.a(_prologue.o)
 .data          0x008003ec        0x0 c:/winavr-20100110/bin/../lib/gcc/avr/4.3.3/avr51\libgcc.a(_epilogue.o)
 .data          0x008003ec        0x0 c:/winavr-20100110/bin/../lib/gcc/avr/4.3.3/avr51\libgcc.a(_exit.o)
 .data          0x008003ec        0x0 c:/winavr-20100110/bin/../lib/gcc/avr/4.3.3/avr51\libgcc.a(_clear_bss.o)
 .data          0x008003ec        0x0 c:/winavr-20100110/bin/../lib/gcc/avr/4.3.3/avr51\libgcc.a(_udivmodhi4.o)
 .data          0x008003ec        0x6 c:/winavr-20100110/bin/../lib/gcc/avr/4.3.3/../../../../avr/lib/avr51\libc.a(malloc.o)
                0x008003ee                __malloc_heap_start
                0x008003f0                __malloc_heap_end
                0x008003ec                __malloc_margin
 .data          0x008003f2        0x0 c:/winavr-20100110/bin/../lib/gcc/avr/4.3.3/../../../../avr/lib/avr51\libc.a(itoa.o)
 .data          0x008003f2        0x0 c:/winavr-20100110/bin/../lib/gcc/avr/4.3.3/../../../../avr/lib/avr51\libc.a(fdevopen.o)
 .data          0x008003f2        0x0 c:/winavr-20100110/bin/../lib/gcc/avr/4.3.3/../../../../avr/lib/avr51\libc.a(iob.o)
 .data          0x008003f2        0x0 c:/winavr-20100110/bin/../lib/gcc/avr/4.3.3/../../../../avr/lib/avr51\libc.a(calloc.o)
 .data          0x008003f2        0x0 c:/winavr-20100110/bin/../lib/gcc/avr/4.3.3/../../../../avr/lib/avr51\libc.a(memset.o)
 .data          0x008003f2        0x0 c:/winavr-20100110/bin/../lib/gcc/avr/4.3.3/../../../../avr/lib/avr51\libc.a(strrev.o)
 *(.data*)
 *(.rodata)
 *(.rodata*)
 *(.gnu.linkonce.d*)
                0x008003f2                . = ALIGN (0x2)
                0x008003f2                _edata = .
                0x008003f2                PROVIDE (__data_end, .)

.bss            0x008003f2       0x48
                0x008003f2                PROVIDE (__bss_start, .)
 *(.bss)
 .bss           0x008003f2        0x0 c:/winavr-20100110/bin/../lib/gcc/avr/4.3.3/../../../../avr/lib/avr51/crtm1284p.o
 .bss           0x008003f2        0x0 i2cmaster/twimaster.o
 .bss           0x008003f2        0x4 DASCH_Plate_Cleaner_Rev2.o
 .bss           0x008003f6        0x9 c:/winavr-20100110/bin/../lib/gcc/avr/4.3.3/../../../../avr/lib\libpololu_atmega1284p.a(OrangutanLCD.o)
                0x008003f6                printf_chars
                0x008003fa                lcdTimeout
                0x008003f9                col
                0x008003fe                OrangutanLCD::init()::initialized
                0x008003f8                row
 .bss           0x008003ff        0x9 c:/winavr-20100110/bin/../lib/gcc/avr/4.3.3/../../../../avr/lib\libpololu_atmega1284p.a(OrangutanSerial.o)
 .bss           0x00800408        0xb c:/winavr-20100110/bin/../lib/gcc/avr/4.3.3/../../../../avr/lib\libpololu_atmega1284p.a(OrangutanTime.o)
                0x00800412                OrangutanTime::init()::initialized
                0x00800408                tickCount
                0x0080040c                msCounter
                0x00800410                us_over_10
 .bss           0x00800413       0x17 c:/winavr-20100110/bin/../lib/gcc/avr/4.3.3/../../../../avr/lib\libpololu_atmega1284p.a(OrangutanSVP.o)
                0x00800415                lastCountCD
                0x00800413                lastCountAB
 .bss           0x0080042a        0x0 c:/winavr-20100110/bin/../lib/gcc/avr/4.3.3/../../../../avr/lib\libpololu_atmega1284p.a(OrangutanSPIMaster.o)
 .bss           0x0080042a        0x0 c:/winavr-20100110/bin/../lib/gcc/avr/4.3.3/avr51\libgcc.a(_mulsi3.o)
 .bss           0x0080042a        0x0 c:/winavr-20100110/bin/../lib/gcc/avr/4.3.3/avr51\libgcc.a(_divmodhi4.o)
 .bss           0x0080042a        0x0 c:/winavr-20100110/bin/../lib/gcc/avr/4.3.3/avr51\libgcc.a(_udivmodsi4.o)
 .bss           0x0080042a        0x0 c:/winavr-20100110/bin/../lib/gcc/avr/4.3.3/avr51\libgcc.a(_prologue.o)
 .bss           0x0080042a        0x0 c:/winavr-20100110/bin/../lib/gcc/avr/4.3.3/avr51\libgcc.a(_epilogue.o)
 .bss           0x0080042a        0x0 c:/winavr-20100110/bin/../lib/gcc/avr/4.3.3/avr51\libgcc.a(_exit.o)
 .bss           0x0080042a        0x0 c:/winavr-20100110/bin/../lib/gcc/avr/4.3.3/avr51\libgcc.a(_clear_bss.o)
 .bss           0x0080042a        0x0 c:/winavr-20100110/bin/../lib/gcc/avr/4.3.3/avr51\libgcc.a(_udivmodhi4.o)
 .bss           0x0080042a        0x0 c:/winavr-20100110/bin/../lib/gcc/avr/4.3.3/../../../../avr/lib/avr51\libc.a(malloc.o)
 .bss           0x0080042a        0x0 c:/winavr-20100110/bin/../lib/gcc/avr/4.3.3/../../../../avr/lib/avr51\libc.a(itoa.o)
 .bss           0x0080042a        0x0 c:/winavr-20100110/bin/../lib/gcc/avr/4.3.3/../../../../avr/lib/avr51\libc.a(fdevopen.o)
 .bss           0x0080042a        0x0 c:/winavr-20100110/bin/../lib/gcc/avr/4.3.3/../../../../avr/lib/avr51\libc.a(iob.o)
 .bss           0x0080042a        0x0 c:/winavr-20100110/bin/../lib/gcc/avr/4.3.3/../../../../avr/lib/avr51\libc.a(calloc.o)
 .bss           0x0080042a        0x0 c:/winavr-20100110/bin/../lib/gcc/avr/4.3.3/../../../../avr/lib/avr51\libc.a(memset.o)
 .bss           0x0080042a        0x0 c:/winavr-20100110/bin/../lib/gcc/avr/4.3.3/../../../../avr/lib/avr51\libc.a(strrev.o)
 *(.bss*)
 *(COMMON)
 COMMON         0x0080042a        0x6 DASCH_Plate_Cleaner_Rev2.o
                0x0080042a                u_inputByte0
                0x0080042b                u_motorByte1
                0x0080042c                u_outputByte1
                0x0080042d                u_inputByte1
                0x0080042e                u_outputByte0
                0x0080042f                u_motorByte0
 COMMON         0x00800430        0x4 c:/winavr-20100110/bin/../lib/gcc/avr/4.3.3/../../../../avr/lib/avr51\libc.a(malloc.o)
                0x00800430                __brkval
                0x00800432                __flp
 COMMON         0x00800434        0x6 c:/winavr-20100110/bin/../lib/gcc/avr/4.3.3/../../../../avr/lib/avr51\libc.a(iob.o)
                0x00800434                __iob
                0x0080043a                PROVIDE (__bss_end, .)
                0x000043ac                __data_load_start = LOADADDR (.data)
                0x0000469e                __data_load_end = (__data_load_start + SIZEOF (.data))

.noinit         0x0080043a        0x0
                0x0080043a                PROVIDE (__noinit_start, .)
 *(.noinit*)
                0x0080043a                PROVIDE (__noinit_end, .)
                0x0080043a                _end = .
                0x0080043a                PROVIDE (__heap_start, .)

.eeprom         0x00810000        0x0
 *(.eeprom*)
                0x00810000                __eeprom_end = .

.fuse
 *(.fuse)
 *(.lfuse)
 *(.hfuse)
 *(.efuse)

.lock
 *(.lock*)

.signature
 *(.signature*)

.stab           0x00000000     0x5274
 *(.stab)
 .stab          0x00000000     0x1f2c c:/winavr-20100110/bin/../lib/gcc/avr/4.3.3/../../../../avr/lib\libpololu_atmega1284p.a(OrangutanLCD.o)
 .stab          0x00001f2c     0x1680 c:/winavr-20100110/bin/../lib/gcc/avr/4.3.3/../../../../avr/lib\libpololu_atmega1284p.a(OrangutanSerial.o)
                               0x168c (size before relaxing)
 .stab          0x000035ac      0x8f4 c:/winavr-20100110/bin/../lib/gcc/avr/4.3.3/../../../../avr/lib\libpololu_atmega1284p.a(OrangutanTime.o)
                                0x900 (size before relaxing)
 .stab          0x00003ea0      0xd68 c:/winavr-20100110/bin/../lib/gcc/avr/4.3.3/../../../../avr/lib\libpololu_atmega1284p.a(OrangutanSVP.o)
                                0xd74 (size before relaxing)
 .stab          0x00004c08      0x66c c:/winavr-20100110/bin/../lib/gcc/avr/4.3.3/../../../../avr/lib\libpololu_atmega1284p.a(OrangutanSPIMaster.o)
                                0x678 (size before relaxing)

.stabstr        0x00000000     0x544b
 *(.stabstr)
 .stabstr       0x00000000     0x544b c:/winavr-20100110/bin/../lib/gcc/avr/4.3.3/../../../../avr/lib\libpololu_atmega1284p.a(OrangutanLCD.o)

.stab.excl
 *(.stab.excl)

.stab.exclstr
 *(.stab.exclstr)

.stab.index
 *(.stab.index)

.stab.indexstr
 *(.stab.indexstr)

.comment
 *(.comment)

.debug
 *(.debug)

.line
 *(.line)

.debug_srcinfo
 *(.debug_srcinfo)

.debug_sfnames
 *(.debug_sfnames)

.debug_aranges  0x00000000       0x40
 *(.debug_aranges)
 .debug_aranges
                0x00000000       0x20 i2cmaster/twimaster.o
 .debug_aranges
                0x00000020       0x20 DASCH_Plate_Cleaner_Rev2.o

.debug_pubnames
                0x00000000      0x40f
 *(.debug_pubnames)
 .debug_pubnames
                0x00000000       0x8d i2cmaster/twimaster.o
 .debug_pubnames
                0x0000008d      0x382 DASCH_Plate_Cleaner_Rev2.o

.debug_info     0x00000000     0x12a4
 *(.debug_info)
 .debug_info    0x00000000      0x196 i2cmaster/twimaster.o
 .debug_info    0x00000196     0x110e DASCH_Plate_Cleaner_Rev2.o
 *(.gnu.linkonce.wi.*)

.debug_abbrev   0x00000000      0x2fb
 *(.debug_abbrev)
 .debug_abbrev  0x00000000       0xbe i2cmaster/twimaster.o
 .debug_abbrev  0x000000be      0x23d DASCH_Plate_Cleaner_Rev2.o

.debug_line     0x00000000     0x19a6
 *(.debug_line)
 .debug_line    0x00000000      0x23d i2cmaster/twimaster.o
 .debug_line    0x0000023d     0x1769 DASCH_Plate_Cleaner_Rev2.o

.debug_frame    0x00000000      0x180
 *(.debug_frame)
 .debug_frame   0x00000000       0x90 i2cmaster/twimaster.o
 .debug_frame   0x00000090       0xf0 DASCH_Plate_Cleaner_Rev2.o

.debug_str      0x00000000      0xb4f
 *(.debug_str)
 .debug_str     0x00000000      0x137 i2cmaster/twimaster.o
                                0x16b (size before relaxing)
 .debug_str     0x00000137      0xa18 DASCH_Plate_Cleaner_Rev2.o
                                0xba4 (size before relaxing)

.debug_loc      0x00000000     0x1318
 *(.debug_loc)
 .debug_loc     0x00000000       0xbf i2cmaster/twimaster.o
 .debug_loc     0x000000bf     0x1259 DASCH_Plate_Cleaner_Rev2.o

.debug_macinfo
 *(.debug_macinfo)
OUTPUT(DASCH_Plate_Cleaner_Rev2.elf elf32-avr)
LOAD linker stubs
