Archive member included because of file (symbol)

c:/winavr-20100110/bin/../lib/gcc/avr/4.3.3/../../../../avr/lib\libpololu_atmega1284p.a(OrangutanLCD.o)
                              DASCH_Plate_Cleaner_Rev2.o (lcd_goto_xy)
c:/winavr-20100110/bin/../lib/gcc/avr/4.3.3/../../../../avr/lib\libpololu_atmega1284p.a(OrangutanSerial.o)
                              DASCH_Plate_Cleaner_Rev2.o (serial_send_blocking)
c:/winavr-20100110/bin/../lib/gcc/avr/4.3.3/../../../../avr/lib\libpololu_atmega1284p.a(OrangutanTime.o)
                              DASCH_Plate_Cleaner_Rev2.o (delay_ms)
c:/winavr-20100110/bin/../lib/gcc/avr/4.3.3/../../../../avr/lib\libpololu_atmega1284p.a(OrangutanSVP.o)
                              c:/winavr-20100110/bin/../lib/gcc/avr/4.3.3/../../../../avr/lib\libpololu_atmega1284p.a(OrangutanSerial.o) (OrangutanSVP::serialSendIfReady(char))
c:/winavr-20100110/bin/../lib/gcc/avr/4.3.3/../../../../avr/lib\libpololu_atmega1284p.a(OrangutanSPIMaster.o)
                              c:/winavr-20100110/bin/../lib/gcc/avr/4.3.3/../../../../avr/lib\libpololu_atmega1284p.a(OrangutanSVP.o) (OrangutanSPIMaster::transmitAndDelay(unsigned char, unsigned char))
c:/winavr-20100110/bin/../lib/gcc/avr/4.3.3/avr51\libgcc.a(_mulsi3.o)
                              c:/winavr-20100110/bin/../lib/gcc/avr/4.3.3/../../../../avr/lib\libpololu_atmega1284p.a(OrangutanLCD.o) (__mulsi3)
c:/winavr-20100110/bin/../lib/gcc/avr/4.3.3/avr51\libgcc.a(_divmodhi4.o)
                              DASCH_Plate_Cleaner_Rev2.o (__divmodhi4)
c:/winavr-20100110/bin/../lib/gcc/avr/4.3.3/avr51\libgcc.a(_udivmodsi4.o)
                              c:/winavr-20100110/bin/../lib/gcc/avr/4.3.3/../../../../avr/lib\libpololu_atmega1284p.a(OrangutanLCD.o) (__udivmodsi4)
c:/winavr-20100110/bin/../lib/gcc/avr/4.3.3/avr51\libgcc.a(_prologue.o)
                              c:/winavr-20100110/bin/../lib/gcc/avr/4.3.3/../../../../avr/lib\libpololu_atmega1284p.a(OrangutanLCD.o) (__prologue_saves__)
c:/winavr-20100110/bin/../lib/gcc/avr/4.3.3/avr51\libgcc.a(_epilogue.o)
                              c:/winavr-20100110/bin/../lib/gcc/avr/4.3.3/../../../../avr/lib\libpololu_atmega1284p.a(OrangutanLCD.o) (__epilogue_restores__)
c:/winavr-20100110/bin/../lib/gcc/avr/4.3.3/avr51\libgcc.a(_exit.o)
                              c:/winavr-20100110/bin/../lib/gcc/avr/4.3.3/../../../../avr/lib/avr51/crtm1284p.o (exit)
c:/winavr-20100110/bin/../lib/gcc/avr/4.3.3/avr51\libgcc.a(_clear_bss.o)
                              DASCH_Plate_Cleaner_Rev2.o (__do_clear_bss)
c:/winavr-20100110/bin/../lib/gcc/avr/4.3.3/avr51\libgcc.a(_udivmodhi4.o)
                              c:/winavr-20100110/bin/../lib/gcc/avr/4.3.3/avr51\libgcc.a(_divmodhi4.o) (__udivmodhi4)
c:/winavr-20100110/bin/../lib/gcc/avr/4.3.3/../../../../avr/lib/avr51\libc.a(malloc.o)
                              c:/winavr-20100110/bin/../lib/gcc/avr/4.3.3/../../../../avr/lib\libpololu_atmega1284p.a(OrangutanLCD.o) (malloc)
c:/winavr-20100110/bin/../lib/gcc/avr/4.3.3/../../../../avr/lib/avr51\libc.a(itoa.o)
                              DASCH_Plate_Cleaner_Rev2.o (itoa)
c:/winavr-20100110/bin/../lib/gcc/avr/4.3.3/../../../../avr/lib/avr51\libc.a(fdevopen.o)
                              c:/winavr-20100110/bin/../lib/gcc/avr/4.3.3/../../../../avr/lib\libpololu_atmega1284p.a(OrangutanLCD.o) (fdevopen)
c:/winavr-20100110/bin/../lib/gcc/avr/4.3.3/../../../../avr/lib/avr51\libc.a(iob.o)
                              c:/winavr-20100110/bin/../lib/gcc/avr/4.3.3/../../../../avr/lib/avr51\libc.a(fdevopen.o) (__iob)
c:/winavr-20100110/bin/../lib/gcc/avr/4.3.3/../../../../avr/lib/avr51\libc.a(calloc.o)
                              c:/winavr-20100110/bin/../lib/gcc/avr/4.3.3/../../../../avr/lib/avr51\libc.a(fdevopen.o) (calloc)
c:/winavr-20100110/bin/../lib/gcc/avr/4.3.3/../../../../avr/lib/avr51\libc.a(memset.o)
                              c:/winavr-20100110/bin/../lib/gcc/avr/4.3.3/../../../../avr/lib/avr51\libc.a(calloc.o) (memset)
c:/winavr-20100110/bin/../lib/gcc/avr/4.3.3/../../../../avr/lib/avr51\libc.a(strrev.o)
                              c:/winavr-20100110/bin/../lib/gcc/avr/4.3.3/../../../../avr/lib/avr51\libc.a(itoa.o) (strrev)

Allocating common symbols
Common symbol       size              file

__brkval            0x2               c:/winavr-20100110/bin/../lib/gcc/avr/4.3.3/../../../../avr/lib/avr51\libc.a(malloc.o)
u_inputByte0        0x1               DASCH_Plate_Cleaner_Rev2.o
u_motorByte1        0x1               DASCH_Plate_Cleaner_Rev2.o
u_outputByte1       0x1               DASCH_Plate_Cleaner_Rev2.o
u_inputByte1        0x1               DASCH_Plate_Cleaner_Rev2.o
u_outputByte0       0x1               DASCH_Plate_Cleaner_Rev2.o
u_motorByte0        0x1               DASCH_Plate_Cleaner_Rev2.o
__flp               0x2               c:/winavr-20100110/bin/../lib/gcc/avr/4.3.3/../../../../avr/lib/avr51\libc.a(malloc.o)
__iob               0x6               c:/winavr-20100110/bin/../lib/gcc/avr/4.3.3/../../../../avr/lib/avr51\libc.a(iob.o)

Memory Configuration

Name             Origin             Length             Attributes
text             0x00000000         0x00020000         xr
data             0x00800060         0x0000ffa0         rw !x
eeprom           0x00810000         0x00010000         rw !x
fuse             0x00820000         0x00000400         rw !x
lock             0x00830000         0x00000400         rw !x
signature        0x00840000         0x00000400         rw !x
*default*        0x00000000         0xffffffff

Linker script and memory map

Address of section .data set to 0x800100
LOAD c:/winavr-20100110/bin/../lib/gcc/avr/4.3.3/../../../../avr/lib/avr51/crtm1284p.o
LOAD i2cmaster/twimaster.o
LOAD DASCH_Plate_Cleaner_Rev2.o
START GROUP
LOAD c:/winavr-20100110/bin/../lib/gcc/avr/4.3.3/../../../../avr/lib\libpololu_atmega1284p.a
END GROUP
LOAD c:/winavr-20100110/bin/../lib/gcc/avr/4.3.3/avr51\libgcc.a
LOAD c:/winavr-20100110/bin/../lib/gcc/avr/4.3.3/../../../../avr/lib/avr51\libc.a
LOAD c:/winavr-20100110/bin/../lib/gcc/avr/4.3.3/avr51\libgcc.a

.hash
 *(.hash)

.dynsym
 *(.dynsym)

.dynstr
 *(.dynstr)

.gnu.version
 *(.gnu.version)

.gnu.version_d
 *(.gnu.version_d)

.gnu.version_r
 *(.gnu.version_r)

.rel.init
 *(.rel.init)

.rela.init
 *(.rela.init)

.rel.text
 *(.rel.text)
 *(.rel.text.*)
 *(.rel.gnu.linkonce.t*)

.rela.text
 *(.rela.text)
 *(.rela.text.*)
 *(.rela.gnu.linkonce.t*)

.rel.fini
 *(.rel.fini)

.rela.fini
 *(.rela.fini)

.rel.rodata
 *(.rel.rodata)
 *(.rel.rodata.*)
 *(.rel.gnu.linkonce.r*)

.rela.rodata
 *(.rela.rodata)
 *(.rela.rodata.*)
 *(.rela.gnu.linkonce.r*)

.rel.data
 *(.rel.data)
 *(.rel.data.*)
 *(.rel.gnu.linkonce.d*)

.rela.data
 *(.rela.data)
 *(.rela.data.*)
 *(.rela.gnu.linkonce.d*)

.rel.ctors
 *(.rel.ctors)

.rela.ctors
 *(.rela.ctors)

.rel.dtors
 *(.rel.dtors)

.rela.dtors
 *(.rela.dtors)

.rel.got
 *(.rel.got)

.rela.got
 *(.rela.got)

.rel.bss
 *(.rel.bss)

.rela.bss
 *(.rela.bss)

.rel.plt
 *(.rel.plt)

.rela.plt
 *(.rela.plt)

.text           0x00000000     0x4450
 *(.vectors)
 .vectors       0x00000000       0x8c c:/winavr-20100110/bin/../lib/gcc/avr/4.3.3/../../../../avr/lib/avr51/crtm1284p.o
                0x00000000                __vectors
                0x00000000                __vector_default
 *(.vectors)
 *(.progmem.gcc*)
 .progmem.gcc_sw_table
                0x0000008c       0x58 DASCH_Plate_Cleaner_Rev2.o
 *(.progmem*)
                0x000000e4                . = ALIGN (0x2)
                0x000000e4                __trampolines_start = .
 *(.trampolines)
 .trampolines   0x000000e4        0x0 linker stubs
 *(.trampolines*)
                0x000000e4                __trampolines_end = .
 *(.jumptables)
 *(.jumptables*)
 *(.lowtext)
 *(.lowtext*)
                0x000000e4                __ctors_start = .
 *(.ctors)
                0x000000e4                __ctors_end = .
                0x000000e4                __dtors_start = .
 *(.dtors)
                0x000000e4                __dtors_end = .
 SORT(*)(.ctors)
 SORT(*)(.dtors)
 *(.init0)
 .init0         0x000000e4        0x0 c:/winavr-20100110/bin/../lib/gcc/avr/4.3.3/../../../../avr/lib/avr51/crtm1284p.o
                0x000000e4                __init
 *(.init0)
 *(.init1)
 *(.init1)
 *(.init2)
 .init2         0x000000e4        0xc c:/winavr-20100110/bin/../lib/gcc/avr/4.3.3/../../../../avr/lib/avr51/crtm1284p.o
 *(.init2)
 *(.init3)
 *(.init3)
 *(.init4)
 .init4         0x000000f0       0x1a c:/winavr-20100110/bin/../lib/gcc/avr/4.3.3/../../../../avr/lib/avr51/crtm1284p.o
                0x000000f0                __do_copy_data
 .init4         0x0000010a       0x10 c:/winavr-20100110/bin/../lib/gcc/avr/4.3.3/avr51\libgcc.a(_clear_bss.o)
                0x0000010a                __do_clear_bss
 *(.init4)
 *(.init5)
 *(.init5)
 *(.init6)
 *(.init6)
 *(.init7)
 *(.init7)
 *(.init8)
 *(.init8)
 *(.init9)
 .init9         0x0000011a        0x8 c:/winavr-20100110/bin/../lib/gcc/avr/4.3.3/../../../../avr/lib/avr51/crtm1284p.o
 *(.init9)
 *(.text)
 .text          0x00000122        0x4 c:/winavr-20100110/bin/../lib/gcc/avr/4.3.3/../../../../avr/lib/avr51/crtm1284p.o
                0x00000122                __vector_22
                0x00000122                __vector_1
                0x00000122                __vector_32
                0x00000122                __vector_34
                0x00000122                __vector_24
                0x00000122                __vector_12
                0x00000122                __bad_interrupt
                0x00000122                __vector_6
                0x00000122                __vector_31
                0x00000122                __vector_3
                0x00000122                __vector_23
                0x00000122                __vector_30
                0x00000122                __vector_25
                0x00000122                __vector_13
                0x00000122                __vector_17
                0x00000122                __vector_19
                0x00000122                __vector_7
                0x00000122                __vector_27
                0x00000122                __vector_5
                0x00000122                __vector_33
                0x00000122                __vector_4
                0x00000122                __vector_9
                0x00000122                __vector_2
                0x00000122                __vector_15
                0x00000122                __vector_8
                0x00000122                __vector_26
                0x00000122                __vector_14
                0x00000122                __vector_10
                0x00000122                __vector_16
                0x00000122                __vector_18
 .text          0x00000126      0x10a i2cmaster/twimaster.o
                0x000001e4                i2c_write
                0x0000021c                i2c_readNak
                0x00000208                i2c_readAck
                0x000001ce                i2c_rep_start
                0x00000132                i2c_start
                0x000001d4                i2c_stop
                0x0000017e                i2c_start_wait
                0x00000126                i2c_init
 .text          0x00000230     0x24b4 DASCH_Plate_Cleaner_Rev2.o
                0x0000083e                firstB_trans
                0x00000500                dry_action
                0x00000ada                dry_trans
                0x000002be                brush1_action
                0x0000097e                secondB_trans
                0x00000672                button_debounce
                0x00000da0                init_action
                0x00000d74                serial_print_string
                0x00000f20                main
                0x00000c06                motor_and_write
                0x00000ee4                serial_print_int
                0x000003bc                brush2_action
                0x00000730                init_trans
 .text          0x000026e4        0x0 c:/winavr-20100110/bin/../lib/gcc/avr/4.3.3/../../../../avr/lib\libpololu_atmega1284p.a(OrangutanLCD.o)
 .text          0x000026e4        0x0 c:/winavr-20100110/bin/../lib/gcc/avr/4.3.3/../../../../avr/lib\libpololu_atmega1284p.a(OrangutanSerial.o)
 .text          0x000026e4        0x0 c:/winavr-20100110/bin/../lib/gcc/avr/4.3.3/../../../../avr/lib\libpololu_atmega1284p.a(OrangutanTime.o)
 .text          0x000026e4        0x0 c:/winavr-20100110/bin/../lib/gcc/avr/4.3.3/../../../../avr/lib\libpololu_atmega1284p.a(OrangutanSVP.o)
 .text          0x000026e4        0x0 c:/winavr-20100110/bin/../lib/gcc/avr/4.3.3/../../../../avr/lib\libpololu_atmega1284p.a(OrangutanSPIMaster.o)
 .text          0x000026e4        0x0 c:/winavr-20100110/bin/../lib/gcc/avr/4.3.3/avr51\libgcc.a(_mulsi3.o)
 .text          0x000026e4        0x0 c:/winavr-20100110/bin/../lib/gcc/avr/4.3.3/avr51\libgcc.a(_divmodhi4.o)
 .text          0x000026e4        0x0 c:/winavr-20100110/bin/../lib/gcc/avr/4.3.3/avr51\libgcc.a(_udivmodsi4.o)
 .text          0x000026e4        0x0 c:/winavr-20100110/bin/../lib/gcc/avr/4.3.3/avr51\libgcc.a(_prologue.o)
 .text          0x000026e4        0x0 c:/winavr-20100110/bin/../lib/gcc/avr/4.3.3/avr51\libgcc.a(_epilogue.o)
 .text          0x000026e4        0x0 c:/winavr-20100110/bin/../lib/gcc/avr/4.3.3/avr51\libgcc.a(_exit.o)
 .text          0x000026e4        0x0 c:/winavr-20100110/bin/../lib/gcc/avr/4.3.3/avr51\libgcc.a(_clear_bss.o)
 .text          0x000026e4        0x0 c:/winavr-20100110/bin/../lib/gcc/avr/4.3.3/avr51\libgcc.a(_udivmodhi4.o)
 .text          0x000026e4        0x0 c:/winavr-20100110/bin/../lib/gcc/avr/4.3.3/../../../../avr/lib/avr51\libc.a(malloc.o)
 .text          0x000026e4        0x0 c:/winavr-20100110/bin/../lib/gcc/avr/4.3.3/../../../../avr/lib/avr51\libc.a(itoa.o)
 .text          0x000026e4        0x0 c:/winavr-20100110/bin/../lib/gcc/avr/4.3.3/../../../../avr/lib/avr51\libc.a(fdevopen.o)
 .text          0x000026e4        0x0 c:/winavr-20100110/bin/../lib/gcc/avr/4.3.3/../../../../avr/lib/avr51\libc.a(iob.o)
 .text          0x000026e4        0x0 c:/winavr-20100110/bin/../lib/gcc/avr/4.3.3/../../../../avr/lib/avr51\libc.a(calloc.o)
 .text          0x000026e4        0x0 c:/winavr-20100110/bin/../lib/gcc/avr/4.3.3/../../../../avr/lib/avr51\libc.a(memset.o)
 .text          0x000026e4        0x0 c:/winavr-20100110/bin/../lib/gcc/avr/4.3.3/../../../../avr/lib/avr51\libc.a(strrev.o)
                0x000026e4                . = ALIGN (0x2)
 *(.text.*)
 .text._ZN12OrangutanLCDC2Ev
                0x000026e4        0x2 c:/winavr-20100110/bin/../lib/gcc/avr/4.3.3/../../../../avr/lib\libpololu_atmega1284p.a(OrangutanLCD.o)
                0x000026e4                OrangutanLCD::OrangutanLCD()
 .text._ZN12OrangutanLCDC1Ev
                0x000026e6        0x2 c:/winavr-20100110/bin/../lib/gcc/avr/4.3.3/../../../../avr/lib\libpololu_atmega1284p.a(OrangutanLCD.o)
                0x000026e6                OrangutanLCD::OrangutanLCD()
 .text.void_getchar
                0x000026e8        0x6 c:/winavr-20100110/bin/../lib/gcc/avr/4.3.3/../../../../avr/lib\libpololu_atmega1284p.a(OrangutanLCD.o)
                0x000026e8                void_getchar
 .text._ZN12OrangutanLCD8busyWaitEv
                0x000026ee       0xca c:/winavr-20100110/bin/../lib/gcc/avr/4.3.3/../../../../avr/lib\libpololu_atmega1284p.a(OrangutanLCD.o)
                0x000026ee                OrangutanLCD::busyWait()
 .text._ZN12OrangutanLCD8sendDataEh
                0x000027b8       0x3e c:/winavr-20100110/bin/../lib/gcc/avr/4.3.3/../../../../avr/lib\libpololu_atmega1284p.a(OrangutanLCD.o)
                0x000027b8                OrangutanLCD::sendData(unsigned char)
 .text._ZN12OrangutanLCD10initPrintfEv
                0x000027f6       0x8a c:/winavr-20100110/bin/../lib/gcc/avr/4.3.3/../../../../avr/lib\libpololu_atmega1284p.a(OrangutanLCD.o)
                0x000027f6                OrangutanLCD::initPrintf()
 .text._ZN12OrangutanLCD10initPrintfEhh
                0x00002880        0xe c:/winavr-20100110/bin/../lib/gcc/avr/4.3.3/../../../../avr/lib\libpololu_atmega1284p.a(OrangutanLCD.o)
                0x00002880                OrangutanLCD::initPrintf(unsigned char, unsigned char)
 .text.lcd_init_printf_with_dimensions
                0x0000288e        0xe c:/winavr-20100110/bin/../lib/gcc/avr/4.3.3/../../../../avr/lib\libpololu_atmega1284p.a(OrangutanLCD.o)
                0x0000288e                lcd_init_printf_with_dimensions
 .text.lcd_init_printf
                0x0000289c        0x6 c:/winavr-20100110/bin/../lib/gcc/avr/4.3.3/../../../../avr/lib\libpololu_atmega1284p.a(OrangutanLCD.o)
                0x0000289c                lcd_init_printf
 .text._ZN12OrangutanLCD5init2Ev
                0x000028a2       0x82 c:/winavr-20100110/bin/../lib/gcc/avr/4.3.3/../../../../avr/lib\libpololu_atmega1284p.a(OrangutanLCD.o)
                0x000028a2                OrangutanLCD::init2()
 .text._ZN12OrangutanLCD4initEv
                0x00002924       0x14 c:/winavr-20100110/bin/../lib/gcc/avr/4.3.3/../../../../avr/lib\libpololu_atmega1284p.a(OrangutanLCD.o)
                0x00002924                OrangutanLCD::init()
 .text._ZN12OrangutanLCD4sendEhhh
                0x00002938       0xa8 c:/winavr-20100110/bin/../lib/gcc/avr/4.3.3/../../../../avr/lib\libpololu_atmega1284p.a(OrangutanLCD.o)
                0x00002938                OrangutanLCD::send(unsigned char, unsigned char, unsigned char)
 .text._ZN12OrangutanLCD8send_cmdEh
                0x000029e0        0xa c:/winavr-20100110/bin/../lib/gcc/avr/4.3.3/../../../../avr/lib\libpololu_atmega1284p.a(OrangutanLCD.o)
                0x000029e0                OrangutanLCD::send_cmd(unsigned char)
 .text._ZN12OrangutanLCD10moveCursorEhh
                0x000029ea       0x24 c:/winavr-20100110/bin/../lib/gcc/avr/4.3.3/../../../../avr/lib\libpololu_atmega1284p.a(OrangutanLCD.o)
                0x000029ea                OrangutanLCD::moveCursor(unsigned char, unsigned char)
 .text.lcd_move_cursor
                0x00002a0e        0x6 c:/winavr-20100110/bin/../lib/gcc/avr/4.3.3/../../../../avr/lib\libpololu_atmega1284p.a(OrangutanLCD.o)
                0x00002a0e                lcd_move_cursor
 .text._ZN12OrangutanLCD10hideCursorEv
                0x00002a14        0x8 c:/winavr-20100110/bin/../lib/gcc/avr/4.3.3/../../../../avr/lib\libpololu_atmega1284p.a(OrangutanLCD.o)
                0x00002a14                OrangutanLCD::hideCursor()
 .text.lcd_hide_cursor
                0x00002a1c        0x6 c:/winavr-20100110/bin/../lib/gcc/avr/4.3.3/../../../../avr/lib\libpololu_atmega1284p.a(OrangutanLCD.o)
                0x00002a1c                lcd_hide_cursor
 .text._ZN12OrangutanLCD10showCursorEh
                0x00002a22       0x10 c:/winavr-20100110/bin/../lib/gcc/avr/4.3.3/../../../../avr/lib\libpololu_atmega1284p.a(OrangutanLCD.o)
                0x00002a22                OrangutanLCD::showCursor(unsigned char)
 .text.lcd_show_cursor
                0x00002a32        0x6 c:/winavr-20100110/bin/../lib/gcc/avr/4.3.3/../../../../avr/lib\libpololu_atmega1284p.a(OrangutanLCD.o)
                0x00002a32                lcd_show_cursor
 .text._ZN12OrangutanLCD6gotoXYEhh
                0x00002a38       0x3e c:/winavr-20100110/bin/../lib/gcc/avr/4.3.3/../../../../avr/lib\libpololu_atmega1284p.a(OrangutanLCD.o)
                0x00002a38                OrangutanLCD::gotoXY(unsigned char, unsigned char)
 .text.lcd_goto_xy
                0x00002a76        0x6 c:/winavr-20100110/bin/../lib/gcc/avr/4.3.3/../../../../avr/lib\libpololu_atmega1284p.a(OrangutanLCD.o)
                0x00002a76                lcd_goto_xy
 .text._ZN12OrangutanLCD5clearEv
                0x00002a7c       0x5a c:/winavr-20100110/bin/../lib/gcc/avr/4.3.3/../../../../avr/lib\libpololu_atmega1284p.a(OrangutanLCD.o)
                0x00002a7c                OrangutanLCD::clear()
 .text.clear    0x00002ad6        0x6 c:/winavr-20100110/bin/../lib/gcc/avr/4.3.3/../../../../avr/lib\libpololu_atmega1284p.a(OrangutanLCD.o)
                0x00002ad6                clear
 .text._ZN12OrangutanLCD9send_dataEh
                0x00002adc        0xa c:/winavr-20100110/bin/../lib/gcc/avr/4.3.3/../../../../avr/lib\libpololu_atmega1284p.a(OrangutanLCD.o)
                0x00002adc                OrangutanLCD::send_data(unsigned char)
 .text._ZN12OrangutanLCD11printBinaryEh
                0x00002ae6       0x3a c:/winavr-20100110/bin/../lib/gcc/avr/4.3.3/../../../../avr/lib\libpololu_atmega1284p.a(OrangutanLCD.o)
                0x00002ae6                OrangutanLCD::printBinary(unsigned char)
 .text.print_binary
                0x00002b20        0x6 c:/winavr-20100110/bin/../lib/gcc/avr/4.3.3/../../../../avr/lib\libpololu_atmega1284p.a(OrangutanLCD.o)
                0x00002b20                print_binary
 .text._ZN12OrangutanLCD14printHexNibbleEh
                0x00002b26       0x10 c:/winavr-20100110/bin/../lib/gcc/avr/4.3.3/../../../../avr/lib\libpololu_atmega1284p.a(OrangutanLCD.o)
                0x00002b26                OrangutanLCD::printHexNibble(unsigned char)
 .text._ZN12OrangutanLCD8printHexEh
                0x00002b36       0x18 c:/winavr-20100110/bin/../lib/gcc/avr/4.3.3/../../../../avr/lib\libpololu_atmega1284p.a(OrangutanLCD.o)
                0x00002b36                OrangutanLCD::printHex(unsigned char)
 .text._ZN12OrangutanLCD8printHexEj
                0x00002b4e       0x14 c:/winavr-20100110/bin/../lib/gcc/avr/4.3.3/../../../../avr/lib\libpololu_atmega1284p.a(OrangutanLCD.o)
                0x00002b4e                OrangutanLCD::printHex(unsigned int)
 .text.print_hex
                0x00002b62        0x6 c:/winavr-20100110/bin/../lib/gcc/avr/4.3.3/../../../../avr/lib\libpololu_atmega1284p.a(OrangutanLCD.o)
                0x00002b62                print_hex
 .text.print_hex_byte
                0x00002b68        0x6 c:/winavr-20100110/bin/../lib/gcc/avr/4.3.3/../../../../avr/lib\libpololu_atmega1284p.a(OrangutanLCD.o)
                0x00002b68                print_hex_byte
 .text._ZN12OrangutanLCD5printEm
                0x00002b6e       0xc0 c:/winavr-20100110/bin/../lib/gcc/avr/4.3.3/../../../../avr/lib\libpololu_atmega1284p.a(OrangutanLCD.o)
                0x00002b6e                OrangutanLCD::print(unsigned long)
 .text.print_unsigned_long
                0x00002c2e        0x6 c:/winavr-20100110/bin/../lib/gcc/avr/4.3.3/../../../../avr/lib\libpololu_atmega1284p.a(OrangutanLCD.o)
                0x00002c2e                print_unsigned_long
 .text._ZN12OrangutanLCD5printEl
                0x00002c34       0x38 c:/winavr-20100110/bin/../lib/gcc/avr/4.3.3/../../../../avr/lib\libpololu_atmega1284p.a(OrangutanLCD.o)
                0x00002c34                OrangutanLCD::print(long)
 .text.print_long
                0x00002c6c        0x6 c:/winavr-20100110/bin/../lib/gcc/avr/4.3.3/../../../../avr/lib\libpololu_atmega1284p.a(OrangutanLCD.o)
                0x00002c6c                print_long
 .text._ZN12OrangutanLCD21printFromProgramSpaceEPKc
                0x00002c72       0x1c c:/winavr-20100110/bin/../lib/gcc/avr/4.3.3/../../../../avr/lib\libpololu_atmega1284p.a(OrangutanLCD.o)
                0x00002c72                OrangutanLCD::printFromProgramSpace(char const*)
 .text.print_from_program_space
                0x00002c8e        0x6 c:/winavr-20100110/bin/../lib/gcc/avr/4.3.3/../../../../avr/lib\libpololu_atmega1284p.a(OrangutanLCD.o)
                0x00002c8e                print_from_program_space
 .text._ZN12OrangutanLCD5printEPKc
                0x00002c94       0x1a c:/winavr-20100110/bin/../lib/gcc/avr/4.3.3/../../../../avr/lib\libpololu_atmega1284p.a(OrangutanLCD.o)
                0x00002c94                OrangutanLCD::print(char const*)
 .text._ZN12OrangutanLCD7printInEPKc
                0x00002cae        0x6 c:/winavr-20100110/bin/../lib/gcc/avr/4.3.3/../../../../avr/lib\libpololu_atmega1284p.a(OrangutanLCD.o)
                0x00002cae                OrangutanLCD::printIn(char const*)
 .text.print    0x00002cb4        0x6 c:/winavr-20100110/bin/../lib/gcc/avr/4.3.3/../../../../avr/lib\libpololu_atmega1284p.a(OrangutanLCD.o)
                0x00002cb4                print
 .text._ZN12OrangutanLCD5printEc
                0x00002cba        0x6 c:/winavr-20100110/bin/../lib/gcc/avr/4.3.3/../../../../avr/lib\libpololu_atmega1284p.a(OrangutanLCD.o)
                0x00002cba                OrangutanLCD::print(char)
 .text.print_character
                0x00002cc0        0x6 c:/winavr-20100110/bin/../lib/gcc/avr/4.3.3/../../../../avr/lib\libpololu_atmega1284p.a(OrangutanLCD.o)
                0x00002cc0                print_character
 .text.lcd_putchar
                0x00002cc6      0x23a c:/winavr-20100110/bin/../lib/gcc/avr/4.3.3/../../../../avr/lib\libpololu_atmega1284p.a(OrangutanLCD.o)
                0x00002cc6                lcd_putchar
 .text._ZN12OrangutanLCD19loadCustomCharacterEPKch
                0x00002f00       0x4c c:/winavr-20100110/bin/../lib/gcc/avr/4.3.3/../../../../avr/lib\libpololu_atmega1284p.a(OrangutanLCD.o)
                0x00002f00                OrangutanLCD::loadCustomCharacter(char const*, unsigned char)
 .text.lcd_load_custom_character
                0x00002f4c        0x6 c:/winavr-20100110/bin/../lib/gcc/avr/4.3.3/../../../../avr/lib\libpololu_atmega1284p.a(OrangutanLCD.o)
                0x00002f4c                lcd_load_custom_character
 .text._ZN12OrangutanLCD13send_4bit_cmdEh
                0x00002f52        0xa c:/winavr-20100110/bin/../lib/gcc/avr/4.3.3/../../../../avr/lib\libpololu_atmega1284p.a(OrangutanLCD.o)
                0x00002f52                OrangutanLCD::send_4bit_cmd(unsigned char)
 .text._ZN12OrangutanLCD6scrollEhhj
                0x00002f5c       0x34 c:/winavr-20100110/bin/../lib/gcc/avr/4.3.3/../../../../avr/lib\libpololu_atmega1284p.a(OrangutanLCD.o)
                0x00002f5c                OrangutanLCD::scroll(unsigned char, unsigned char, unsigned int)
 .text.lcd_scroll
                0x00002f90        0x6 c:/winavr-20100110/bin/../lib/gcc/avr/4.3.3/../../../../avr/lib\libpololu_atmega1284p.a(OrangutanLCD.o)
                0x00002f90                lcd_scroll
 .text.serial_get_mode
                0x00002f96       0x20 c:/winavr-20100110/bin/../lib/gcc/avr/4.3.3/../../../../avr/lib\libpololu_atmega1284p.a(OrangutanSerial.o)
                0x00002f96                serial_get_mode
 .text.serial_get_received_bytes
                0x00002fb6       0x1c c:/winavr-20100110/bin/../lib/gcc/avr/4.3.3/../../../../avr/lib\libpololu_atmega1284p.a(OrangutanSerial.o)
                0x00002fb6                serial_get_received_bytes
 .text.serial_receive_buffer_full
                0x00002fd2       0x40 c:/winavr-20100110/bin/../lib/gcc/avr/4.3.3/../../../../avr/lib\libpololu_atmega1284p.a(OrangutanSerial.o)
                0x00002fd2                serial_receive_buffer_full
 .text.serial_get_sent_bytes
                0x00003012       0x20 c:/winavr-20100110/bin/../lib/gcc/avr/4.3.3/../../../../avr/lib\libpololu_atmega1284p.a(OrangutanSerial.o)
                0x00003012                serial_get_sent_bytes
 .text.serial_send_buffer_empty
                0x00003032       0x48 c:/winavr-20100110/bin/../lib/gcc/avr/4.3.3/../../../../avr/lib\libpololu_atmega1284p.a(OrangutanSerial.o)
                0x00003032                serial_send_buffer_empty
 .text._ZN15OrangutanSerialC2Ev
                0x0000307a        0x2 c:/winavr-20100110/bin/../lib/gcc/avr/4.3.3/../../../../avr/lib\libpololu_atmega1284p.a(OrangutanSerial.o)
                0x0000307a                OrangutanSerial::OrangutanSerial()
 .text._ZN15OrangutanSerialC1Ev
                0x0000307c        0x2 c:/winavr-20100110/bin/../lib/gcc/avr/4.3.3/../../../../avr/lib\libpololu_atmega1284p.a(OrangutanSerial.o)
                0x0000307c                OrangutanSerial::OrangutanSerial()
 .text._ZN15OrangutanSerial8initPortEh
                0x0000307e       0x94 c:/winavr-20100110/bin/../lib/gcc/avr/4.3.3/../../../../avr/lib\libpololu_atmega1284p.a(OrangutanSerial.o)
                0x0000307e                OrangutanSerial::initPort(unsigned char)
 .text.serial_set_mode
                0x00003112       0x24 c:/winavr-20100110/bin/../lib/gcc/avr/4.3.3/../../../../avr/lib\libpololu_atmega1284p.a(OrangutanSerial.o)
                0x00003112                serial_set_mode
 .text._ZN15OrangutanSerial11setBaudRateEhm
                0x00003136       0x6c c:/winavr-20100110/bin/../lib/gcc/avr/4.3.3/../../../../avr/lib\libpololu_atmega1284p.a(OrangutanSerial.o)
                0x00003136                OrangutanSerial::setBaudRate(unsigned char, unsigned long)
 .text.serial_set_baud_rate
                0x000031a2        0x6 c:/winavr-20100110/bin/../lib/gcc/avr/4.3.3/../../../../avr/lib\libpololu_atmega1284p.a(OrangutanSerial.o)
                0x000031a2                serial_set_baud_rate
 .text._ZN15OrangutanSerial7setModeEhh
                0x000031a8       0x24 c:/winavr-20100110/bin/../lib/gcc/avr/4.3.3/../../../../avr/lib\libpololu_atmega1284p.a(OrangutanSerial.o)
                0x000031a8                OrangutanSerial::setMode(unsigned char, unsigned char)
 .text._ZN15OrangutanSerial7receiveEhPch
                0x000031cc       0x84 c:/winavr-20100110/bin/../lib/gcc/avr/4.3.3/../../../../avr/lib\libpololu_atmega1284p.a(OrangutanSerial.o)
                0x000031cc                OrangutanSerial::receive(unsigned char, char*, unsigned char)
 .text.serial_receive
                0x00003250        0x6 c:/winavr-20100110/bin/../lib/gcc/avr/4.3.3/../../../../avr/lib\libpololu_atmega1284p.a(OrangutanSerial.o)
                0x00003250                serial_receive
 .text._ZN15OrangutanSerial11receiveRingEhPch
                0x00003256       0x86 c:/winavr-20100110/bin/../lib/gcc/avr/4.3.3/../../../../avr/lib\libpololu_atmega1284p.a(OrangutanSerial.o)
                0x00003256                OrangutanSerial::receiveRing(unsigned char, char*, unsigned char)
 .text.serial_receive_ring
                0x000032dc        0x6 c:/winavr-20100110/bin/../lib/gcc/avr/4.3.3/../../../../avr/lib\libpololu_atmega1284p.a(OrangutanSerial.o)
                0x000032dc                serial_receive_ring
 .text._ZN15OrangutanSerial13cancelReceiveEh
                0x000032e2        0xc c:/winavr-20100110/bin/../lib/gcc/avr/4.3.3/../../../../avr/lib\libpololu_atmega1284p.a(OrangutanSerial.o)
                0x000032e2                OrangutanSerial::cancelReceive(unsigned char)
 .text.serial_cancel_receive
                0x000032ee        0x6 c:/winavr-20100110/bin/../lib/gcc/avr/4.3.3/../../../../avr/lib\libpololu_atmega1284p.a(OrangutanSerial.o)
                0x000032ee                serial_cancel_receive
 .text.__vector_20
                0x000032f4       0x78 c:/winavr-20100110/bin/../lib/gcc/avr/4.3.3/../../../../avr/lib\libpololu_atmega1284p.a(OrangutanSerial.o)
                0x000032f4                __vector_20
 .text.__vector_28
                0x0000336c       0x78 c:/winavr-20100110/bin/../lib/gcc/avr/4.3.3/../../../../avr/lib\libpololu_atmega1284p.a(OrangutanSerial.o)
                0x0000336c                __vector_28
 .text._ZN15OrangutanSerial11uart_tx_isrEh
                0x000033e4      0x1a8 c:/winavr-20100110/bin/../lib/gcc/avr/4.3.3/../../../../avr/lib\libpololu_atmega1284p.a(OrangutanSerial.o)
                0x000033e4                OrangutanSerial::uart_tx_isr(unsigned char)
 .text._ZN15OrangutanSerial4sendEhPch
                0x0000358c       0xf6 c:/winavr-20100110/bin/../lib/gcc/avr/4.3.3/../../../../avr/lib\libpololu_atmega1284p.a(OrangutanSerial.o)
                0x0000358c                OrangutanSerial::send(unsigned char, char*, unsigned char)
 .text.serial_send
                0x00003682        0x6 c:/winavr-20100110/bin/../lib/gcc/avr/4.3.3/../../../../avr/lib\libpololu_atmega1284p.a(OrangutanSerial.o)
                0x00003682                serial_send
 .text.__vector_21
                0x00003688       0x52 c:/winavr-20100110/bin/../lib/gcc/avr/4.3.3/../../../../avr/lib\libpololu_atmega1284p.a(OrangutanSerial.o)
                0x00003688                __vector_21
 .text.__vector_29
                0x000036da       0x52 c:/winavr-20100110/bin/../lib/gcc/avr/4.3.3/../../../../avr/lib\libpololu_atmega1284p.a(OrangutanSerial.o)
                0x000036da                __vector_29
 .text._ZN15OrangutanSerial15serial_tx_checkEh
                0x0000372c       0x5c c:/winavr-20100110/bin/../lib/gcc/avr/4.3.3/../../../../avr/lib\libpololu_atmega1284p.a(OrangutanSerial.o)
                0x0000372c                OrangutanSerial::serial_tx_check(unsigned char)
 .text._ZN15OrangutanSerial15serial_rx_checkEh
                0x00003788      0x1e0 c:/winavr-20100110/bin/../lib/gcc/avr/4.3.3/../../../../avr/lib\libpololu_atmega1284p.a(OrangutanSerial.o)
                0x00003788                OrangutanSerial::serial_rx_check(unsigned char)
 .text._ZN15OrangutanSerial5checkEv
                0x00003968       0x26 c:/winavr-20100110/bin/../lib/gcc/avr/4.3.3/../../../../avr/lib\libpololu_atmega1284p.a(OrangutanSerial.o)
                0x00003968                OrangutanSerial::check()
 .text._ZN15OrangutanSerial12sendBlockingEhPch
                0x0000398e       0x52 c:/winavr-20100110/bin/../lib/gcc/avr/4.3.3/../../../../avr/lib\libpololu_atmega1284p.a(OrangutanSerial.o)
                0x0000398e                OrangutanSerial::sendBlocking(unsigned char, char*, unsigned char)
 .text.serial_send_blocking
                0x000039e0        0x6 c:/winavr-20100110/bin/../lib/gcc/avr/4.3.3/../../../../avr/lib\libpololu_atmega1284p.a(OrangutanSerial.o)
                0x000039e0                serial_send_blocking
 .text._ZN15OrangutanSerial15receiveBlockingEhPchj
                0x000039e6       0x88 c:/winavr-20100110/bin/../lib/gcc/avr/4.3.3/../../../../avr/lib\libpololu_atmega1284p.a(OrangutanSerial.o)
                0x000039e6                OrangutanSerial::receiveBlocking(unsigned char, char*, unsigned char, unsigned int)
 .text.serial_receive_blocking
                0x00003a6e        0x6 c:/winavr-20100110/bin/../lib/gcc/avr/4.3.3/../../../../avr/lib\libpololu_atmega1284p.a(OrangutanSerial.o)
                0x00003a6e                serial_receive_blocking
 .text.serial_check
                0x00003a74        0x6 c:/winavr-20100110/bin/../lib/gcc/avr/4.3.3/../../../../avr/lib\libpololu_atmega1284p.a(OrangutanSerial.o)
                0x00003a74                serial_check
 .text.__vector_11
                0x00003a7a       0x74 c:/winavr-20100110/bin/../lib/gcc/avr/4.3.3/../../../../avr/lib\libpololu_atmega1284p.a(OrangutanTime.o)
                0x00003a7a                __vector_11
 .text.ticks_to_microseconds
                0x00003aee       0x22 c:/winavr-20100110/bin/../lib/gcc/avr/4.3.3/../../../../avr/lib\libpololu_atmega1284p.a(OrangutanTime.o)
                0x00003aee                ticks_to_microseconds
 .text.delay_ms
                0x00003b10       0x1e c:/winavr-20100110/bin/../lib/gcc/avr/4.3.3/../../../../avr/lib\libpololu_atmega1284p.a(OrangutanTime.o)
                0x00003b10                delay_ms
 .text._ZN13OrangutanTime19ticksToMicrosecondsEm
                0x00003b2e       0x22 c:/winavr-20100110/bin/../lib/gcc/avr/4.3.3/../../../../avr/lib\libpololu_atmega1284p.a(OrangutanTime.o)
                0x00003b2e                OrangutanTime::ticksToMicroseconds(unsigned long)
 .text._ZN13OrangutanTime17delayMillisecondsEj
                0x00003b50       0x1e c:/winavr-20100110/bin/../lib/gcc/avr/4.3.3/../../../../avr/lib\libpololu_atmega1284p.a(OrangutanTime.o)
                0x00003b50                OrangutanTime::delayMilliseconds(unsigned int)
 .text._ZN13OrangutanTime5init2Ev
                0x00003b6e       0x30 c:/winavr-20100110/bin/../lib/gcc/avr/4.3.3/../../../../avr/lib\libpololu_atmega1284p.a(OrangutanTime.o)
                0x00003b6e                OrangutanTime::init2()
 .text._ZN13OrangutanTime4initEv
                0x00003b9e       0x14 c:/winavr-20100110/bin/../lib/gcc/avr/4.3.3/../../../../avr/lib\libpololu_atmega1284p.a(OrangutanTime.o)
                0x00003b9e                OrangutanTime::init()
 .text._ZN13OrangutanTime2msEv
                0x00003bb2       0x2a c:/winavr-20100110/bin/../lib/gcc/avr/4.3.3/../../../../avr/lib\libpololu_atmega1284p.a(OrangutanTime.o)
                0x00003bb2                OrangutanTime::ms()
 .text.get_ms   0x00003bdc        0x6 c:/winavr-20100110/bin/../lib/gcc/avr/4.3.3/../../../../avr/lib\libpololu_atmega1284p.a(OrangutanTime.o)
                0x00003bdc                get_ms
 .text._ZN13OrangutanTime5ticksEv
                0x00003be2       0x6a c:/winavr-20100110/bin/../lib/gcc/avr/4.3.3/../../../../avr/lib\libpololu_atmega1284p.a(OrangutanTime.o)
                0x00003be2                OrangutanTime::ticks()
 .text.get_ticks
                0x00003c4c        0x6 c:/winavr-20100110/bin/../lib/gcc/avr/4.3.3/../../../../avr/lib\libpololu_atmega1284p.a(OrangutanTime.o)
                0x00003c4c                get_ticks
 .text._ZN13OrangutanTime5resetEv
                0x00003c52       0x2e c:/winavr-20100110/bin/../lib/gcc/avr/4.3.3/../../../../avr/lib\libpololu_atmega1284p.a(OrangutanTime.o)
                0x00003c52                OrangutanTime::reset()
 .text.time_reset
                0x00003c80        0x6 c:/winavr-20100110/bin/../lib/gcc/avr/4.3.3/../../../../avr/lib\libpololu_atmega1284p.a(OrangutanTime.o)
                0x00003c80                time_reset
 .text._ZN12OrangutanSVP7setModeEh
                0x00003c86       0x1a c:/winavr-20100110/bin/../lib/gcc/avr/4.3.3/../../../../avr/lib\libpololu_atmega1284p.a(OrangutanSVP.o)
                0x00003c86                OrangutanSVP::setMode(unsigned char)
 .text.svp_set_mode
                0x00003ca0        0x6 c:/winavr-20100110/bin/../lib/gcc/avr/4.3.3/../../../../avr/lib\libpololu_atmega1284p.a(OrangutanSVP.o)
                0x00003ca0                svp_set_mode
 .text._ZN12OrangutanSVP17serialSendIfReadyEc
                0x00003ca6       0x20 c:/winavr-20100110/bin/../lib/gcc/avr/4.3.3/../../../../avr/lib\libpololu_atmega1284p.a(OrangutanSVP.o)
                0x00003ca6                OrangutanSVP::serialSendIfReady(char)
 .text._ZN12OrangutanSVP11getNextByteEv
                0x00003cc6        0xa c:/winavr-20100110/bin/../lib/gcc/avr/4.3.3/../../../../avr/lib\libpololu_atmega1284p.a(OrangutanSVP.o)
                0x00003cc6                OrangutanSVP::getNextByte()
 .text._ZL23updateVariablesIfNeededv
                0x00003cd0       0x56 c:/winavr-20100110/bin/../lib/gcc/avr/4.3.3/../../../../avr/lib\libpololu_atmega1284p.a(OrangutanSVP.o)
 .text._ZN12OrangutanSVP9getStatusEv
                0x00003d26        0xa c:/winavr-20100110/bin/../lib/gcc/avr/4.3.3/../../../../avr/lib\libpololu_atmega1284p.a(OrangutanSVP.o)
                0x00003d26                OrangutanSVP::getStatus()
 .text.svp_get_status
                0x00003d30        0x6 c:/winavr-20100110/bin/../lib/gcc/avr/4.3.3/../../../../avr/lib\libpololu_atmega1284p.a(OrangutanSVP.o)
                0x00003d30                svp_get_status
 .text._ZN12OrangutanSVP21getChannelDMillivoltsEv
                0x00003d36        0xe c:/winavr-20100110/bin/../lib/gcc/avr/4.3.3/../../../../avr/lib\libpololu_atmega1284p.a(OrangutanSVP.o)
                0x00003d36                OrangutanSVP::getChannelDMillivolts()
 .text._ZN12OrangutanSVP21getChannelCMillivoltsEv
                0x00003d44        0xe c:/winavr-20100110/bin/../lib/gcc/avr/4.3.3/../../../../avr/lib\libpololu_atmega1284p.a(OrangutanSVP.o)
                0x00003d44                OrangutanSVP::getChannelCMillivolts()
 .text._ZN12OrangutanSVP21getChannelBMillivoltsEv
                0x00003d52        0xe c:/winavr-20100110/bin/../lib/gcc/avr/4.3.3/../../../../avr/lib\libpololu_atmega1284p.a(OrangutanSVP.o)
                0x00003d52                OrangutanSVP::getChannelBMillivolts()
 .text._ZN12OrangutanSVP21getChannelAMillivoltsEv
                0x00003d60        0xe c:/winavr-20100110/bin/../lib/gcc/avr/4.3.3/../../../../avr/lib\libpololu_atmega1284p.a(OrangutanSVP.o)
                0x00003d60                OrangutanSVP::getChannelAMillivolts()
 .text._ZN12OrangutanSVP20getBatteryMillivoltsEv
                0x00003d6e        0xe c:/winavr-20100110/bin/../lib/gcc/avr/4.3.3/../../../../avr/lib\libpololu_atmega1284p.a(OrangutanSVP.o)
                0x00003d6e                OrangutanSVP::getBatteryMillivolts()
 .text._ZN12OrangutanSVP20getTrimpotMillivoltsEv
                0x00003d7c        0xe c:/winavr-20100110/bin/../lib/gcc/avr/4.3.3/../../../../avr/lib\libpololu_atmega1284p.a(OrangutanSVP.o)
                0x00003d7c                OrangutanSVP::getTrimpotMillivolts()
 .text._ZN12OrangutanSVP15serialReadStartEv
                0x00003d8a        0xe c:/winavr-20100110/bin/../lib/gcc/avr/4.3.3/../../../../avr/lib\libpololu_atmega1284p.a(OrangutanSVP.o)
                0x00003d8a                OrangutanSVP::serialReadStart()
 .text._Z14updateEncodersv
                0x00003d98       0x6a c:/winavr-20100110/bin/../lib/gcc/avr/4.3.3/../../../../avr/lib\libpololu_atmega1284p.a(OrangutanSVP.o)
                0x00003d98                updateEncoders()
 .text._ZL22updateEncodersIfNeededv
                0x00003e02       0x38 c:/winavr-20100110/bin/../lib/gcc/avr/4.3.3/../../../../avr/lib\libpololu_atmega1284p.a(OrangutanSVP.o)
 .text._ZN12OrangutanSVP12checkErrorCDEv
                0x00003e3a       0x1a c:/winavr-20100110/bin/../lib/gcc/avr/4.3.3/../../../../avr/lib\libpololu_atmega1284p.a(OrangutanSVP.o)
                0x00003e3a                OrangutanSVP::checkErrorCD()
 .text.svp_check_error_cd
                0x00003e54        0x6 c:/winavr-20100110/bin/../lib/gcc/avr/4.3.3/../../../../avr/lib\libpololu_atmega1284p.a(OrangutanSVP.o)
                0x00003e54                svp_check_error_cd
 .text._ZN12OrangutanSVP12checkErrorABEv
                0x00003e5a       0x1a c:/winavr-20100110/bin/../lib/gcc/avr/4.3.3/../../../../avr/lib\libpololu_atmega1284p.a(OrangutanSVP.o)
                0x00003e5a                OrangutanSVP::checkErrorAB()
 .text.svp_check_error_ab
                0x00003e74        0x6 c:/winavr-20100110/bin/../lib/gcc/avr/4.3.3/../../../../avr/lib\libpololu_atmega1284p.a(OrangutanSVP.o)
                0x00003e74                svp_check_error_ab
 .text._ZN12OrangutanSVP11getCountsCDEv
                0x00003e7a       0x1c c:/winavr-20100110/bin/../lib/gcc/avr/4.3.3/../../../../avr/lib\libpololu_atmega1284p.a(OrangutanSVP.o)
                0x00003e7a                OrangutanSVP::getCountsCD()
 .text._ZN12OrangutanSVP19getCountsAndResetCDEv
                0x00003e96       0x16 c:/winavr-20100110/bin/../lib/gcc/avr/4.3.3/../../../../avr/lib\libpololu_atmega1284p.a(OrangutanSVP.o)
                0x00003e96                OrangutanSVP::getCountsAndResetCD()
 .text.svp_get_counts_and_reset_cd
                0x00003eac        0x6 c:/winavr-20100110/bin/../lib/gcc/avr/4.3.3/../../../../avr/lib\libpololu_atmega1284p.a(OrangutanSVP.o)
                0x00003eac                svp_get_counts_and_reset_cd
 .text.svp_get_counts_cd
                0x00003eb2        0x6 c:/winavr-20100110/bin/../lib/gcc/avr/4.3.3/../../../../avr/lib\libpololu_atmega1284p.a(OrangutanSVP.o)
                0x00003eb2                svp_get_counts_cd
 .text._ZN12OrangutanSVP11getCountsABEv
                0x00003eb8       0x1c c:/winavr-20100110/bin/../lib/gcc/avr/4.3.3/../../../../avr/lib\libpololu_atmega1284p.a(OrangutanSVP.o)
                0x00003eb8                OrangutanSVP::getCountsAB()
 .text._ZN12OrangutanSVP19getCountsAndResetABEv
                0x00003ed4       0x16 c:/winavr-20100110/bin/../lib/gcc/avr/4.3.3/../../../../avr/lib\libpololu_atmega1284p.a(OrangutanSVP.o)
                0x00003ed4                OrangutanSVP::getCountsAndResetAB()
 .text.svp_get_counts_and_reset_ab
                0x00003eea        0x6 c:/winavr-20100110/bin/../lib/gcc/avr/4.3.3/../../../../avr/lib\libpololu_atmega1284p.a(OrangutanSVP.o)
                0x00003eea                svp_get_counts_and_reset_ab
 .text.svp_get_counts_ab
                0x00003ef0        0x6 c:/winavr-20100110/bin/../lib/gcc/avr/4.3.3/../../../../avr/lib\libpololu_atmega1284p.a(OrangutanSVP.o)
                0x00003ef0                svp_get_counts_ab
 .text._ZN12OrangutanSVP18getFirmwareVersionEv
                0x00003ef6        0xe c:/winavr-20100110/bin/../lib/gcc/avr/4.3.3/../../../../avr/lib\libpololu_atmega1284p.a(OrangutanSVP.o)
                0x00003ef6                OrangutanSVP::getFirmwareVersion()
 .text.svp_get_firmware_version
                0x00003f04        0x6 c:/winavr-20100110/bin/../lib/gcc/avr/4.3.3/../../../../avr/lib\libpololu_atmega1284p.a(OrangutanSVP.o)
                0x00003f04                svp_get_firmware_version
 .text._ZN18OrangutanSPIMaster4initEhh
                0x00003f0a       0x4c c:/winavr-20100110/bin/../lib/gcc/avr/4.3.3/../../../../avr/lib\libpololu_atmega1284p.a(OrangutanSPIMaster.o)
                0x00003f0a                OrangutanSPIMaster::init(unsigned char, unsigned char)
 .text._ZN18OrangutanSPIMaster16transmitAndDelayEhh
                0x00003f56       0x54 c:/winavr-20100110/bin/../lib/gcc/avr/4.3.3/../../../../avr/lib\libpololu_atmega1284p.a(OrangutanSPIMaster.o)
                0x00003f56                OrangutanSPIMaster::transmitAndDelay(unsigned char, unsigned char)
 .text._ZN18OrangutanSPIMaster8transmitEh
                0x00003faa        0x8 c:/winavr-20100110/bin/../lib/gcc/avr/4.3.3/../../../../avr/lib\libpololu_atmega1284p.a(OrangutanSPIMaster.o)
                0x00003faa                OrangutanSPIMaster::transmit(unsigned char)
 .text.spi_master_transmit
                0x00003fb2        0x6 c:/winavr-20100110/bin/../lib/gcc/avr/4.3.3/../../../../avr/lib\libpololu_atmega1284p.a(OrangutanSPIMaster.o)
                0x00003fb2                spi_master_transmit
 .text.spi_master_transmit_and_delay
                0x00003fb8        0x6 c:/winavr-20100110/bin/../lib/gcc/avr/4.3.3/../../../../avr/lib\libpololu_atmega1284p.a(OrangutanSPIMaster.o)
                0x00003fb8                spi_master_transmit_and_delay
 .text.spi_master_init
                0x00003fbe        0x6 c:/winavr-20100110/bin/../lib/gcc/avr/4.3.3/../../../../avr/lib\libpololu_atmega1284p.a(OrangutanSPIMaster.o)
                0x00003fbe                spi_master_init
 .text.libgcc   0x00003fc4       0x3e c:/winavr-20100110/bin/../lib/gcc/avr/4.3.3/avr51\libgcc.a(_mulsi3.o)
                0x00003fc4                __mulsi3
 .text.libgcc   0x00004002       0x26 c:/winavr-20100110/bin/../lib/gcc/avr/4.3.3/avr51\libgcc.a(_divmodhi4.o)
                0x00004002                __divmodhi4
                0x00004002                _div
 .text.libgcc   0x00004028       0x44 c:/winavr-20100110/bin/../lib/gcc/avr/4.3.3/avr51\libgcc.a(_udivmodsi4.o)
                0x00004028                __udivmodsi4
 .text.libgcc   0x0000406c       0x38 c:/winavr-20100110/bin/../lib/gcc/avr/4.3.3/avr51\libgcc.a(_prologue.o)
                0x0000406c                __prologue_saves__
 .text.libgcc   0x000040a4       0x36 c:/winavr-20100110/bin/../lib/gcc/avr/4.3.3/avr51\libgcc.a(_epilogue.o)
                0x000040a4                __epilogue_restores__
 .text.libgcc   0x000040da        0x0 c:/winavr-20100110/bin/../lib/gcc/avr/4.3.3/avr51\libgcc.a(_exit.o)
 .text.libgcc   0x000040da        0x0 c:/winavr-20100110/bin/../lib/gcc/avr/4.3.3/avr51\libgcc.a(_clear_bss.o)
 .text.libgcc   0x000040da       0x28 c:/winavr-20100110/bin/../lib/gcc/avr/4.3.3/avr51\libgcc.a(_udivmodhi4.o)
                0x000040da                __udivmodhi4
 .text.avr-libc
                0x00004102      0x20a c:/winavr-20100110/bin/../lib/gcc/avr/4.3.3/../../../../avr/lib/avr51\libc.a(malloc.o)
                0x00004102                malloc
                0x0000425c                free
 .text.avr-libc
                0x0000430c       0x42 c:/winavr-20100110/bin/../lib/gcc/avr/4.3.3/../../../../avr/lib/avr51\libc.a(itoa.o)
                0x0000430c                itoa
 .text.avr-libc
                0x0000434e       0x98 c:/winavr-20100110/bin/../lib/gcc/avr/4.3.3/../../../../avr/lib/avr51\libc.a(fdevopen.o)
                0x0000434e                fdevopen
 .text.avr-libc
                0x000043e6       0x38 c:/winavr-20100110/bin/../lib/gcc/avr/4.3.3/../../../../avr/lib/avr51\libc.a(calloc.o)
                0x000043e6                calloc
 .text.avr-libc
                0x0000441e        0xe c:/winavr-20100110/bin/../lib/gcc/avr/4.3.3/../../../../avr/lib/avr51\libc.a(memset.o)
                0x0000441e                memset
 .text.avr-libc
                0x0000442c       0x20 c:/winavr-20100110/bin/../lib/gcc/avr/4.3.3/../../../../avr/lib/avr51\libc.a(strrev.o)
                0x0000442c                strrev
                0x0000444c                . = ALIGN (0x2)
 *(.fini9)
 .fini9         0x0000444c        0x0 c:/winavr-20100110/bin/../lib/gcc/avr/4.3.3/avr51\libgcc.a(_exit.o)
                0x0000444c                exit
                0x0000444c                _exit
 *(.fini9)
 *(.fini8)
 *(.fini8)
 *(.fini7)
 *(.fini7)
 *(.fini6)
 *(.fini6)
 *(.fini5)
 *(.fini5)
 *(.fini4)
 *(.fini4)
 *(.fini3)
 *(.fini3)
 *(.fini2)
 *(.fini2)
 *(.fini1)
 *(.fini1)
 *(.fini0)
 .fini0         0x0000444c        0x4 c:/winavr-20100110/bin/../lib/gcc/avr/4.3.3/avr51\libgcc.a(_exit.o)
 *(.fini0)
                0x00004450                _etext = .

.data           0x00800100      0x324 load address 0x00004450
                0x00800100                PROVIDE (__data_start, .)
 *(.data)
 .data          0x00800100        0x0 c:/winavr-20100110/bin/../lib/gcc/avr/4.3.3/../../../../avr/lib/avr51/crtm1284p.o
 .data          0x00800100        0x0 i2cmaster/twimaster.o
 .data          0x00800100      0x2f5 DASCH_Plate_Cleaner_Rev2.o
                0x008003e9                plateLoadMotorLoadPlate
                0x008003ed                fixtureLiftExtra
                0x008003d7                totalStepLength1
                0x008003e3                fixtureMotorSmallHalfPlate
                0x008003cb                kWait
                0x008003dd                totalStepLength4
                0x008003c7                pWait
                0x008003e7                fixtureMotorDry
                0x008003d5                highLength5
                0x008003f1                fixtureMotorDry2Step
                0x008003ef                fixtureMotorDry1Extra
                0x008003df                totalStepLength5
                0x008003d9                totalStepLength2
                0x008003d3                highLength4
                0x008003eb                plateLoadExtra
                0x008003cd                highLength1
                0x008003cf                highLength2
                0x008003d1                highLength3
                0x008003c9                mWait
                0x008003e1                stepFactor
                0x008003db                totalStepLength3
                0x008003e5                fixtureMotorBigHalfPlate
                0x008003f3                fixtureLift2Extra
 .data          0x008003f5        0x2 c:/winavr-20100110/bin/../lib/gcc/avr/4.3.3/../../../../avr/lib\libpololu_atmega1284p.a(OrangutanLCD.o)
                0x008003f6                numLCDCols
                0x008003f5                numLCDRows
 .data          0x008003f7       0x1e c:/winavr-20100110/bin/../lib/gcc/avr/4.3.3/../../../../avr/lib\libpololu_atmega1284p.a(OrangutanSerial.o)
                0x008003f7                OrangutanSerial::ports
 .data          0x00800415        0x0 c:/winavr-20100110/bin/../lib/gcc/avr/4.3.3/../../../../avr/lib\libpololu_atmega1284p.a(OrangutanTime.o)
 .data          0x00800415        0x8 c:/winavr-20100110/bin/../lib/gcc/avr/4.3.3/../../../../avr/lib\libpololu_atmega1284p.a(OrangutanSVP.o)
 .data          0x0080041d        0x0 c:/winavr-20100110/bin/../lib/gcc/avr/4.3.3/../../../../avr/lib\libpololu_atmega1284p.a(OrangutanSPIMaster.o)
 .data          0x0080041d        0x0 c:/winavr-20100110/bin/../lib/gcc/avr/4.3.3/avr51\libgcc.a(_mulsi3.o)
 .data          0x0080041d        0x0 c:/winavr-20100110/bin/../lib/gcc/avr/4.3.3/avr51\libgcc.a(_divmodhi4.o)
 .data          0x0080041d        0x0 c:/winavr-20100110/bin/../lib/gcc/avr/4.3.3/avr51\libgcc.a(_udivmodsi4.o)
 .data          0x0080041d        0x0 c:/winavr-20100110/bin/../lib/gcc/avr/4.3.3/avr51\libgcc.a(_prologue.o)
 .data          0x0080041d        0x0 c:/winavr-20100110/bin/../lib/gcc/avr/4.3.3/avr51\libgcc.a(_epilogue.o)
 .data          0x0080041d        0x0 c:/winavr-20100110/bin/../lib/gcc/avr/4.3.3/avr51\libgcc.a(_exit.o)
 .data          0x0080041d        0x0 c:/winavr-20100110/bin/../lib/gcc/avr/4.3.3/avr51\libgcc.a(_clear_bss.o)
 .data          0x0080041d        0x0 c:/winavr-20100110/bin/../lib/gcc/avr/4.3.3/avr51\libgcc.a(_udivmodhi4.o)
 .data          0x0080041d        0x6 c:/winavr-20100110/bin/../lib/gcc/avr/4.3.3/../../../../avr/lib/avr51\libc.a(malloc.o)
                0x0080041f                __malloc_heap_start
                0x00800421                __malloc_heap_end
                0x0080041d                __malloc_margin
 .data          0x00800423        0x0 c:/winavr-20100110/bin/../lib/gcc/avr/4.3.3/../../../../avr/lib/avr51\libc.a(itoa.o)
 .data          0x00800423        0x0 c:/winavr-20100110/bin/../lib/gcc/avr/4.3.3/../../../../avr/lib/avr51\libc.a(fdevopen.o)
 .data          0x00800423        0x0 c:/winavr-20100110/bin/../lib/gcc/avr/4.3.3/../../../../avr/lib/avr51\libc.a(iob.o)
 .data          0x00800423        0x0 c:/winavr-20100110/bin/../lib/gcc/avr/4.3.3/../../../../avr/lib/avr51\libc.a(calloc.o)
 .data          0x00800423        0x0 c:/winavr-20100110/bin/../lib/gcc/avr/4.3.3/../../../../avr/lib/avr51\libc.a(memset.o)
 .data          0x00800423        0x0 c:/winavr-20100110/bin/../lib/gcc/avr/4.3.3/../../../../avr/lib/avr51\libc.a(strrev.o)
 *(.data*)
 *(.rodata)
 *(.rodata*)
 *(.gnu.linkonce.d*)
                0x00800424                . = ALIGN (0x2)
 *fill*         0x00800423        0x1 00
                0x00800424                _edata = .
                0x00800424                PROVIDE (__data_end, .)

.bss            0x00800424       0x48
                0x00800424                PROVIDE (__bss_start, .)
 *(.bss)
 .bss           0x00800424        0x0 c:/winavr-20100110/bin/../lib/gcc/avr/4.3.3/../../../../avr/lib/avr51/crtm1284p.o
 .bss           0x00800424        0x0 i2cmaster/twimaster.o
 .bss           0x00800424        0x4 DASCH_Plate_Cleaner_Rev2.o
 .bss           0x00800428        0x9 c:/winavr-20100110/bin/../lib/gcc/avr/4.3.3/../../../../avr/lib\libpololu_atmega1284p.a(OrangutanLCD.o)
                0x00800428                printf_chars
                0x0080042c                lcdTimeout
                0x0080042b                col
                0x00800430                OrangutanLCD::init()::initialized
                0x0080042a                row
 .bss           0x00800431        0x9 c:/winavr-20100110/bin/../lib/gcc/avr/4.3.3/../../../../avr/lib\libpololu_atmega1284p.a(OrangutanSerial.o)
 .bss           0x0080043a        0xb c:/winavr-20100110/bin/../lib/gcc/avr/4.3.3/../../../../avr/lib\libpololu_atmega1284p.a(OrangutanTime.o)
                0x00800444                OrangutanTime::init()::initialized
                0x0080043a                tickCount
                0x0080043e                msCounter
                0x00800442                us_over_10
 .bss           0x00800445       0x17 c:/winavr-20100110/bin/../lib/gcc/avr/4.3.3/../../../../avr/lib\libpololu_atmega1284p.a(OrangutanSVP.o)
                0x00800447                lastCountCD
                0x00800445                lastCountAB
 .bss           0x0080045c        0x0 c:/winavr-20100110/bin/../lib/gcc/avr/4.3.3/../../../../avr/lib\libpololu_atmega1284p.a(OrangutanSPIMaster.o)
 .bss           0x0080045c        0x0 c:/winavr-20100110/bin/../lib/gcc/avr/4.3.3/avr51\libgcc.a(_mulsi3.o)
 .bss           0x0080045c        0x0 c:/winavr-20100110/bin/../lib/gcc/avr/4.3.3/avr51\libgcc.a(_divmodhi4.o)
 .bss           0x0080045c        0x0 c:/winavr-20100110/bin/../lib/gcc/avr/4.3.3/avr51\libgcc.a(_udivmodsi4.o)
 .bss           0x0080045c        0x0 c:/winavr-20100110/bin/../lib/gcc/avr/4.3.3/avr51\libgcc.a(_prologue.o)
 .bss           0x0080045c        0x0 c:/winavr-20100110/bin/../lib/gcc/avr/4.3.3/avr51\libgcc.a(_epilogue.o)
 .bss           0x0080045c        0x0 c:/winavr-20100110/bin/../lib/gcc/avr/4.3.3/avr51\libgcc.a(_exit.o)
 .bss           0x0080045c        0x0 c:/winavr-20100110/bin/../lib/gcc/avr/4.3.3/avr51\libgcc.a(_clear_bss.o)
 .bss           0x0080045c        0x0 c:/winavr-20100110/bin/../lib/gcc/avr/4.3.3/avr51\libgcc.a(_udivmodhi4.o)
 .bss           0x0080045c        0x0 c:/winavr-20100110/bin/../lib/gcc/avr/4.3.3/../../../../avr/lib/avr51\libc.a(malloc.o)
 .bss           0x0080045c        0x0 c:/winavr-20100110/bin/../lib/gcc/avr/4.3.3/../../../../avr/lib/avr51\libc.a(itoa.o)
 .bss           0x0080045c        0x0 c:/winavr-20100110/bin/../lib/gcc/avr/4.3.3/../../../../avr/lib/avr51\libc.a(fdevopen.o)
 .bss           0x0080045c        0x0 c:/winavr-20100110/bin/../lib/gcc/avr/4.3.3/../../../../avr/lib/avr51\libc.a(iob.o)
 .bss           0x0080045c        0x0 c:/winavr-20100110/bin/../lib/gcc/avr/4.3.3/../../../../avr/lib/avr51\libc.a(calloc.o)
 .bss           0x0080045c        0x0 c:/winavr-20100110/bin/../lib/gcc/avr/4.3.3/../../../../avr/lib/avr51\libc.a(memset.o)
 .bss           0x0080045c        0x0 c:/winavr-20100110/bin/../lib/gcc/avr/4.3.3/../../../../avr/lib/avr51\libc.a(strrev.o)
 *(.bss*)
 *(COMMON)
 COMMON         0x0080045c        0x6 DASCH_Plate_Cleaner_Rev2.o
                0x0080045c                u_inputByte0
                0x0080045d                u_motorByte1
                0x0080045e                u_outputByte1
                0x0080045f                u_inputByte1
                0x00800460                u_outputByte0
                0x00800461                u_motorByte0
 COMMON         0x00800462        0x4 c:/winavr-20100110/bin/../lib/gcc/avr/4.3.3/../../../../avr/lib/avr51\libc.a(malloc.o)
                0x00800462                __brkval
                0x00800464                __flp
 COMMON         0x00800466        0x6 c:/winavr-20100110/bin/../lib/gcc/avr/4.3.3/../../../../avr/lib/avr51\libc.a(iob.o)
                0x00800466                __iob
                0x0080046c                PROVIDE (__bss_end, .)
                0x00004450                __data_load_start = LOADADDR (.data)
                0x00004774                __data_load_end = (__data_load_start + SIZEOF (.data))

.noinit         0x0080046c        0x0
                0x0080046c                PROVIDE (__noinit_start, .)
 *(.noinit*)
                0x0080046c                PROVIDE (__noinit_end, .)
                0x0080046c                _end = .
                0x0080046c                PROVIDE (__heap_start, .)

.eeprom         0x00810000        0x0
 *(.eeprom*)
                0x00810000                __eeprom_end = .

.fuse
 *(.fuse)
 *(.lfuse)
 *(.hfuse)
 *(.efuse)

.lock
 *(.lock*)

.signature
 *(.signature*)

.stab           0x00000000     0x5274
 *(.stab)
 .stab          0x00000000     0x1f2c c:/winavr-20100110/bin/../lib/gcc/avr/4.3.3/../../../../avr/lib\libpololu_atmega1284p.a(OrangutanLCD.o)
 .stab          0x00001f2c     0x1680 c:/winavr-20100110/bin/../lib/gcc/avr/4.3.3/../../../../avr/lib\libpololu_atmega1284p.a(OrangutanSerial.o)
                               0x168c (size before relaxing)
 .stab          0x000035ac      0x8f4 c:/winavr-20100110/bin/../lib/gcc/avr/4.3.3/../../../../avr/lib\libpololu_atmega1284p.a(OrangutanTime.o)
                                0x900 (size before relaxing)
 .stab          0x00003ea0      0xd68 c:/winavr-20100110/bin/../lib/gcc/avr/4.3.3/../../../../avr/lib\libpololu_atmega1284p.a(OrangutanSVP.o)
                                0xd74 (size before relaxing)
 .stab          0x00004c08      0x66c c:/winavr-20100110/bin/../lib/gcc/avr/4.3.3/../../../../avr/lib\libpololu_atmega1284p.a(OrangutanSPIMaster.o)
                                0x678 (size before relaxing)

.stabstr        0x00000000     0x544b
 *(.stabstr)
 .stabstr       0x00000000     0x544b c:/winavr-20100110/bin/../lib/gcc/avr/4.3.3/../../../../avr/lib\libpololu_atmega1284p.a(OrangutanLCD.o)

.stab.excl
 *(.stab.excl)

.stab.exclstr
 *(.stab.exclstr)

.stab.index
 *(.stab.index)

.stab.indexstr
 *(.stab.indexstr)

.comment
 *(.comment)

.debug
 *(.debug)

.line
 *(.line)

.debug_srcinfo
 *(.debug_srcinfo)

.debug_sfnames
 *(.debug_sfnames)

.debug_aranges  0x00000000       0x40
 *(.debug_aranges)
 .debug_aranges
                0x00000000       0x20 i2cmaster/twimaster.o
 .debug_aranges
                0x00000020       0x20 DASCH_Plate_Cleaner_Rev2.o

.debug_pubnames
                0x00000000      0x3ab
 *(.debug_pubnames)
 .debug_pubnames
                0x00000000       0x8d i2cmaster/twimaster.o
 .debug_pubnames
                0x0000008d      0x31e DASCH_Plate_Cleaner_Rev2.o

.debug_info     0x00000000     0x1277
 *(.debug_info)
 .debug_info    0x00000000      0x196 i2cmaster/twimaster.o
 .debug_info    0x00000196     0x10e1 DASCH_Plate_Cleaner_Rev2.o
 *(.gnu.linkonce.wi.*)

.debug_abbrev   0x00000000      0x30a
 *(.debug_abbrev)
 .debug_abbrev  0x00000000       0xbe i2cmaster/twimaster.o
 .debug_abbrev  0x000000be      0x24c DASCH_Plate_Cleaner_Rev2.o

.debug_line     0x00000000     0x1ab2
 *(.debug_line)
 .debug_line    0x00000000      0x23d i2cmaster/twimaster.o
 .debug_line    0x0000023d     0x1875 DASCH_Plate_Cleaner_Rev2.o

.debug_frame    0x00000000      0x180
 *(.debug_frame)
 .debug_frame   0x00000000       0x90 i2cmaster/twimaster.o
 .debug_frame   0x00000090       0xf0 DASCH_Plate_Cleaner_Rev2.o

.debug_str      0x00000000      0xaff
 *(.debug_str)
 .debug_str     0x00000000      0x137 i2cmaster/twimaster.o
                                0x16b (size before relaxing)
 .debug_str     0x00000137      0x9c8 DASCH_Plate_Cleaner_Rev2.o
                                0xb54 (size before relaxing)

.debug_loc      0x00000000     0x1170
 *(.debug_loc)
 .debug_loc     0x00000000       0xbf i2cmaster/twimaster.o
 .debug_loc     0x000000bf     0x10b1 DASCH_Plate_Cleaner_Rev2.o

.debug_macinfo
 *(.debug_macinfo)
OUTPUT(DASCH_Plate_Cleaner_Rev2.elf elf32-avr)
LOAD linker stubs
