Archive member included because of file (symbol)

C:\libpololu-avr\libpololu_atmega1284p.a(OrangutanLCD.o)
                              DASCH_Plate_Cleaner_Rev2.o (OrangutanLCD::gotoXY(unsigned char, unsigned char))
C:\libpololu-avr\libpololu_atmega1284p.a(OrangutanTime.o)
                              DASCH_Plate_Cleaner_Rev2.o (OrangutanTime::delayMilliseconds(unsigned int))
c:/winavr-20100110/bin/../lib/gcc/avr/4.3.3/avr51\libgcc.a(_mulsi3.o)
                              C:\libpololu-avr\libpololu_atmega1284p.a(OrangutanLCD.o) (__mulsi3)
c:/winavr-20100110/bin/../lib/gcc/avr/4.3.3/avr51\libgcc.a(_divmodhi4.o)
                              DASCH_Plate_Cleaner_Rev2.o (__divmodhi4)
c:/winavr-20100110/bin/../lib/gcc/avr/4.3.3/avr51\libgcc.a(_udivmodsi4.o)
                              C:\libpololu-avr\libpololu_atmega1284p.a(OrangutanLCD.o) (__udivmodsi4)
c:/winavr-20100110/bin/../lib/gcc/avr/4.3.3/avr51\libgcc.a(_prologue.o)
                              C:\libpololu-avr\libpololu_atmega1284p.a(OrangutanLCD.o) (__prologue_saves__)
c:/winavr-20100110/bin/../lib/gcc/avr/4.3.3/avr51\libgcc.a(_epilogue.o)
                              C:\libpololu-avr\libpololu_atmega1284p.a(OrangutanLCD.o) (__epilogue_restores__)
c:/winavr-20100110/bin/../lib/gcc/avr/4.3.3/avr51\libgcc.a(_exit.o)
                              c:/winavr-20100110/bin/../lib/gcc/avr/4.3.3/../../../../avr/lib/avr51/crtm1284p.o (exit)
c:/winavr-20100110/bin/../lib/gcc/avr/4.3.3/avr51\libgcc.a(_clear_bss.o)
                              DASCH_Plate_Cleaner_Rev2.o (__do_clear_bss)
c:/winavr-20100110/bin/../lib/gcc/avr/4.3.3/avr51\libgcc.a(_udivmodhi4.o)
                              c:/winavr-20100110/bin/../lib/gcc/avr/4.3.3/avr51\libgcc.a(_divmodhi4.o) (__udivmodhi4)
c:/winavr-20100110/bin/../lib/gcc/avr/4.3.3/../../../../avr/lib/avr51\libc.a(malloc.o)
                              DASCH_Plate_Cleaner_Rev2.o (malloc)
c:/winavr-20100110/bin/../lib/gcc/avr/4.3.3/../../../../avr/lib/avr51\libc.a(fdevopen.o)
                              C:\libpololu-avr\libpololu_atmega1284p.a(OrangutanLCD.o) (fdevopen)
c:/winavr-20100110/bin/../lib/gcc/avr/4.3.3/../../../../avr/lib/avr51\libc.a(iob.o)
                              c:/winavr-20100110/bin/../lib/gcc/avr/4.3.3/../../../../avr/lib/avr51\libc.a(fdevopen.o) (__iob)
c:/winavr-20100110/bin/../lib/gcc/avr/4.3.3/../../../../avr/lib/avr51\libc.a(calloc.o)
                              c:/winavr-20100110/bin/../lib/gcc/avr/4.3.3/../../../../avr/lib/avr51\libc.a(fdevopen.o) (calloc)
c:/winavr-20100110/bin/../lib/gcc/avr/4.3.3/../../../../avr/lib/avr51\libc.a(memset.o)
                              c:/winavr-20100110/bin/../lib/gcc/avr/4.3.3/../../../../avr/lib/avr51\libc.a(calloc.o) (memset)

Allocating common symbols
Common symbol       size              file

__brkval            0x2               c:/winavr-20100110/bin/../lib/gcc/avr/4.3.3/../../../../avr/lib/avr51\libc.a(malloc.o)
__flp               0x2               c:/winavr-20100110/bin/../lib/gcc/avr/4.3.3/../../../../avr/lib/avr51\libc.a(malloc.o)
__iob               0x6               c:/winavr-20100110/bin/../lib/gcc/avr/4.3.3/../../../../avr/lib/avr51\libc.a(iob.o)

Memory Configuration

Name             Origin             Length             Attributes
text             0x00000000         0x00020000         xr
data             0x00800060         0x0000ffa0         rw !x
eeprom           0x00810000         0x00010000         rw !x
fuse             0x00820000         0x00000400         rw !x
lock             0x00830000         0x00000400         rw !x
signature        0x00840000         0x00000400         rw !x
*default*        0x00000000         0xffffffff

Linker script and memory map

Address of section .data set to 0x800100
LOAD c:/winavr-20100110/bin/../lib/gcc/avr/4.3.3/../../../../avr/lib/avr51/crtm1284p.o
LOAD DASCH_Plate_Cleaner_Rev2.o
LOAD twimaster.o
LOAD C:\libpololu-avr\libpololu_atmega1284p.a
LOAD c:/winavr-20100110/bin/../lib/gcc/avr/4.3.3/avr51\libgcc.a
LOAD c:/winavr-20100110/bin/../lib/gcc/avr/4.3.3/../../../../avr/lib/avr51\libm.a
LOAD c:/winavr-20100110/bin/../lib/gcc/avr/4.3.3/avr51\libgcc.a
LOAD c:/winavr-20100110/bin/../lib/gcc/avr/4.3.3/../../../../avr/lib/avr51\libc.a
LOAD c:/winavr-20100110/bin/../lib/gcc/avr/4.3.3/avr51\libgcc.a

.hash
 *(.hash)

.dynsym
 *(.dynsym)

.dynstr
 *(.dynstr)

.gnu.version
 *(.gnu.version)

.gnu.version_d
 *(.gnu.version_d)

.gnu.version_r
 *(.gnu.version_r)

.rel.init
 *(.rel.init)

.rela.init
 *(.rela.init)

.rel.text
 *(.rel.text)
 *(.rel.text.*)
 *(.rel.gnu.linkonce.t*)

.rela.text
 *(.rela.text)
 *(.rela.text.*)
 *(.rela.gnu.linkonce.t*)

.rel.fini
 *(.rel.fini)

.rela.fini
 *(.rela.fini)

.rel.rodata
 *(.rel.rodata)
 *(.rel.rodata.*)
 *(.rel.gnu.linkonce.r*)

.rela.rodata
 *(.rela.rodata)
 *(.rela.rodata.*)
 *(.rela.gnu.linkonce.r*)

.rel.data
 *(.rel.data)
 *(.rel.data.*)
 *(.rel.gnu.linkonce.d*)

.rela.data
 *(.rela.data)
 *(.rela.data.*)
 *(.rela.gnu.linkonce.d*)

.rel.ctors
 *(.rel.ctors)

.rela.ctors
 *(.rela.ctors)

.rel.dtors
 *(.rel.dtors)

.rela.dtors
 *(.rela.dtors)

.rel.got
 *(.rel.got)

.rela.got
 *(.rela.got)

.rel.bss
 *(.rel.bss)

.rela.bss
 *(.rela.bss)

.rel.plt
 *(.rel.plt)

.rela.plt
 *(.rela.plt)

.text           0x00000000     0x38ce
 *(.vectors)
 .vectors       0x00000000       0x8c c:/winavr-20100110/bin/../lib/gcc/avr/4.3.3/../../../../avr/lib/avr51/crtm1284p.o
                0x00000000                __vectors
                0x00000000                __vector_default
 *(.vectors)
 *(.progmem.gcc*)
 .progmem.gcc_sw_table
                0x0000008c      0x17c DASCH_Plate_Cleaner_Rev2.o
 *(.progmem*)
                0x00000208                . = ALIGN (0x2)
                0x00000208                __trampolines_start = .
 *(.trampolines)
 .trampolines   0x00000208        0x0 linker stubs
 *(.trampolines*)
                0x00000208                __trampolines_end = .
 *(.jumptables)
 *(.jumptables*)
 *(.lowtext)
 *(.lowtext*)
                0x00000208                __ctors_start = .
 *(.ctors)
                0x00000208                __ctors_end = .
                0x00000208                __dtors_start = .
 *(.dtors)
                0x00000208                __dtors_end = .
 SORT(*)(.ctors)
 SORT(*)(.dtors)
 *(.init0)
 .init0         0x00000208        0x0 c:/winavr-20100110/bin/../lib/gcc/avr/4.3.3/../../../../avr/lib/avr51/crtm1284p.o
                0x00000208                __init
 *(.init0)
 *(.init1)
 *(.init1)
 *(.init2)
 .init2         0x00000208        0xc c:/winavr-20100110/bin/../lib/gcc/avr/4.3.3/../../../../avr/lib/avr51/crtm1284p.o
 *(.init2)
 *(.init3)
 *(.init3)
 *(.init4)
 .init4         0x00000214       0x1a c:/winavr-20100110/bin/../lib/gcc/avr/4.3.3/../../../../avr/lib/avr51/crtm1284p.o
                0x00000214                __do_copy_data
 .init4         0x0000022e       0x10 c:/winavr-20100110/bin/../lib/gcc/avr/4.3.3/avr51\libgcc.a(_clear_bss.o)
                0x0000022e                __do_clear_bss
 *(.init4)
 *(.init5)
 *(.init5)
 *(.init6)
 *(.init6)
 *(.init7)
 *(.init7)
 *(.init8)
 *(.init8)
 *(.init9)
 .init9         0x0000023e        0x8 c:/winavr-20100110/bin/../lib/gcc/avr/4.3.3/../../../../avr/lib/avr51/crtm1284p.o
 *(.init9)
 *(.text)
 .text          0x00000246        0x4 c:/winavr-20100110/bin/../lib/gcc/avr/4.3.3/../../../../avr/lib/avr51/crtm1284p.o
                0x00000246                __vector_22
                0x00000246                __vector_28
                0x00000246                __vector_1
                0x00000246                __vector_32
                0x00000246                __vector_34
                0x00000246                __vector_24
                0x00000246                __vector_12
                0x00000246                __bad_interrupt
                0x00000246                __vector_6
                0x00000246                __vector_31
                0x00000246                __vector_3
                0x00000246                __vector_23
                0x00000246                __vector_30
                0x00000246                __vector_25
                0x00000246                __vector_13
                0x00000246                __vector_17
                0x00000246                __vector_19
                0x00000246                __vector_7
                0x00000246                __vector_27
                0x00000246                __vector_5
                0x00000246                __vector_33
                0x00000246                __vector_4
                0x00000246                __vector_9
                0x00000246                __vector_2
                0x00000246                __vector_21
                0x00000246                __vector_15
                0x00000246                __vector_29
                0x00000246                __vector_8
                0x00000246                __vector_26
                0x00000246                __vector_14
                0x00000246                __vector_10
                0x00000246                __vector_16
                0x00000246                __vector_18
                0x00000246                __vector_20
 .text          0x0000024a     0x2698 DASCH_Plate_Cleaner_Rev2.o
                0x000006d2                dry_trans(int, int, int, int)
                0x000002fc                dry_action(int, int, int*, int*, int*, int*, int*)
                0x000002fe                button_debounce(int, int*)
                0x00000454                firstB_trans(int, int, int)
                0x000028d6                operator delete(void*)
                0x000002f8                brush1_action(int, int, int*, int*, int*, int*, int*)
                0x000003bc                init_trans(int, bool, int, int)
                0x000002f6                __cxa_pure_virtual
                0x000009e2                motor_and_write(int, int, int, int, int, int, int, int)
                0x00000b66                main
                0x000002fa                brush2_action(int, int, int*, int*, int*, int*, int*)
                0x000002ec                __cxa_guard_release
                0x000002f4                __cxa_guard_abort
                0x0000089e                init_action(int, int, int*, int*, int*, int*, int*, int*)
                0x000028dc                operator new(unsigned int)
                0x0000024a                OrangutanDigital::isInputHigh(unsigned char)
                0x00000584                secondB_trans(int, int, int)
                0x000002d8                __cxa_guard_acquire
 .text          0x000028e2      0x10a twimaster.o
                0x000029c4                i2c_readAck()
                0x000029a0                i2c_write(unsigned char)
                0x0000298a                i2c_rep_start(unsigned char)
                0x000028ee                i2c_start(unsigned char)
                0x0000293a                i2c_start_wait(unsigned char)
                0x00002990                i2c_stop()
                0x000028e2                i2c_init()
                0x000029d8                i2c_readNak()
 .text          0x000029ec        0x0 C:\libpololu-avr\libpololu_atmega1284p.a(OrangutanLCD.o)
 .text          0x000029ec        0x0 C:\libpololu-avr\libpololu_atmega1284p.a(OrangutanTime.o)
 .text          0x000029ec        0x0 c:/winavr-20100110/bin/../lib/gcc/avr/4.3.3/avr51\libgcc.a(_mulsi3.o)
 .text          0x000029ec        0x0 c:/winavr-20100110/bin/../lib/gcc/avr/4.3.3/avr51\libgcc.a(_divmodhi4.o)
 .text          0x000029ec        0x0 c:/winavr-20100110/bin/../lib/gcc/avr/4.3.3/avr51\libgcc.a(_udivmodsi4.o)
 .text          0x000029ec        0x0 c:/winavr-20100110/bin/../lib/gcc/avr/4.3.3/avr51\libgcc.a(_prologue.o)
 .text          0x000029ec        0x0 c:/winavr-20100110/bin/../lib/gcc/avr/4.3.3/avr51\libgcc.a(_epilogue.o)
 .text          0x000029ec        0x0 c:/winavr-20100110/bin/../lib/gcc/avr/4.3.3/avr51\libgcc.a(_exit.o)
 .text          0x000029ec        0x0 c:/winavr-20100110/bin/../lib/gcc/avr/4.3.3/avr51\libgcc.a(_clear_bss.o)
 .text          0x000029ec        0x0 c:/winavr-20100110/bin/../lib/gcc/avr/4.3.3/avr51\libgcc.a(_udivmodhi4.o)
 .text          0x000029ec        0x0 c:/winavr-20100110/bin/../lib/gcc/avr/4.3.3/../../../../avr/lib/avr51\libc.a(malloc.o)
 .text          0x000029ec        0x0 c:/winavr-20100110/bin/../lib/gcc/avr/4.3.3/../../../../avr/lib/avr51\libc.a(fdevopen.o)
 .text          0x000029ec        0x0 c:/winavr-20100110/bin/../lib/gcc/avr/4.3.3/../../../../avr/lib/avr51\libc.a(iob.o)
 .text          0x000029ec        0x0 c:/winavr-20100110/bin/../lib/gcc/avr/4.3.3/../../../../avr/lib/avr51\libc.a(calloc.o)
 .text          0x000029ec        0x0 c:/winavr-20100110/bin/../lib/gcc/avr/4.3.3/../../../../avr/lib/avr51\libc.a(memset.o)
                0x000029ec                . = ALIGN (0x2)
 *(.text.*)
 .text._ZN12OrangutanLCDC2Ev
                0x000029ec        0x2 C:\libpololu-avr\libpololu_atmega1284p.a(OrangutanLCD.o)
                0x000029ec                OrangutanLCD::OrangutanLCD()
 .text._ZN12OrangutanLCDC1Ev
                0x000029ee        0x2 C:\libpololu-avr\libpololu_atmega1284p.a(OrangutanLCD.o)
                0x000029ee                OrangutanLCD::OrangutanLCD()
 .text.void_getchar
                0x000029f0        0x6 C:\libpololu-avr\libpololu_atmega1284p.a(OrangutanLCD.o)
                0x000029f0                void_getchar
 .text._ZN12OrangutanLCD8busyWaitEv
                0x000029f6       0xca C:\libpololu-avr\libpololu_atmega1284p.a(OrangutanLCD.o)
                0x000029f6                OrangutanLCD::busyWait()
 .text._ZN12OrangutanLCD8sendDataEh
                0x00002ac0       0x3e C:\libpololu-avr\libpololu_atmega1284p.a(OrangutanLCD.o)
                0x00002ac0                OrangutanLCD::sendData(unsigned char)
 .text._ZN12OrangutanLCD10initPrintfEv
                0x00002afe       0x8a C:\libpololu-avr\libpololu_atmega1284p.a(OrangutanLCD.o)
                0x00002afe                OrangutanLCD::initPrintf()
 .text._ZN12OrangutanLCD10initPrintfEhh
                0x00002b88        0xe C:\libpololu-avr\libpololu_atmega1284p.a(OrangutanLCD.o)
                0x00002b88                OrangutanLCD::initPrintf(unsigned char, unsigned char)
 .text.lcd_init_printf_with_dimensions
                0x00002b96        0xe C:\libpololu-avr\libpololu_atmega1284p.a(OrangutanLCD.o)
                0x00002b96                lcd_init_printf_with_dimensions
 .text.lcd_init_printf
                0x00002ba4        0x6 C:\libpololu-avr\libpololu_atmega1284p.a(OrangutanLCD.o)
                0x00002ba4                lcd_init_printf
 .text._ZN12OrangutanLCD5init2Ev
                0x00002baa       0x82 C:\libpololu-avr\libpololu_atmega1284p.a(OrangutanLCD.o)
                0x00002baa                OrangutanLCD::init2()
 .text._ZN12OrangutanLCD4initEv
                0x00002c2c       0x14 C:\libpololu-avr\libpololu_atmega1284p.a(OrangutanLCD.o)
                0x00002c2c                OrangutanLCD::init()
 .text._ZN12OrangutanLCD4sendEhhh
                0x00002c40       0xa8 C:\libpololu-avr\libpololu_atmega1284p.a(OrangutanLCD.o)
                0x00002c40                OrangutanLCD::send(unsigned char, unsigned char, unsigned char)
 .text._ZN12OrangutanLCD8send_cmdEh
                0x00002ce8        0xa C:\libpololu-avr\libpololu_atmega1284p.a(OrangutanLCD.o)
                0x00002ce8                OrangutanLCD::send_cmd(unsigned char)
 .text._ZN12OrangutanLCD10moveCursorEhh
                0x00002cf2       0x24 C:\libpololu-avr\libpololu_atmega1284p.a(OrangutanLCD.o)
                0x00002cf2                OrangutanLCD::moveCursor(unsigned char, unsigned char)
 .text.lcd_move_cursor
                0x00002d16        0x6 C:\libpololu-avr\libpololu_atmega1284p.a(OrangutanLCD.o)
                0x00002d16                lcd_move_cursor
 .text._ZN12OrangutanLCD10hideCursorEv
                0x00002d1c        0x8 C:\libpololu-avr\libpololu_atmega1284p.a(OrangutanLCD.o)
                0x00002d1c                OrangutanLCD::hideCursor()
 .text.lcd_hide_cursor
                0x00002d24        0x6 C:\libpololu-avr\libpololu_atmega1284p.a(OrangutanLCD.o)
                0x00002d24                lcd_hide_cursor
 .text._ZN12OrangutanLCD10showCursorEh
                0x00002d2a       0x10 C:\libpololu-avr\libpololu_atmega1284p.a(OrangutanLCD.o)
                0x00002d2a                OrangutanLCD::showCursor(unsigned char)
 .text.lcd_show_cursor
                0x00002d3a        0x6 C:\libpololu-avr\libpololu_atmega1284p.a(OrangutanLCD.o)
                0x00002d3a                lcd_show_cursor
 .text._ZN12OrangutanLCD6gotoXYEhh
                0x00002d40       0x3e C:\libpololu-avr\libpololu_atmega1284p.a(OrangutanLCD.o)
                0x00002d40                OrangutanLCD::gotoXY(unsigned char, unsigned char)
 .text.lcd_goto_xy
                0x00002d7e        0x6 C:\libpololu-avr\libpololu_atmega1284p.a(OrangutanLCD.o)
                0x00002d7e                lcd_goto_xy
 .text._ZN12OrangutanLCD5clearEv
                0x00002d84       0x5a C:\libpololu-avr\libpololu_atmega1284p.a(OrangutanLCD.o)
                0x00002d84                OrangutanLCD::clear()
 .text.clear    0x00002dde        0x6 C:\libpololu-avr\libpololu_atmega1284p.a(OrangutanLCD.o)
                0x00002dde                clear
 .text._ZN12OrangutanLCD9send_dataEh
                0x00002de4        0xa C:\libpololu-avr\libpololu_atmega1284p.a(OrangutanLCD.o)
                0x00002de4                OrangutanLCD::send_data(unsigned char)
 .text._ZN12OrangutanLCD11printBinaryEh
                0x00002dee       0x3a C:\libpololu-avr\libpololu_atmega1284p.a(OrangutanLCD.o)
                0x00002dee                OrangutanLCD::printBinary(unsigned char)
 .text.print_binary
                0x00002e28        0x6 C:\libpololu-avr\libpololu_atmega1284p.a(OrangutanLCD.o)
                0x00002e28                print_binary
 .text._ZN12OrangutanLCD14printHexNibbleEh
                0x00002e2e       0x10 C:\libpololu-avr\libpololu_atmega1284p.a(OrangutanLCD.o)
                0x00002e2e                OrangutanLCD::printHexNibble(unsigned char)
 .text._ZN12OrangutanLCD8printHexEh
                0x00002e3e       0x18 C:\libpololu-avr\libpololu_atmega1284p.a(OrangutanLCD.o)
                0x00002e3e                OrangutanLCD::printHex(unsigned char)
 .text._ZN12OrangutanLCD8printHexEj
                0x00002e56       0x14 C:\libpololu-avr\libpololu_atmega1284p.a(OrangutanLCD.o)
                0x00002e56                OrangutanLCD::printHex(unsigned int)
 .text.print_hex
                0x00002e6a        0x6 C:\libpololu-avr\libpololu_atmega1284p.a(OrangutanLCD.o)
                0x00002e6a                print_hex
 .text.print_hex_byte
                0x00002e70        0x6 C:\libpololu-avr\libpololu_atmega1284p.a(OrangutanLCD.o)
                0x00002e70                print_hex_byte
 .text._ZN12OrangutanLCD5printEm
                0x00002e76       0xc0 C:\libpololu-avr\libpololu_atmega1284p.a(OrangutanLCD.o)
                0x00002e76                OrangutanLCD::print(unsigned long)
 .text.print_unsigned_long
                0x00002f36        0x6 C:\libpololu-avr\libpololu_atmega1284p.a(OrangutanLCD.o)
                0x00002f36                print_unsigned_long
 .text._ZN12OrangutanLCD5printEl
                0x00002f3c       0x38 C:\libpololu-avr\libpololu_atmega1284p.a(OrangutanLCD.o)
                0x00002f3c                OrangutanLCD::print(long)
 .text.print_long
                0x00002f74        0x6 C:\libpololu-avr\libpololu_atmega1284p.a(OrangutanLCD.o)
                0x00002f74                print_long
 .text._ZN12OrangutanLCD21printFromProgramSpaceEPKc
                0x00002f7a       0x1c C:\libpololu-avr\libpololu_atmega1284p.a(OrangutanLCD.o)
                0x00002f7a                OrangutanLCD::printFromProgramSpace(char const*)
 .text.print_from_program_space
                0x00002f96        0x6 C:\libpololu-avr\libpololu_atmega1284p.a(OrangutanLCD.o)
                0x00002f96                print_from_program_space
 .text._ZN12OrangutanLCD5printEPKc
                0x00002f9c       0x1a C:\libpololu-avr\libpololu_atmega1284p.a(OrangutanLCD.o)
                0x00002f9c                OrangutanLCD::print(char const*)
 .text.print    0x00002fb6        0x6 C:\libpololu-avr\libpololu_atmega1284p.a(OrangutanLCD.o)
                0x00002fb6                print
 .text._ZN12OrangutanLCD5printEc
                0x00002fbc        0x6 C:\libpololu-avr\libpololu_atmega1284p.a(OrangutanLCD.o)
                0x00002fbc                OrangutanLCD::print(char)
 .text.print_character
                0x00002fc2        0x6 C:\libpololu-avr\libpololu_atmega1284p.a(OrangutanLCD.o)
                0x00002fc2                print_character
 .text.lcd_putchar
                0x00002fc8      0x23a C:\libpololu-avr\libpololu_atmega1284p.a(OrangutanLCD.o)
                0x00002fc8                lcd_putchar
 .text._ZN12OrangutanLCD19loadCustomCharacterEPKch
                0x00003202       0x4c C:\libpololu-avr\libpololu_atmega1284p.a(OrangutanLCD.o)
                0x00003202                OrangutanLCD::loadCustomCharacter(char const*, unsigned char)
 .text.lcd_load_custom_character
                0x0000324e        0x6 C:\libpololu-avr\libpololu_atmega1284p.a(OrangutanLCD.o)
                0x0000324e                lcd_load_custom_character
 .text._ZN12OrangutanLCD13send_4bit_cmdEh
                0x00003254        0xa C:\libpololu-avr\libpololu_atmega1284p.a(OrangutanLCD.o)
                0x00003254                OrangutanLCD::send_4bit_cmd(unsigned char)
 .text._ZN12OrangutanLCD6scrollEhhj
                0x0000325e       0x34 C:\libpololu-avr\libpololu_atmega1284p.a(OrangutanLCD.o)
                0x0000325e                OrangutanLCD::scroll(unsigned char, unsigned char, unsigned int)
 .text.lcd_scroll
                0x00003292        0x6 C:\libpololu-avr\libpololu_atmega1284p.a(OrangutanLCD.o)
                0x00003292                lcd_scroll
 .text.__vector_11
                0x00003298       0x74 C:\libpololu-avr\libpololu_atmega1284p.a(OrangutanTime.o)
                0x00003298                __vector_11
 .text.ticks_to_microseconds
                0x0000330c       0x22 C:\libpololu-avr\libpololu_atmega1284p.a(OrangutanTime.o)
                0x0000330c                ticks_to_microseconds
 .text.delay_ms
                0x0000332e       0x1e C:\libpololu-avr\libpololu_atmega1284p.a(OrangutanTime.o)
                0x0000332e                delay_ms
 .text._ZN13OrangutanTime19ticksToMicrosecondsEm
                0x0000334c       0x22 C:\libpololu-avr\libpololu_atmega1284p.a(OrangutanTime.o)
                0x0000334c                OrangutanTime::ticksToMicroseconds(unsigned long)
 .text._ZN13OrangutanTime17delayMillisecondsEj
                0x0000336e       0x1e C:\libpololu-avr\libpololu_atmega1284p.a(OrangutanTime.o)
                0x0000336e                OrangutanTime::delayMilliseconds(unsigned int)
 .text._ZN13OrangutanTime5init2Ev
                0x0000338c       0x30 C:\libpololu-avr\libpololu_atmega1284p.a(OrangutanTime.o)
                0x0000338c                OrangutanTime::init2()
 .text._ZN13OrangutanTime4initEv
                0x000033bc       0x14 C:\libpololu-avr\libpololu_atmega1284p.a(OrangutanTime.o)
                0x000033bc                OrangutanTime::init()
 .text._ZN13OrangutanTime2msEv
                0x000033d0       0x2a C:\libpololu-avr\libpololu_atmega1284p.a(OrangutanTime.o)
                0x000033d0                OrangutanTime::ms()
 .text.get_ms   0x000033fa        0x6 C:\libpololu-avr\libpololu_atmega1284p.a(OrangutanTime.o)
                0x000033fa                get_ms
 .text._ZN13OrangutanTime5ticksEv
                0x00003400       0x6a C:\libpololu-avr\libpololu_atmega1284p.a(OrangutanTime.o)
                0x00003400                OrangutanTime::ticks()
 .text.get_ticks
                0x0000346a        0x6 C:\libpololu-avr\libpololu_atmega1284p.a(OrangutanTime.o)
                0x0000346a                get_ticks
 .text._ZN13OrangutanTime5resetEv
                0x00003470       0x2e C:\libpololu-avr\libpololu_atmega1284p.a(OrangutanTime.o)
                0x00003470                OrangutanTime::reset()
 .text.time_reset
                0x0000349e        0x6 C:\libpololu-avr\libpololu_atmega1284p.a(OrangutanTime.o)
                0x0000349e                time_reset
 .text.libgcc   0x000034a4       0x3e c:/winavr-20100110/bin/../lib/gcc/avr/4.3.3/avr51\libgcc.a(_mulsi3.o)
                0x000034a4                __mulsi3
 .text.libgcc   0x000034e2       0x26 c:/winavr-20100110/bin/../lib/gcc/avr/4.3.3/avr51\libgcc.a(_divmodhi4.o)
                0x000034e2                __divmodhi4
                0x000034e2                _div
 .text.libgcc   0x00003508       0x44 c:/winavr-20100110/bin/../lib/gcc/avr/4.3.3/avr51\libgcc.a(_udivmodsi4.o)
                0x00003508                __udivmodsi4
 .text.libgcc   0x0000354c       0x38 c:/winavr-20100110/bin/../lib/gcc/avr/4.3.3/avr51\libgcc.a(_prologue.o)
                0x0000354c                __prologue_saves__
 .text.libgcc   0x00003584       0x36 c:/winavr-20100110/bin/../lib/gcc/avr/4.3.3/avr51\libgcc.a(_epilogue.o)
                0x00003584                __epilogue_restores__
 .text.libgcc   0x000035ba        0x0 c:/winavr-20100110/bin/../lib/gcc/avr/4.3.3/avr51\libgcc.a(_exit.o)
 .text.libgcc   0x000035ba        0x0 c:/winavr-20100110/bin/../lib/gcc/avr/4.3.3/avr51\libgcc.a(_clear_bss.o)
 .text.libgcc   0x000035ba       0x28 c:/winavr-20100110/bin/../lib/gcc/avr/4.3.3/avr51\libgcc.a(_udivmodhi4.o)
                0x000035ba                __udivmodhi4
 .text.avr-libc
                0x000035e2      0x20a c:/winavr-20100110/bin/../lib/gcc/avr/4.3.3/../../../../avr/lib/avr51\libc.a(malloc.o)
                0x000035e2                malloc
                0x0000373c                free
 .text.avr-libc
                0x000037ec       0x98 c:/winavr-20100110/bin/../lib/gcc/avr/4.3.3/../../../../avr/lib/avr51\libc.a(fdevopen.o)
                0x000037ec                fdevopen
 .text.avr-libc
                0x00003884       0x38 c:/winavr-20100110/bin/../lib/gcc/avr/4.3.3/../../../../avr/lib/avr51\libc.a(calloc.o)
                0x00003884                calloc
 .text.avr-libc
                0x000038bc        0xe c:/winavr-20100110/bin/../lib/gcc/avr/4.3.3/../../../../avr/lib/avr51\libc.a(memset.o)
                0x000038bc                memset
                0x000038ca                . = ALIGN (0x2)
 *(.fini9)
 .fini9         0x000038ca        0x0 c:/winavr-20100110/bin/../lib/gcc/avr/4.3.3/avr51\libgcc.a(_exit.o)
                0x000038ca                exit
                0x000038ca                _exit
 *(.fini9)
 *(.fini8)
 *(.fini8)
 *(.fini7)
 *(.fini7)
 *(.fini6)
 *(.fini6)
 *(.fini5)
 *(.fini5)
 *(.fini4)
 *(.fini4)
 *(.fini3)
 *(.fini3)
 *(.fini2)
 *(.fini2)
 *(.fini1)
 *(.fini1)
 *(.fini0)
 .fini0         0x000038ca        0x4 c:/winavr-20100110/bin/../lib/gcc/avr/4.3.3/avr51\libgcc.a(_exit.o)
 *(.fini0)
                0x000038ce                _etext = .

.data           0x00800100      0x2ce load address 0x000038ce
                0x00800100                PROVIDE (__data_start, .)
 *(.data)
 .data          0x00800100        0x0 c:/winavr-20100110/bin/../lib/gcc/avr/4.3.3/../../../../avr/lib/avr51/crtm1284p.o
 .data          0x00800100      0x2c5 DASCH_Plate_Cleaner_Rev2.o
                0x008003b3                plateLoadMotorLoadPlate
                0x008003a5                totalStepLength1
                0x008003b7                fixtureMotorBrush1Step
                0x00800399                kWait
                0x008003ab                totalStepLength4
                0x008003b1                fixtureMotorWholePlate
                0x00800395                pWait
                0x008003a3                highLength5
                0x008003bd                fixtureMotorDry2Step
                0x008003ad                totalStepLength5
                0x008003c3                fixtureMotorBrush2StepWhole
                0x008003a7                totalStepLength2
                0x008003c1                fixtureMotorDry1StepWhole
                0x008003a1                highLength4
                0x008003b9                fixtureMotorBrush2Step
                0x008003b5                fixtureMotorHomeFix
                0x0080039b                highLength1
                0x008003bb                fixtureMotorDry1Step
                0x0080039d                highLength2
                0x0080039f                highLength3
                0x008003af                fixtureMotorHalfPlate
                0x008003bf                fixtureMotorLoadBack
                0x00800397                mWait
                0x008003a9                totalStepLength3
 .data          0x008003c5        0x0 twimaster.o
 .data          0x008003c5        0x2 C:\libpololu-avr\libpololu_atmega1284p.a(OrangutanLCD.o)
                0x008003c6                numLCDCols
                0x008003c5                numLCDRows
 .data          0x008003c7        0x0 C:\libpololu-avr\libpololu_atmega1284p.a(OrangutanTime.o)
 .data          0x008003c7        0x0 c:/winavr-20100110/bin/../lib/gcc/avr/4.3.3/avr51\libgcc.a(_mulsi3.o)
 .data          0x008003c7        0x0 c:/winavr-20100110/bin/../lib/gcc/avr/4.3.3/avr51\libgcc.a(_divmodhi4.o)
 .data          0x008003c7        0x0 c:/winavr-20100110/bin/../lib/gcc/avr/4.3.3/avr51\libgcc.a(_udivmodsi4.o)
 .data          0x008003c7        0x0 c:/winavr-20100110/bin/../lib/gcc/avr/4.3.3/avr51\libgcc.a(_prologue.o)
 .data          0x008003c7        0x0 c:/winavr-20100110/bin/../lib/gcc/avr/4.3.3/avr51\libgcc.a(_epilogue.o)
 .data          0x008003c7        0x0 c:/winavr-20100110/bin/../lib/gcc/avr/4.3.3/avr51\libgcc.a(_exit.o)
 .data          0x008003c7        0x0 c:/winavr-20100110/bin/../lib/gcc/avr/4.3.3/avr51\libgcc.a(_clear_bss.o)
 .data          0x008003c7        0x0 c:/winavr-20100110/bin/../lib/gcc/avr/4.3.3/avr51\libgcc.a(_udivmodhi4.o)
 .data          0x008003c7        0x6 c:/winavr-20100110/bin/../lib/gcc/avr/4.3.3/../../../../avr/lib/avr51\libc.a(malloc.o)
                0x008003c9                __malloc_heap_start
                0x008003cb                __malloc_heap_end
                0x008003c7                __malloc_margin
 .data          0x008003cd        0x0 c:/winavr-20100110/bin/../lib/gcc/avr/4.3.3/../../../../avr/lib/avr51\libc.a(fdevopen.o)
 .data          0x008003cd        0x0 c:/winavr-20100110/bin/../lib/gcc/avr/4.3.3/../../../../avr/lib/avr51\libc.a(iob.o)
 .data          0x008003cd        0x0 c:/winavr-20100110/bin/../lib/gcc/avr/4.3.3/../../../../avr/lib/avr51\libc.a(calloc.o)
 .data          0x008003cd        0x0 c:/winavr-20100110/bin/../lib/gcc/avr/4.3.3/../../../../avr/lib/avr51\libc.a(memset.o)
 *(.data*)
 *(.rodata)
 *(.rodata*)
 *(.gnu.linkonce.d*)
                0x008003ce                . = ALIGN (0x2)
 *fill*         0x008003cd        0x1 00
                0x008003ce                _edata = .
                0x008003ce                PROVIDE (__data_end, .)

.bss            0x008003ce       0x28
                0x008003ce                PROVIDE (__bss_start, .)
 *(.bss)
 .bss           0x008003ce        0x0 c:/winavr-20100110/bin/../lib/gcc/avr/4.3.3/../../../../avr/lib/avr51/crtm1284p.o
 .bss           0x008003ce        0xa DASCH_Plate_Cleaner_Rev2.o
                0x008003d2                u_inputByte0
                0x008003cf                u_motorByte1
                0x008003d1                u_outputByte1
                0x008003d3                u_inputByte1
                0x008003d0                u_outputByte0
                0x008003ce                u_motorByte0
 .bss           0x008003d8        0x0 twimaster.o
 .bss           0x008003d8        0x9 C:\libpololu-avr\libpololu_atmega1284p.a(OrangutanLCD.o)
                0x008003d8                printf_chars
                0x008003dc                lcdTimeout
                0x008003db                col
                0x008003e0                OrangutanLCD::init()::initialized
                0x008003da                row
 .bss           0x008003e1        0xb C:\libpololu-avr\libpololu_atmega1284p.a(OrangutanTime.o)
                0x008003eb                OrangutanTime::init()::initialized
                0x008003e1                tickCount
                0x008003e5                msCounter
                0x008003e9                us_over_10
 .bss           0x008003ec        0x0 c:/winavr-20100110/bin/../lib/gcc/avr/4.3.3/avr51\libgcc.a(_mulsi3.o)
 .bss           0x008003ec        0x0 c:/winavr-20100110/bin/../lib/gcc/avr/4.3.3/avr51\libgcc.a(_divmodhi4.o)
 .bss           0x008003ec        0x0 c:/winavr-20100110/bin/../lib/gcc/avr/4.3.3/avr51\libgcc.a(_udivmodsi4.o)
 .bss           0x008003ec        0x0 c:/winavr-20100110/bin/../lib/gcc/avr/4.3.3/avr51\libgcc.a(_prologue.o)
 .bss           0x008003ec        0x0 c:/winavr-20100110/bin/../lib/gcc/avr/4.3.3/avr51\libgcc.a(_epilogue.o)
 .bss           0x008003ec        0x0 c:/winavr-20100110/bin/../lib/gcc/avr/4.3.3/avr51\libgcc.a(_exit.o)
 .bss           0x008003ec        0x0 c:/winavr-20100110/bin/../lib/gcc/avr/4.3.3/avr51\libgcc.a(_clear_bss.o)
 .bss           0x008003ec        0x0 c:/winavr-20100110/bin/../lib/gcc/avr/4.3.3/avr51\libgcc.a(_udivmodhi4.o)
 .bss           0x008003ec        0x0 c:/winavr-20100110/bin/../lib/gcc/avr/4.3.3/../../../../avr/lib/avr51\libc.a(malloc.o)
 .bss           0x008003ec        0x0 c:/winavr-20100110/bin/../lib/gcc/avr/4.3.3/../../../../avr/lib/avr51\libc.a(fdevopen.o)
 .bss           0x008003ec        0x0 c:/winavr-20100110/bin/../lib/gcc/avr/4.3.3/../../../../avr/lib/avr51\libc.a(iob.o)
 .bss           0x008003ec        0x0 c:/winavr-20100110/bin/../lib/gcc/avr/4.3.3/../../../../avr/lib/avr51\libc.a(calloc.o)
 .bss           0x008003ec        0x0 c:/winavr-20100110/bin/../lib/gcc/avr/4.3.3/../../../../avr/lib/avr51\libc.a(memset.o)
 *(.bss*)
 *(COMMON)
 COMMON         0x008003ec        0x4 c:/winavr-20100110/bin/../lib/gcc/avr/4.3.3/../../../../avr/lib/avr51\libc.a(malloc.o)
                0x008003ec                __brkval
                0x008003ee                __flp
 COMMON         0x008003f0        0x6 c:/winavr-20100110/bin/../lib/gcc/avr/4.3.3/../../../../avr/lib/avr51\libc.a(iob.o)
                0x008003f0                __iob
                0x008003f6                PROVIDE (__bss_end, .)
                0x000038ce                __data_load_start = LOADADDR (.data)
                0x00003b9c                __data_load_end = (__data_load_start + SIZEOF (.data))

.noinit         0x008003f6        0x0
                0x008003f6                PROVIDE (__noinit_start, .)
 *(.noinit*)
                0x008003f6                PROVIDE (__noinit_end, .)
                0x008003f6                _end = .
                0x008003f6                PROVIDE (__heap_start, .)

.eeprom         0x00810000        0x0
 *(.eeprom*)
                0x00810000                __eeprom_end = .

.fuse
 *(.fuse)
 *(.lfuse)
 *(.hfuse)
 *(.efuse)

.lock
 *(.lock*)

.signature
 *(.signature*)

.stab           0x00000000     0x27c0
 *(.stab)
 .stab          0x00000000     0x1ecc C:\libpololu-avr\libpololu_atmega1284p.a(OrangutanLCD.o)
 .stab          0x00001ecc      0x8f4 C:\libpololu-avr\libpololu_atmega1284p.a(OrangutanTime.o)
                                0x900 (size before relaxing)

.stabstr        0x00000000     0x2591
 *(.stabstr)
 .stabstr       0x00000000     0x2591 C:\libpololu-avr\libpololu_atmega1284p.a(OrangutanLCD.o)

.stab.excl
 *(.stab.excl)

.stab.exclstr
 *(.stab.exclstr)

.stab.index
 *(.stab.index)

.stab.indexstr
 *(.stab.indexstr)

.comment
 *(.comment)

.debug
 *(.debug)

.line
 *(.line)

.debug_srcinfo
 *(.debug_srcinfo)

.debug_sfnames
 *(.debug_sfnames)

.debug_aranges  0x00000000       0x40
 *(.debug_aranges)
 .debug_aranges
                0x00000000       0x20 DASCH_Plate_Cleaner_Rev2.o
 .debug_aranges
                0x00000020       0x20 twimaster.o

.debug_pubnames
                0x00000000      0x45e
 *(.debug_pubnames)
 .debug_pubnames
                0x00000000      0x3d1 DASCH_Plate_Cleaner_Rev2.o
 .debug_pubnames
                0x000003d1       0x8d twimaster.o

.debug_info     0x00000000     0x1722
 *(.debug_info)
 .debug_info    0x00000000     0x1574 DASCH_Plate_Cleaner_Rev2.o
 .debug_info    0x00001574      0x1ae twimaster.o
 *(.gnu.linkonce.wi.*)

.debug_abbrev   0x00000000      0x3fb
 *(.debug_abbrev)
 .debug_abbrev  0x00000000      0x339 DASCH_Plate_Cleaner_Rev2.o
 .debug_abbrev  0x00000339       0xc2 twimaster.o

.debug_line     0x00000000     0x1f13
 *(.debug_line)
 .debug_line    0x00000000     0x1cd6 DASCH_Plate_Cleaner_Rev2.o
 .debug_line    0x00001cd6      0x23d twimaster.o

.debug_frame    0x00000000      0x1c0
 *(.debug_frame)
 .debug_frame   0x00000000      0x130 DASCH_Plate_Cleaner_Rev2.o
 .debug_frame   0x00000130       0x90 twimaster.o

.debug_str      0x00000000      0xe3f
 *(.debug_str)
 .debug_str     0x00000000      0xd32 DASCH_Plate_Cleaner_Rev2.o
                                0xe19 (size before relaxing)
 .debug_str     0x00000d32      0x10d twimaster.o
                                0x1d1 (size before relaxing)

.debug_loc      0x00000000     0x125f
 *(.debug_loc)
 .debug_loc     0x00000000     0x11a0 DASCH_Plate_Cleaner_Rev2.o
 .debug_loc     0x000011a0       0xbf twimaster.o

.debug_macinfo
 *(.debug_macinfo)
OUTPUT(DASCH_Plate_Cleaner_Rev2.elf elf32-avr)
LOAD linker stubs

.debug_ranges   0x00000000       0x18
 .debug_ranges  0x00000000       0x18 DASCH_Plate_Cleaner_Rev2.o
